Archive member included to satisfy reference by file (symbol)

c:/st/stm32cubeide_1.4.0/stm32cubeide/plugins/com.st.stm32cube.ide.mcu.externaltools.gnu-tools-for-stm32.7-2018-q2-update.win32_1.4.0.202007081208/tools/bin/../lib/gcc/arm-none-eabi/7.3.1/../../../../arm-none-eabi/lib/thumb/v7e-m/fpv4-sp/hard\libc.a(lib_a-assert.o)
                              OpenSSL/src/aes_openssl_core.o (__assert_func)
c:/st/stm32cubeide_1.4.0/stm32cubeide/plugins/com.st.stm32cube.ide.mcu.externaltools.gnu-tools-for-stm32.7-2018-q2-update.win32_1.4.0.202007081208/tools/bin/../lib/gcc/arm-none-eabi/7.3.1/../../../../arm-none-eabi/lib/thumb/v7e-m/fpv4-sp/hard\libc.a(lib_a-errno.o)
                              Core/Src/syscalls.o (__errno)
c:/st/stm32cubeide_1.4.0/stm32cubeide/plugins/com.st.stm32cube.ide.mcu.externaltools.gnu-tools-for-stm32.7-2018-q2-update.win32_1.4.0.202007081208/tools/bin/../lib/gcc/arm-none-eabi/7.3.1/../../../../arm-none-eabi/lib/thumb/v7e-m/fpv4-sp/hard\libc.a(lib_a-exit.o)
                              c:/st/stm32cubeide_1.4.0/stm32cubeide/plugins/com.st.stm32cube.ide.mcu.externaltools.gnu-tools-for-stm32.7-2018-q2-update.win32_1.4.0.202007081208/tools/bin/../lib/gcc/arm-none-eabi/7.3.1/../../../../arm-none-eabi/lib/thumb/v7e-m/fpv4-sp/hard/crt0.o (exit)
c:/st/stm32cubeide_1.4.0/stm32cubeide/plugins/com.st.stm32cube.ide.mcu.externaltools.gnu-tools-for-stm32.7-2018-q2-update.win32_1.4.0.202007081208/tools/bin/../lib/gcc/arm-none-eabi/7.3.1/../../../../arm-none-eabi/lib/thumb/v7e-m/fpv4-sp/hard\libc.a(lib_a-fiprintf.o)
                              c:/st/stm32cubeide_1.4.0/stm32cubeide/plugins/com.st.stm32cube.ide.mcu.externaltools.gnu-tools-for-stm32.7-2018-q2-update.win32_1.4.0.202007081208/tools/bin/../lib/gcc/arm-none-eabi/7.3.1/../../../../arm-none-eabi/lib/thumb/v7e-m/fpv4-sp/hard\libc.a(lib_a-assert.o) (fiprintf)
c:/st/stm32cubeide_1.4.0/stm32cubeide/plugins/com.st.stm32cube.ide.mcu.externaltools.gnu-tools-for-stm32.7-2018-q2-update.win32_1.4.0.202007081208/tools/bin/../lib/gcc/arm-none-eabi/7.3.1/../../../../arm-none-eabi/lib/thumb/v7e-m/fpv4-sp/hard\libc.a(lib_a-impure.o)
                              c:/st/stm32cubeide_1.4.0/stm32cubeide/plugins/com.st.stm32cube.ide.mcu.externaltools.gnu-tools-for-stm32.7-2018-q2-update.win32_1.4.0.202007081208/tools/bin/../lib/gcc/arm-none-eabi/7.3.1/../../../../arm-none-eabi/lib/thumb/v7e-m/fpv4-sp/hard\libc.a(lib_a-exit.o) (_global_impure_ptr)
c:/st/stm32cubeide_1.4.0/stm32cubeide/plugins/com.st.stm32cube.ide.mcu.externaltools.gnu-tools-for-stm32.7-2018-q2-update.win32_1.4.0.202007081208/tools/bin/../lib/gcc/arm-none-eabi/7.3.1/../../../../arm-none-eabi/lib/thumb/v7e-m/fpv4-sp/hard\libc.a(lib_a-init.o)
                              c:/st/stm32cubeide_1.4.0/stm32cubeide/plugins/com.st.stm32cube.ide.mcu.externaltools.gnu-tools-for-stm32.7-2018-q2-update.win32_1.4.0.202007081208/tools/bin/../lib/gcc/arm-none-eabi/7.3.1/../../../../arm-none-eabi/lib/thumb/v7e-m/fpv4-sp/hard/crt0.o (__libc_init_array)
c:/st/stm32cubeide_1.4.0/stm32cubeide/plugins/com.st.stm32cube.ide.mcu.externaltools.gnu-tools-for-stm32.7-2018-q2-update.win32_1.4.0.202007081208/tools/bin/../lib/gcc/arm-none-eabi/7.3.1/../../../../arm-none-eabi/lib/thumb/v7e-m/fpv4-sp/hard\libc.a(lib_a-memcpy-stub.o)
                              tiny-AES-c-master/aes.o (memcpy)
c:/st/stm32cubeide_1.4.0/stm32cubeide/plugins/com.st.stm32cube.ide.mcu.externaltools.gnu-tools-for-stm32.7-2018-q2-update.win32_1.4.0.202007081208/tools/bin/../lib/gcc/arm-none-eabi/7.3.1/../../../../arm-none-eabi/lib/thumb/v7e-m/fpv4-sp/hard\libc.a(lib_a-memset.o)
                              c:/st/stm32cubeide_1.4.0/stm32cubeide/plugins/com.st.stm32cube.ide.mcu.externaltools.gnu-tools-for-stm32.7-2018-q2-update.win32_1.4.0.202007081208/tools/bin/../lib/gcc/arm-none-eabi/7.3.1/../../../../arm-none-eabi/lib/thumb/v7e-m/fpv4-sp/hard/crt0.o (memset)
c:/st/stm32cubeide_1.4.0/stm32cubeide/plugins/com.st.stm32cube.ide.mcu.externaltools.gnu-tools-for-stm32.7-2018-q2-update.win32_1.4.0.202007081208/tools/bin/../lib/gcc/arm-none-eabi/7.3.1/../../../../arm-none-eabi/lib/thumb/v7e-m/fpv4-sp/hard\libc.a(lib_a-printf.o)
                              Core/Src/register.o (printf)
c:/st/stm32cubeide_1.4.0/stm32cubeide/plugins/com.st.stm32cube.ide.mcu.externaltools.gnu-tools-for-stm32.7-2018-q2-update.win32_1.4.0.202007081208/tools/bin/../lib/gcc/arm-none-eabi/7.3.1/../../../../arm-none-eabi/lib/thumb/v7e-m/fpv4-sp/hard\libc.a(lib_a-vfiprintf.o)
                              c:/st/stm32cubeide_1.4.0/stm32cubeide/plugins/com.st.stm32cube.ide.mcu.externaltools.gnu-tools-for-stm32.7-2018-q2-update.win32_1.4.0.202007081208/tools/bin/../lib/gcc/arm-none-eabi/7.3.1/../../../../arm-none-eabi/lib/thumb/v7e-m/fpv4-sp/hard\libc.a(lib_a-fiprintf.o) (_vfiprintf_r)
[...]
Memory Configuration

Name             Origin             Length             Attributes
m_interrupts     0x0000000000000000 0x0000000000000298 xr
m_text           0x0000000010000000 0x0000000000020000 xr
m_data           0x0000000010020000 0x0000000000020000 rw
m_ipc_shm        0x0000000010040000 0x0000000000008000 rw
*default*        0x0000000000000000 0xffffffffffffffff

Linker script and memory map

LOAD c:/st/stm32cubeide_1.4.0/stm32cubeide/plugins/com.st.stm32cube.ide.mcu.externaltools.gnu-tools-for-stm32.7-2018-q2-update.win32_1.4.0.202007081208/tools/bin/../lib/gcc/arm-none-eabi/7.3.1/thumb/v7e-m/fpv4-sp/hard/crti.o
LOAD c:/st/stm32cubeide_1.4.0/stm32cubeide/plugins/com.st.stm32cube.ide.mcu.externaltools.gnu-tools-for-stm32.7-2018-q2-update.win32_1.4.0.202007081208/tools/bin/../lib/gcc/arm-none-eabi/7.3.1/thumb/v7e-m/fpv4-sp/hard/crtbegin.o
LOAD c:/st/stm32cubeide_1.4.0/stm32cubeide/plugins/com.st.stm32cube.ide.mcu.externaltools.gnu-tools-for-stm32.7-2018-q2-update.win32_1.4.0.202007081208/tools/bin/../lib/gcc/arm-none-eabi/7.3.1/../../../../arm-none-eabi/lib/thumb/v7e-m/fpv4-sp/hard/crt0.o
LOAD Core/Src/lock_resource.o
LOAD Core/Src/main_cortex-M4.o
LOAD Core/Src/register.o
LOAD Core/Src/stm32mp1xx_hal_msp.o
LOAD Core/Src/stm32mp1xx_it.o
LOAD Core/Src/syscalls.o
LOAD Core/Src/sysmem.o
LOAD Core/Startup/startup_stm32mp157cacx.o
LOAD Drivers/BSP/stm32mp15xx_disco.o
LOAD Drivers/CMSIS/system_stm32mp1xx.o
LOAD Drivers/STM32MP1xx_HAL_Driver/stm32mp1xx_hal.o
LOAD Drivers/STM32MP1xx_HAL_Driver/stm32mp1xx_hal_cortex.o
LOAD Drivers/STM32MP1xx_HAL_Driver/stm32mp1xx_hal_dma.o
LOAD Drivers/STM32MP1xx_HAL_Driver/stm32mp1xx_hal_dma_ex.o
LOAD Drivers/STM32MP1xx_HAL_Driver/stm32mp1xx_hal_exti.o
LOAD Drivers/STM32MP1xx_HAL_Driver/stm32mp1xx_hal_gpio.o
LOAD Drivers/STM32MP1xx_HAL_Driver/stm32mp1xx_hal_hsem.o
LOAD Drivers/STM32MP1xx_HAL_Driver/stm32mp1xx_hal_mdma.o
LOAD Drivers/STM32MP1xx_HAL_Driver/stm32mp1xx_hal_pwr.o
LOAD Drivers/STM32MP1xx_HAL_Driver/stm32mp1xx_hal_pwr_ex.o
LOAD Drivers/STM32MP1xx_HAL_Driver/stm32mp1xx_hal_rcc.o
LOAD Drivers/STM32MP1xx_HAL_Driver/stm32mp1xx_hal_rcc_ex.o
LOAD Drivers/STM32MP1xx_HAL_Driver/stm32mp1xx_hal_tim.o
LOAD Drivers/STM32MP1xx_HAL_Driver/stm32mp1xx_hal_tim_ex.o
LOAD Drivers/STM32MP1xx_HAL_Driver/stm32mp1xx_hal_uart.o
LOAD Drivers/STM32MP1xx_HAL_Driver/stm32mp1xx_hal_uart_ex.o
LOAD OpenSSL/src/aes_openssl_core.o
LOAD tiny-AES-c-master/aes.o
START GROUP
LOAD c:/st/stm32cubeide_1.4.0/stm32cubeide/plugins/com.st.stm32cube.ide.mcu.externaltools.gnu-tools-for-stm32.7-2018-q2-update.win32_1.4.0.202007081208/tools/bin/../lib/gcc/arm-none-eabi/7.3.1/../../../../arm-none-eabi/lib/thumb/v7e-m/fpv4-sp/hard\libc.a
LOAD c:/st/stm32cubeide_1.4.0/stm32cubeide/plugins/com.st.stm32cube.ide.mcu.externaltools.gnu-tools-for-stm32.7-2018-q2-update.win32_1.4.0.202007081208/tools/bin/../lib/gcc/arm-none-eabi/7.3.1/../../../../arm-none-eabi/lib/thumb/v7e-m/fpv4-sp/hard\libm.a
END GROUP
START GROUP
LOAD c:/st/stm32cubeide_1.4.0/stm32cubeide/plugins/com.st.stm32cube.ide.mcu.externaltools.gnu-tools-for-stm32.7-2018-q2-update.win32_1.4.0.202007081208/tools/bin/../lib/gcc/arm-none-eabi/7.3.1/thumb/v7e-m/fpv4-sp/hard\libgcc.a
LOAD c:/st/stm32cubeide_1.4.0/stm32cubeide/plugins/com.st.stm32cube.ide.mcu.externaltools.gnu-tools-for-stm32.7-2018-q2-update.win32_1.4.0.202007081208/tools/bin/../lib/gcc/arm-none-eabi/7.3.1/../../../../arm-none-eabi/lib/thumb/v7e-m/fpv4-sp/hard\libc.a
END GROUP
START GROUP
LOAD c:/st/stm32cubeide_1.4.0/stm32cubeide/plugins/com.st.stm32cube.ide.mcu.externaltools.gnu-tools-for-stm32.7-2018-q2-update.win32_1.4.0.202007081208/tools/bin/../lib/gcc/arm-none-eabi/7.3.1/thumb/v7e-m/fpv4-sp/hard\libgcc.a
LOAD c:/st/stm32cubeide_1.4.0/stm32cubeide/plugins/com.st.stm32cube.ide.mcu.externaltools.gnu-tools-for-stm32.7-2018-q2-update.win32_1.4.0.202007081208/tools/bin/../lib/gcc/arm-none-eabi/7.3.1/../../../../arm-none-eabi/lib/thumb/v7e-m/fpv4-sp/hard\libc.a
LOAD c:/st/stm32cubeide_1.4.0/stm32cubeide/plugins/com.st.stm32cube.ide.mcu.externaltools.gnu-tools-for-stm32.7-2018-q2-update.win32_1.4.0.202007081208/tools/bin/../lib/gcc/arm-none-eabi/7.3.1/../../../../arm-none-eabi/lib/thumb/v7e-m/fpv4-sp/hard\libnosys.a
END GROUP
LOAD c:/st/stm32cubeide_1.4.0/stm32cubeide/plugins/com.st.stm32cube.ide.mcu.externaltools.gnu-tools-for-stm32.7-2018-q2-update.win32_1.4.0.202007081208/tools/bin/../lib/gcc/arm-none-eabi/7.3.1/thumb/v7e-m/fpv4-sp/hard/crtend.o
LOAD c:/st/stm32cubeide_1.4.0/stm32cubeide/plugins/com.st.stm32cube.ide.mcu.externaltools.gnu-tools-for-stm32.7-2018-q2-update.win32_1.4.0.202007081208/tools/bin/../lib/gcc/arm-none-eabi/7.3.1/thumb/v7e-m/fpv4-sp/hard/crtn.o
                0x0000000010040000                _estack = 0x10040000
                0x0000000000004000                _Min_Heap_Size = 0x4000
                0x0000000000004000                _Min_Stack_Size = 0x4000
                0x0000000010040000                __OPENAMP_region_start__ = ORIGIN (m_ipc_shm)
                0x0000000010048000                __OPENAMP_region_end__ = (ORIGIN (m_ipc_shm) + LENGTH (m_ipc_shm))

.isr_vector     0x0000000000000000      0x298
                0x0000000000000000                . = ALIGN (0x4)
 *(.isr_vector)
 .isr_vector    0x0000000000000000      0x298 Core/Startup/startup_stm32mp157cacx.o
                0x0000000000000000                g_pfnVectors
                0x0000000000000298                . = ALIGN (0x4)

.text           0x0000000010000000     0x2dac
                0x0000000010000000                . = ALIGN (0x4)
 *(.text)
 .text          0x0000000010000000       0x40 c:/st/stm32cubeide_1.4.0/stm32cubeide/plugins/com.st.stm32cube.ide.mcu.externaltools.gnu-tools-for-stm32.7-2018-q2-update.win32_1.4.0.202007081208/tools/bin/../lib/gcc/arm-none-eabi/7.3.1/thumb/v7e-m/fpv4-sp/hard/crtbegin.o
 *(.text*)
 .text.Periph_Lock
                0x0000000010000040      0x11c Core/Src/lock_resource.o
                0x0000000010000040                Periph_Lock
 .text.Periph_Unlock
                0x000000001000015c       0xe8 Core/Src/lock_resource.o
                0x000000001000015c                Periph_Unlock
 .text.main     0x0000000010000244       0x74 Core/Src/main_cortex-M4.o
                0x0000000010000244                main
 .text.MX_GPIO_Init
                0x00000000100002b8       0x2c Core/Src/main_cortex-M4.o
                0x00000000100002b8                MX_GPIO_Init
 .text.MX_DMA_Init
                0x00000000100002e4       0xa0 Core/Src/main_cortex-M4.o
                0x00000000100002e4                MX_DMA_Init
 .text.TransferComplete
                0x0000000010000384       0x20 Core/Src/main_cortex-M4.o
                0x0000000010000384                TransferComplete
 .text.TransferError
                0x00000000100003a4       0x20 Core/Src/main_cortex-M4.o
                0x00000000100003a4                TransferError
 .text.Compute_AES
                0x00000000100003c4      0x2e8 Core/Src/main_cortex-M4.o
                0x00000000100003c4                Compute_AES
 .text.Error_Handler
                0x00000000100006ac       0x14 Core/Src/main_cortex-M4.o
                0x00000000100006ac                Error_Handler
 .text.Write_Register
                0x00000000100006c0       0x20 Core/Src/register.o
                0x00000000100006c0                Write_Register
 .text.Read_Register
                0x00000000100006e0       0x18 Core/Src/register.o
                0x00000000100006e0                Read_Register
 .text.HAL_MspInit
                0x00000000100006f8       0x1a Core/Src/stm32mp1xx_hal_msp.o
                0x00000000100006f8                HAL_MspInit
 .text.NMI_Handler
                0x0000000010000712        0xe Core/Src/stm32mp1xx_it.o
                0x0000000010000712                NMI_Handler
 .text.HardFault_Handler
                0x0000000010000720        0x6 Core/Src/stm32mp1xx_it.o
                0x0000000010000720                HardFault_Handler
 .text.MemManage_Handler
                0x0000000010000726        0x6 Core/Src/stm32mp1xx_it.o
                0x0000000010000726                MemManage_Handler
 .text.BusFault_Handler
                0x000000001000072c        0x6 Core/Src/stm32mp1xx_it.o
                0x000000001000072c                BusFault_Handler
 .text.UsageFault_Handler
                0x0000000010000732        0x6 Core/Src/stm32mp1xx_it.o
                0x0000000010000732                UsageFault_Handler
 .text.SVC_Handler
                0x0000000010000738        0xe Core/Src/stm32mp1xx_it.o
                0x0000000010000738                SVC_Handler
 .text.DebugMon_Handler
                0x0000000010000746        0xe Core/Src/stm32mp1xx_it.o
                0x0000000010000746                DebugMon_Handler
 .text.PendSV_Handler
                0x0000000010000754        0xe Core/Src/stm32mp1xx_it.o
                0x0000000010000754                PendSV_Handler
 .text.SysTick_Handler
                0x0000000010000762        0xc Core/Src/stm32mp1xx_it.o
                0x0000000010000762                SysTick_Handler
 *fill*         0x000000001000076e        0x2 
 .text.DMA2_Stream0_IRQHandler
                0x0000000010000770       0x14 Core/Src/stm32mp1xx_it.o
                0x0000000010000770                DMA2_Stream0_IRQHandler
 .text.Default_Handler
                0x0000000010000784        0x2 Core/Startup/startup_stm32mp157cacx.o
                0x0000000010000784                EXTI2_IRQHandler
                0x0000000010000784                TIM8_TRG_COM_IRQHandler
                0x0000000010000784                TIM8_CC_IRQHandler
                0x0000000010000784                EXTI5_IRQHandler
                0x0000000010000784                UART8_IRQHandler
                0x0000000010000784                SPI4_IRQHandler
                0x0000000010000784                EXTI13_IRQHandler
                0x0000000010000784                TIM1_CC_IRQHandler
                0x0000000010000784                DMA2_Stream5_IRQHandler
                0x0000000010000784                ETH1_WKUP_IRQHandler
                0x0000000010000784                TAMP_IRQHandler
                0x0000000010000784                DMA1_Stream5_IRQHandler
                0x0000000010000784                TIM6_IRQHandler
                0x0000000010000784                EXTI12_IRQHandler
                0x0000000010000784                EXTI3_IRQHandler
                0x0000000010000784                LPTIM4_IRQHandler
                0x0000000010000784                EXTI8_IRQHandler
                0x0000000010000784                LPTIM2_IRQHandler
                0x0000000010000784                DFSDM1_FLT1_IRQHandler
                0x0000000010000784                I2C3_ER_IRQHandler
                0x0000000010000784                DFSDM1_FLT2_IRQHandler
                0x0000000010000784                I2C5_EV_IRQHandler
                0x0000000010000784                MDMA_IRQHandler
                0x0000000010000784                IPCC_TX1_IRQHandler
                0x0000000010000784                LPTIM3_IRQHandler
                0x0000000010000784                EXTI0_IRQHandler
                0x0000000010000784                I2C2_EV_IRQHandler
                0x0000000010000784                DMA1_Stream2_IRQHandler
                0x0000000010000784                FPU_IRQHandler
                0x0000000010000784                USBH_OHCI_IRQHandler
                0x0000000010000784                FDCAN1_IT1_IRQHandler
                0x0000000010000784                LTDC_ER_IRQHandler
                0x0000000010000784                DMA2_Stream2_IRQHandler
                0x0000000010000784                IPCC_RX0_IRQHandler
                0x0000000010000784                OTG_IRQHandler
                0x0000000010000784                SPI1_IRQHandler
                0x0000000010000784                DCMI_IRQHandler
                0x0000000010000784                TIM8_UP_IRQHandler
                0x0000000010000784                DMA2_Stream3_IRQHandler
                0x0000000010000784                USBH_EHCI_IRQHandler
                0x0000000010000784                nCTIIRQ2_IRQHandler
                0x0000000010000784                HASH1_IRQHandler
                0x0000000010000784                GPU_IRQHandler
                0x0000000010000784                SAI2_IRQHandler
                0x0000000010000784                ADC1_IRQHandler
                0x0000000010000784                RESERVED148_IRQHandler
                0x0000000010000784                RTC_TIMESTAMP_IRQHandler
                0x0000000010000784                DFSDM1_FLT3_IRQHandler
                0x0000000010000784                USART6_IRQHandler
                0x0000000010000784                EXTI15_IRQHandler
                0x0000000010000784                TIM17_IRQHandler
                0x0000000010000784                USART3_IRQHandler
                0x0000000010000784                EXTI9_IRQHandler
                0x0000000010000784                LPTIM5_IRQHandler
                0x0000000010000784                UART5_IRQHandler
                0x0000000010000784                TIM4_IRQHandler
                0x0000000010000784                RCC_WAKEUP_IRQHandler
                0x0000000010000784                CRYP2_IRQHandler
                0x0000000010000784                QUADSPI_IRQHandler
                0x0000000010000784                I2C1_EV_IRQHandler
                0x0000000010000784                DMA1_Stream6_IRQHandler
                0x0000000010000784                RESERVED99_IRQHandler
                0x0000000010000784                DMAMUX1_OVR_IRQHandler
                0x0000000010000784                DMA1_Stream1_IRQHandler
                0x0000000010000784                TIM16_IRQHandler
                0x0000000010000784                UART4_IRQHandler
                0x0000000010000784                TIM3_IRQHandler
                0x0000000010000784                RCC_IRQHandler
                0x0000000010000784                TIM1_TRG_COM_IRQHandler
                0x0000000010000784                nCTIIRQ1_IRQHandler
                0x0000000010000784                Default_Handler
                0x0000000010000784                IPCC_RX1_IRQHandler
                0x0000000010000784                CEC_IRQHandler
                0x0000000010000784                DFSDM1_FLT4_IRQHandler
                0x0000000010000784                TIM14_IRQHandler
                0x0000000010000784                I2C5_ER_IRQHandler
                0x0000000010000784                TIM13_IRQHandler
                0x0000000010000784                DMA1_Stream7_IRQHandler
                0x0000000010000784                IPCC_TX0_IRQHandler
                0x0000000010000784                SPI5_IRQHandler
                0x0000000010000784                TIM12_IRQHandler
                0x0000000010000784                TIM7_IRQHandler
                0x0000000010000784                SDMMC1_IRQHandler
                0x0000000010000784                TIM5_IRQHandler
                0x0000000010000784                DMA2_Stream7_IRQHandler
                0x0000000010000784                TIM15_IRQHandler
                0x0000000010000784                PVD_AVD_IRQHandler
                0x0000000010000784                I2C3_EV_IRQHandler
                0x0000000010000784                SDMMC3_IRQHandler
                0x0000000010000784                ETH1_IRQHandler
                0x0000000010000784                LTDC_IRQHandler
                0x0000000010000784                SAI3_IRQHandler
                0x0000000010000784                SPDIF_RX_IRQHandler
                0x0000000010000784                ADC2_IRQHandler
                0x0000000010000784                SPI2_IRQHandler
                0x0000000010000784                DFSDM1_FLT5_IRQHandler
                0x0000000010000784                DMA1_Stream0_IRQHandler
                0x0000000010000784                EXTI14_IRQHandler
                0x0000000010000784                EXTI11_IRQHandler
                0x0000000010000784                CRYP1_IRQHandler
                0x0000000010000784                RNG2_IRQHandler
                0x0000000010000784                RNG1_IRQHandler
                0x0000000010000784                HASH2_IRQHandler
                0x0000000010000784                EXTI4_IRQHandler
                0x0000000010000784                ETH1_LPI_IRQHandler
                0x0000000010000784                FDCAN2_IT1_IRQHandler
                0x0000000010000784                DSI_IRQHandler
                0x0000000010000784                TIM1_UP_IRQHandler
                0x0000000010000784                HSEM_IT2_IRQHandler
                0x0000000010000784                SPI6_IRQHandler
                0x0000000010000784                MDIOS_IRQHandler
                0x0000000010000784                I2C4_EV_IRQHandler
                0x0000000010000784                FDCAN2_IT0_IRQHandler
                0x0000000010000784                I2C6_ER_IRQHandler
                0x0000000010000784                FDCAN1_IT0_IRQHandler
                0x0000000010000784                TIM2_IRQHandler
                0x0000000010000784                EXTI7_IRQHandler
                0x0000000010000784                TIM1_BRK_IRQHandler
                0x0000000010000784                DAC_IRQHandler
                0x0000000010000784                EXTI1_IRQHandler
                0x0000000010000784                SDMMC2_IRQHandler
                0x0000000010000784                DTS_IRQHandler
                0x0000000010000784                UART7_IRQHandler
                0x0000000010000784                USART2_IRQHandler
                0x0000000010000784                I2C6_EV_IRQHandler
                0x0000000010000784                DFSDM1_FLT0_IRQHandler
                0x0000000010000784                SAI4_IRQHandler
                0x0000000010000784                I2C2_ER_IRQHandler
                0x0000000010000784                DMA2_Stream1_IRQHandler
                0x0000000010000784                TIM8_BRK_IRQHandler
                0x0000000010000784                WWDG1_IRQHandler
                0x0000000010000784                DMA2_Stream4_IRQHandler
                0x0000000010000784                USART1_IRQHandler
                0x0000000010000784                RESERVED143_IRQHandler
                0x0000000010000784                EXTI10_IRQHandler
                0x0000000010000784                SPI3_IRQHandler
                0x0000000010000784                WAKEUP_PIN_IRQHandler
                0x0000000010000784                DMA1_Stream4_IRQHandler
                0x0000000010000784                I2C1_ER_IRQHandler
                0x0000000010000784                FMC_IRQHandler
                0x0000000010000784                FDCAN_CAL_IRQHandler
                0x0000000010000784                EXTI6_IRQHandler
                0x0000000010000784                MPU_SEV_IRQHandler
                0x0000000010000784                LPTIM1_IRQHandler
                0x0000000010000784                RTC_WKUP_ALARM_IRQHandler
                0x0000000010000784                I2C4_ER_IRQHandler
                0x0000000010000784                DMA2_Stream6_IRQHandler
                0x0000000010000784                SAI1_IRQHandler
                0x0000000010000784                DMA1_Stream3_IRQHandler
                0x0000000010000784                RESERVED4_IRQHandler
 *fill*         0x0000000010000786        0x2 
 .text.BSP_LED_Init
                0x0000000010000788       0xb8 Drivers/BSP/stm32mp15xx_disco.o
                0x0000000010000788                BSP_LED_Init
 .text.BSP_LED_On
                0x0000000010000840       0x70 Drivers/BSP/stm32mp15xx_disco.o
                0x0000000010000840                BSP_LED_On
 .text.BSP_LED_Off
                0x00000000100008b0       0x70 Drivers/BSP/stm32mp15xx_disco.o
                0x00000000100008b0                BSP_LED_Off
 .text.BSP_LED_Toggle
                0x0000000010000920       0x38 Drivers/BSP/stm32mp15xx_disco.o
                0x0000000010000920                BSP_LED_Toggle
 .text.SystemInit
                0x0000000010000958       0x4c Drivers/CMSIS/system_stm32mp1xx.o
                0x0000000010000958                SystemInit
 .text.HAL_Init
                0x00000000100009a4       0x34 Drivers/STM32MP1xx_HAL_Driver/stm32mp1xx_hal.o
                0x00000000100009a4                HAL_Init
 .text.HAL_InitTick
                0x00000000100009d8       0x6c Drivers/STM32MP1xx_HAL_Driver/stm32mp1xx_hal.o
                0x00000000100009d8                HAL_InitTick
 .text.HAL_IncTick
                0x0000000010000a44       0x28 Drivers/STM32MP1xx_HAL_Driver/stm32mp1xx_hal.o
                0x0000000010000a44                HAL_IncTick
 .text.HAL_GetTick
                0x0000000010000a6c       0x18 Drivers/STM32MP1xx_HAL_Driver/stm32mp1xx_hal.o
                0x0000000010000a6c                HAL_GetTick
 .text.HAL_Delay
                0x0000000010000a84       0x44 Drivers/STM32MP1xx_HAL_Driver/stm32mp1xx_hal.o
                0x0000000010000a84                HAL_Delay
 .text.__NVIC_SetPriorityGrouping
                0x0000000010000ac8       0x48 Drivers/STM32MP1xx_HAL_Driver/stm32mp1xx_hal_cortex.o
 .text.__NVIC_GetPriorityGrouping
                0x0000000010000b10       0x1c Drivers/STM32MP1xx_HAL_Driver/stm32mp1xx_hal_cortex.o
 .text.__NVIC_EnableIRQ
                0x0000000010000b2c       0x3c Drivers/STM32MP1xx_HAL_Driver/stm32mp1xx_hal_cortex.o
 .text.__NVIC_SetPriority
                0x0000000010000b68       0x54 Drivers/STM32MP1xx_HAL_Driver/stm32mp1xx_hal_cortex.o
 .text.NVIC_EncodePriority
                0x0000000010000bbc       0x66 Drivers/STM32MP1xx_HAL_Driver/stm32mp1xx_hal_cortex.o
 *fill*         0x0000000010000c22        0x2 
 .text.SysTick_Config
                0x0000000010000c24       0x44 Drivers/STM32MP1xx_HAL_Driver/stm32mp1xx_hal_cortex.o
 .text.HAL_NVIC_SetPriorityGrouping
                0x0000000010000c68       0x16 Drivers/STM32MP1xx_HAL_Driver/stm32mp1xx_hal_cortex.o
                0x0000000010000c68                HAL_NVIC_SetPriorityGrouping
 .text.HAL_NVIC_SetPriority
                0x0000000010000c7e       0x38 Drivers/STM32MP1xx_HAL_Driver/stm32mp1xx_hal_cortex.o
                0x0000000010000c7e                HAL_NVIC_SetPriority
 .text.HAL_NVIC_EnableIRQ
                0x0000000010000cb6       0x1c Drivers/STM32MP1xx_HAL_Driver/stm32mp1xx_hal_cortex.o
                0x0000000010000cb6                HAL_NVIC_EnableIRQ
 .text.HAL_SYSTICK_Config
                0x0000000010000cd2       0x18 Drivers/STM32MP1xx_HAL_Driver/stm32mp1xx_hal_cortex.o
                0x0000000010000cd2                HAL_SYSTICK_Config
 *fill*         0x0000000010000cea        0x2 
 .text.HAL_DMA_Init
                0x0000000010000cec      0x1f8 Drivers/STM32MP1xx_HAL_Driver/stm32mp1xx_hal_dma.o
                0x0000000010000cec                HAL_DMA_Init
 .text.HAL_DMA_Start_IT
                0x0000000010000ee4      0x10a Drivers/STM32MP1xx_HAL_Driver/stm32mp1xx_hal_dma.o
                0x0000000010000ee4                HAL_DMA_Start_IT
 *fill*         0x0000000010000fee        0x2 
 .text.HAL_DMA_IRQHandler
                0x0000000010000ff0      0x35c Drivers/STM32MP1xx_HAL_Driver/stm32mp1xx_hal_dma.o
                0x0000000010000ff0                HAL_DMA_IRQHandler
 .text.HAL_DMA_RegisterCallback
                0x000000001000134c       0xb4 Drivers/STM32MP1xx_HAL_Driver/stm32mp1xx_hal_dma.o
                0x000000001000134c                HAL_DMA_RegisterCallback
 .text.DMA_SetConfig
                0x0000000010001400       0x8a Drivers/STM32MP1xx_HAL_Driver/stm32mp1xx_hal_dma.o
 *fill*         0x000000001000148a        0x2 
 .text.DMA_CalcBaseAndBitshift
                0x000000001000148c       0x6c Drivers/STM32MP1xx_HAL_Driver/stm32mp1xx_hal_dma.o
 .text.DMA_CheckFifoParam
                0x00000000100014f8       0xf8 Drivers/STM32MP1xx_HAL_Driver/stm32mp1xx_hal_dma.o
 .text.DMA_CalcDMAMUXChannelBaseAndMask
                0x00000000100015f0       0x74 Drivers/STM32MP1xx_HAL_Driver/stm32mp1xx_hal_dma.o
 .text.DMA_CalcDMAMUXRequestGenBaseAndMask
                0x0000000010001664       0x50 Drivers/STM32MP1xx_HAL_Driver/stm32mp1xx_hal_dma.o
 .text.HAL_GPIO_Init
                0x00000000100016b4      0x350 Drivers/STM32MP1xx_HAL_Driver/stm32mp1xx_hal_gpio.o
                0x00000000100016b4                HAL_GPIO_Init
 .text.HAL_GPIO_WritePin
                0x0000000010001a04       0x32 Drivers/STM32MP1xx_HAL_Driver/stm32mp1xx_hal_gpio.o
                0x0000000010001a04                HAL_GPIO_WritePin
 .text.HAL_GPIO_TogglePin
                0x0000000010001a36       0x32 Drivers/STM32MP1xx_HAL_Driver/stm32mp1xx_hal_gpio.o
                0x0000000010001a36                HAL_GPIO_TogglePin
 .text.HAL_HSEM_FastTake
                0x0000000010001a68       0x30 Drivers/STM32MP1xx_HAL_Driver/stm32mp1xx_hal_hsem.o
                0x0000000010001a68                HAL_HSEM_FastTake
 .text.HAL_HSEM_Release
                0x0000000010001a98       0x26 Drivers/STM32MP1xx_HAL_Driver/stm32mp1xx_hal_hsem.o
                0x0000000010001a98                HAL_HSEM_Release
 *fill*         0x0000000010001abe        0x2 
 .text.HAL_RCC_GetPLL3ClockFreq
                0x0000000010001ac0      0x1f4 Drivers/STM32MP1xx_HAL_Driver/stm32mp1xx_hal_rcc.o
                0x0000000010001ac0                HAL_RCC_GetPLL3ClockFreq
 .text.HAL_RCC_GetMCUFreq
                0x0000000010001cb4       0x36 Drivers/STM32MP1xx_HAL_Driver/stm32mp1xx_hal_rcc.o
                0x0000000010001cb4                HAL_RCC_GetMCUFreq
 .text.HAL_RCC_GetSystemCoreClockFreq
                0x0000000010001cea        0xe Drivers/STM32MP1xx_HAL_Driver/stm32mp1xx_hal_rcc.o
                0x0000000010001cea                HAL_RCC_GetSystemCoreClockFreq
 .text.HAL_RCC_GetMCUSSFreq
                0x0000000010001cf8       0x74 Drivers/STM32MP1xx_HAL_Driver/stm32mp1xx_hal_rcc.o
                0x0000000010001cf8                HAL_RCC_GetMCUSSFreq
 .text.AES_set_encrypt_key
                0x0000000010001d6c      0x4e0 OpenSSL/src/aes_openssl_core.o
                0x0000000010001d6c                AES_set_encrypt_key
 .text.AES_encrypt
                0x000000001000224c      0x4cc OpenSSL/src/aes_openssl_core.o
                0x000000001000224c                AES_encrypt
 .text.KeyExpansion
                0x0000000010002718      0x1a8 tiny-AES-c-master/aes.o
 .text.AES_init_ctx
                0x00000000100028c0       0x1c tiny-AES-c-master/aes.o
                0x00000000100028c0                AES_init_ctx
 .text.AddRoundKey
                0x00000000100028dc       0x76 tiny-AES-c-master/aes.o
 *fill*         0x0000000010002952        0x2 
 .text.SubBytes
                0x0000000010002954       0x60 tiny-AES-c-master/aes.o
 .text.ShiftRows
                0x00000000100029b4       0x84 tiny-AES-c-master/aes.o
 .text.xtime    0x0000000010002a38       0x3c tiny-AES-c-master/aes.o
 .text.MixColumns
                0x0000000010002a74      0x168 tiny-AES-c-master/aes.o
 .text.Cipher   0x0000000010002bdc       0x5c tiny-AES-c-master/aes.o
 .text.AES_ECB_encrypt
                0x0000000010002c38       0x1c tiny-AES-c-master/aes.o
                0x0000000010002c38                AES_ECB_encrypt
 .text.__libc_init_array
                0x0000000010002c54       0x48 c:/st/stm32cubeide_1.4.0/stm32cubeide/plugins/com.st.stm32cube.ide.mcu.externaltools.gnu-tools-for-stm32.7-2018-q2-update.win32_1.4.0.202007081208/tools/bin/../lib/gcc/arm-none-eabi/7.3.1/../../../../arm-none-eabi/lib/thumb/v7e-m/fpv4-sp/hard\libc.a(lib_a-init.o)
                0x0000000010002c54                __libc_init_array
 .text.startup.register_fini
                0x0000000010002c9c       0x14 c:/st/stm32cubeide_1.4.0/stm32cubeide/plugins/com.st.stm32cube.ide.mcu.externaltools.gnu-tools-for-stm32.7-2018-q2-update.win32_1.4.0.202007081208/tools/bin/../lib/gcc/arm-none-eabi/7.3.1/../../../../arm-none-eabi/lib/thumb/v7e-m/fpv4-sp/hard\libc.a(lib_a-__call_atexit.o)
 .text.atexit   0x0000000010002cb0        0xc c:/st/stm32cubeide_1.4.0/stm32cubeide/plugins/com.st.stm32cube.ide.mcu.externaltools.gnu-tools-for-stm32.7-2018-q2-update.win32_1.4.0.202007081208/tools/bin/../lib/gcc/arm-none-eabi/7.3.1/../../../../arm-none-eabi/lib/thumb/v7e-m/fpv4-sp/hard\libc.a(lib_a-atexit.o)
                0x0000000010002cb0                atexit
 .text.__libc_fini_array
                0x0000000010002cbc       0x28 c:/st/stm32cubeide_1.4.0/stm32cubeide/plugins/com.st.stm32cube.ide.mcu.externaltools.gnu-tools-for-stm32.7-2018-q2-update.win32_1.4.0.202007081208/tools/bin/../lib/gcc/arm-none-eabi/7.3.1/../../../../arm-none-eabi/lib/thumb/v7e-m/fpv4-sp/hard\libc.a(lib_a-fini.o)
                0x0000000010002cbc                __libc_fini_array
 .text.__retarget_lock_acquire_recursive
                0x0000000010002ce4        0x2 c:/st/stm32cubeide_1.4.0/stm32cubeide/plugins/com.st.stm32cube.ide.mcu.externaltools.gnu-tools-for-stm32.7-2018-q2-update.win32_1.4.0.202007081208/tools/bin/../lib/gcc/arm-none-eabi/7.3.1/../../../../arm-none-eabi/lib/thumb/v7e-m/fpv4-sp/hard\libc.a(lib_a-lock.o)
                0x0000000010002ce4                __retarget_lock_acquire_recursive
 .text.__retarget_lock_release_recursive
                0x0000000010002ce6        0x2 c:/st/stm32cubeide_1.4.0/stm32cubeide/plugins/com.st.stm32cube.ide.mcu.externaltools.gnu-tools-for-stm32.7-2018-q2-update.win32_1.4.0.202007081208/tools/bin/../lib/gcc/arm-none-eabi/7.3.1/../../../../arm-none-eabi/lib/thumb/v7e-m/fpv4-sp/hard\libc.a(lib_a-lock.o)
                0x0000000010002ce6                __retarget_lock_release_recursive
 .text.__register_exitproc
                0x0000000010002ce8       0xac c:/st/stm32cubeide_1.4.0/stm32cubeide/plugins/com.st.stm32cube.ide.mcu.externaltools.gnu-tools-for-stm32.7-2018-q2-update.win32_1.4.0.202007081208/tools/bin/../lib/gcc/arm-none-eabi/7.3.1/../../../../arm-none-eabi/lib/thumb/v7e-m/fpv4-sp/hard\libc.a(lib_a-__atexit.o)
                0x0000000010002ce8                __register_exitproc
 *(.glue_7)
 .glue_7        0x0000000010002d94        0x0 linker stubs
 *(.glue_7t)
 .glue_7t       0x0000000010002d94        0x0 linker stubs
 *(.eh_frame)
 .eh_frame      0x0000000010002d94        0x0 c:/st/stm32cubeide_1.4.0/stm32cubeide/plugins/com.st.stm32cube.ide.mcu.externaltools.gnu-tools-for-stm32.7-2018-q2-update.win32_1.4.0.202007081208/tools/bin/../lib/gcc/arm-none-eabi/7.3.1/thumb/v7e-m/fpv4-sp/hard/crtbegin.o
 *(.init)
 .init          0x0000000010002d94        0x4 c:/st/stm32cubeide_1.4.0/stm32cubeide/plugins/com.st.stm32cube.ide.mcu.externaltools.gnu-tools-for-stm32.7-2018-q2-update.win32_1.4.0.202007081208/tools/bin/../lib/gcc/arm-none-eabi/7.3.1/thumb/v7e-m/fpv4-sp/hard/crti.o
                0x0000000010002d94                _init
 .init          0x0000000010002d98        0x8 c:/st/stm32cubeide_1.4.0/stm32cubeide/plugins/com.st.stm32cube.ide.mcu.externaltools.gnu-tools-for-stm32.7-2018-q2-update.win32_1.4.0.202007081208/tools/bin/../lib/gcc/arm-none-eabi/7.3.1/thumb/v7e-m/fpv4-sp/hard/crtn.o
 *(.fini)
 .fini          0x0000000010002da0        0x4 c:/st/stm32cubeide_1.4.0/stm32cubeide/plugins/com.st.stm32cube.ide.mcu.externaltools.gnu-tools-for-stm32.7-2018-q2-update.win32_1.4.0.202007081208/tools/bin/../lib/gcc/arm-none-eabi/7.3.1/thumb/v7e-m/fpv4-sp/hard/crti.o
                0x0000000010002da0                _fini
 .fini          0x0000000010002da4        0x8 c:/st/stm32cubeide_1.4.0/stm32cubeide/plugins/com.st.stm32cube.ide.mcu.externaltools.gnu-tools-for-stm32.7-2018-q2-update.win32_1.4.0.202007081208/tools/bin/../lib/gcc/arm-none-eabi/7.3.1/thumb/v7e-m/fpv4-sp/hard/crtn.o
                0x0000000010002dac                . = ALIGN (0x4)
                0x0000000010002dac                _etext = .

.vfp11_veneer   0x0000000010002dac        0x0
 .vfp11_veneer  0x0000000010002dac        0x0 linker stubs

.v4_bx          0x0000000010002dac        0x0
 .v4_bx         0x0000000010002dac        0x0 linker stubs

.iplt           0x0000000010002dac        0x0
 .iplt          0x0000000010002dac        0x0 c:/st/stm32cubeide_1.4.0/stm32cubeide/plugins/com.st.stm32cube.ide.mcu.externaltools.gnu-tools-for-stm32.7-2018-q2-update.win32_1.4.0.202007081208/tools/bin/../lib/gcc/arm-none-eabi/7.3.1/thumb/v7e-m/fpv4-sp/hard/crtbegin.o

.startup_copro_fw.Reset_Handler
                0x0000000010002dac       0x50
 .startup_copro_fw.Reset_Handler
                0x0000000010002dac       0x50 Core/Startup/startup_stm32mp157cacx.o
                0x0000000010002dac                Reset_Handler

.rodata         0x0000000010002dfc     0x1160
                0x0000000010002dfc                . = ALIGN (0x4)
 *(.rodata)
 .rodata        0x0000000010002dfc       0x10 Core/Src/main_cortex-M4.o
 *(.rodata*)
 .rodata.LED_PIN
                0x0000000010002e0c       0x10 Drivers/BSP/stm32mp15xx_disco.o
 .rodata.flagBitshiftOffset.10765
                0x0000000010002e1c        0x8 Drivers/STM32MP1xx_HAL_Driver/stm32mp1xx_hal_dma.o
 .rodata.Te0    0x0000000010002e24      0x400 OpenSSL/src/aes_openssl_core.o
 .rodata.Te1    0x0000000010003224      0x400 OpenSSL/src/aes_openssl_core.o
 .rodata.Te2    0x0000000010003624      0x400 OpenSSL/src/aes_openssl_core.o
 .rodata.Te3    0x0000000010003a24      0x400 OpenSSL/src/aes_openssl_core.o
 .rodata.rcon   0x0000000010003e24       0x28 OpenSSL/src/aes_openssl_core.o
 .rodata.sbox   0x0000000010003e4c      0x100 tiny-AES-c-master/aes.o
 .rodata.Rcon   0x0000000010003f4c        0xb tiny-AES-c-master/aes.o
 *fill*         0x0000000010003f57        0x1 
 .rodata._global_impure_ptr
                0x0000000010003f58        0x4 c:/st/stm32cubeide_1.4.0/stm32cubeide/plugins/com.st.stm32cube.ide.mcu.externaltools.gnu-tools-for-stm32.7-2018-q2-update.win32_1.4.0.202007081208/tools/bin/../lib/gcc/arm-none-eabi/7.3.1/../../../../arm-none-eabi/lib/thumb/v7e-m/fpv4-sp/hard\libc.a(lib_a-impure.o)
                0x0000000010003f58                _global_impure_ptr
                0x0000000010003f5c                . = ALIGN (0x4)

.rel.dyn        0x0000000010003f5c        0x0
 .rel.iplt      0x0000000010003f5c        0x0 c:/st/stm32cubeide_1.4.0/stm32cubeide/plugins/com.st.stm32cube.ide.mcu.externaltools.gnu-tools-for-stm32.7-2018-q2-update.win32_1.4.0.202007081208/tools/bin/../lib/gcc/arm-none-eabi/7.3.1/thumb/v7e-m/fpv4-sp/hard/crtbegin.o

.ARM.extab      0x0000000010003f5c        0x0
                0x0000000010003f5c                . = ALIGN (0x4)
 *(.ARM.extab* .gnu.linkonce.armextab.*)
                0x0000000010003f5c                . = ALIGN (0x4)

.ARM            0x0000000010003f5c        0x0
                0x0000000010003f5c                . = ALIGN (0x4)
                0x0000000010003f5c                __exidx_start = .
 *(.ARM.exidx*)
                0x0000000010003f5c                __exidx_end = .
                0x0000000010003f5c                . = ALIGN (0x4)

.preinit_array  0x0000000010003f5c        0x0
                0x0000000010003f5c                . = ALIGN (0x4)
                0x0000000010003f5c                PROVIDE (__preinit_array_start = .)
 *(.preinit_array*)
                0x0000000010003f5c                PROVIDE (__preinit_array_end = .)
                0x0000000010003f5c                . = ALIGN (0x4)

.init_array     0x0000000010003f5c        0x8
                0x0000000010003f5c                . = ALIGN (0x4)
                0x0000000010003f5c                PROVIDE (__init_array_start = .)
 *(SORT_BY_NAME(.init_array.*))
 .init_array.00000
                0x0000000010003f5c        0x4 c:/st/stm32cubeide_1.4.0/stm32cubeide/plugins/com.st.stm32cube.ide.mcu.externaltools.gnu-tools-for-stm32.7-2018-q2-update.win32_1.4.0.202007081208/tools/bin/../lib/gcc/arm-none-eabi/7.3.1/../../../../arm-none-eabi/lib/thumb/v7e-m/fpv4-sp/hard\libc.a(lib_a-__call_atexit.o)
 *(.init_array*)
 .init_array    0x0000000010003f60        0x4 c:/st/stm32cubeide_1.4.0/stm32cubeide/plugins/com.st.stm32cube.ide.mcu.externaltools.gnu-tools-for-stm32.7-2018-q2-update.win32_1.4.0.202007081208/tools/bin/../lib/gcc/arm-none-eabi/7.3.1/thumb/v7e-m/fpv4-sp/hard/crtbegin.o
                0x0000000010003f64                PROVIDE (__init_array_end = .)
                0x0000000010003f64                . = ALIGN (0x4)

.fini_array     0x0000000010003f64        0x4
                0x0000000010003f64                . = ALIGN (0x4)
                0x0000000010003f64                PROVIDE (__fini_array_start = .)
 *(SORT_BY_NAME(.fini_array.*))
 *(.fini_array*)
 .fini_array    0x0000000010003f64        0x4 c:/st/stm32cubeide_1.4.0/stm32cubeide/plugins/com.st.stm32cube.ide.mcu.externaltools.gnu-tools-for-stm32.7-2018-q2-update.win32_1.4.0.202007081208/tools/bin/../lib/gcc/arm-none-eabi/7.3.1/thumb/v7e-m/fpv4-sp/hard/crtbegin.o
                0x0000000010003f68                PROVIDE (__fini_array_end = .)
                0x0000000010003f68                . = ALIGN (0x4)
                0x0000000010003f68                __DATA_ROM = .
                0x0000000010003f68                _sidata = LOADADDR (.data)

.data           0x0000000010020000      0x44c load address 0x0000000010003f68
                0x0000000010020000                . = ALIGN (0x4)
                0x0000000010020000                _sdata = .
 *(.data)
 *(.data*)
 .data.LED_PORT
                0x0000000010020000       0x10 Drivers/BSP/stm32mp15xx_disco.o
 .data.SystemCoreClock
                0x0000000010020010        0x4 Drivers/CMSIS/system_stm32mp1xx.o
                0x0000000010020010                SystemCoreClock
 .data.uwTickPrio
                0x0000000010020014        0x4 Drivers/STM32MP1xx_HAL_Driver/stm32mp1xx_hal.o
                0x0000000010020014                uwTickPrio
 .data.uwTickFreq
                0x0000000010020018        0x1 Drivers/STM32MP1xx_HAL_Driver/stm32mp1xx_hal.o
                0x0000000010020018                uwTickFreq
 *fill*         0x0000000010020019        0x7 
 .data.impure_data
                0x0000000010020020      0x428 c:/st/stm32cubeide_1.4.0/stm32cubeide/plugins/com.st.stm32cube.ide.mcu.externaltools.gnu-tools-for-stm32.7-2018-q2-update.win32_1.4.0.202007081208/tools/bin/../lib/gcc/arm-none-eabi/7.3.1/../../../../arm-none-eabi/lib/thumb/v7e-m/fpv4-sp/hard\libc.a(lib_a-impure.o)
 .data.__atexit_recursive_mutex
                0x0000000010020448        0x4 c:/st/stm32cubeide_1.4.0/stm32cubeide/plugins/com.st.stm32cube.ide.mcu.externaltools.gnu-tools-for-stm32.7-2018-q2-update.win32_1.4.0.202007081208/tools/bin/../lib/gcc/arm-none-eabi/7.3.1/../../../../arm-none-eabi/lib/thumb/v7e-m/fpv4-sp/hard\libc.a(lib_a-__call_atexit.o)
                0x0000000010020448                __atexit_recursive_mutex
                0x000000001002044c                . = ALIGN (0x4)
                0x000000001002044c                _edata = .
                0x00000000100043b4                __DATA_END = (__DATA_ROM + (_edata - _sdata))
                0x0000000010020000                text_end = (ORIGIN (m_text) + LENGTH (m_text))
                0x0000000000000001                ASSERT ((__DATA_END <= text_end), region m_text overflowed with text and data)

.igot.plt       0x000000001002044c        0x0 load address 0x00000000100043b4
 .igot.plt      0x000000001002044c        0x0 c:/st/stm32cubeide_1.4.0/stm32cubeide/plugins/com.st.stm32cube.ide.mcu.externaltools.gnu-tools-for-stm32.7-2018-q2-update.win32_1.4.0.202007081208/tools/bin/../lib/gcc/arm-none-eabi/7.3.1/thumb/v7e-m/fpv4-sp/hard/crtbegin.o

.resource_table
                0x000000001002044c        0x0
                0x000000001002044c                . = ALIGN (0x4)
 *(.resource_table*)
                0x000000001002044c                . = ALIGN (0x4)
                0x000000001002044c                . = ALIGN (0x4)

.bss            0x000000001002044c     0x3f30 load address 0x00000000100043b4
                0x000000001002044c                _sbss = .
                0x000000001002044c                __bss_start__ = _sbss
 *(.bss)
 .bss           0x000000001002044c       0x1c c:/st/stm32cubeide_1.4.0/stm32cubeide/plugins/com.st.stm32cube.ide.mcu.externaltools.gnu-tools-for-stm32.7-2018-q2-update.win32_1.4.0.202007081208/tools/bin/../lib/gcc/arm-none-eabi/7.3.1/thumb/v7e-m/fpv4-sp/hard/crtbegin.o
 *(.bss*)
 .bss.aDST_Buffer
                0x0000000010020468     0x3e80 Core/Src/main_cortex-M4.o
 .bss.transferErrorDetected
                0x00000000100242e8        0x4 Core/Src/main_cortex-M4.o
 .bss.selectCrypto
                0x00000000100242ec        0x1 Core/Src/main_cortex-M4.o
                0x00000000100242ec                selectCrypto
 *(COMMON)
 *fill*         0x00000000100242ed        0x3 
 COMMON         0x00000000100242f0       0x7c Core/Src/main_cortex-M4.o
                0x00000000100242f0                hdma_memtomem_dma2_stream0
                0x0000000010024368                transferComplete
 COMMON         0x000000001002436c        0x4 Drivers/STM32MP1xx_HAL_Driver/stm32mp1xx_hal.o
                0x000000001002436c                uwTick
 COMMON         0x0000000010024370        0x9 c:/st/stm32cubeide_1.4.0/stm32cubeide/plugins/com.st.stm32cube.ide.mcu.externaltools.gnu-tools-for-stm32.7-2018-q2-update.win32_1.4.0.202007081208/tools/bin/../lib/gcc/arm-none-eabi/7.3.1/../../../../arm-none-eabi/lib/thumb/v7e-m/fpv4-sp/hard\libc.a(lib_a-lock.o)
                0x0000000010024370                __lock___atexit_recursive_mutex
                0x0000000010024371                __lock___arc4random_mutex
                0x0000000010024372                __lock___env_recursive_mutex
                0x0000000010024373                __lock___sinit_recursive_mutex
                0x0000000010024374                __lock___malloc_recursive_mutex
                0x0000000010024375                __lock___at_quick_exit_mutex
                0x0000000010024376                __lock___dd_hash_mutex
                0x0000000010024377                __lock___tz_mutex
                0x0000000010024378                __lock___sfp_recursive_mutex
                0x000000001002437c                . = ALIGN (0x4)
 *fill*         0x0000000010024379        0x3 
                0x000000001002437c                _ebss = .
                0x000000001002437c                __bss_end__ = _ebss

._user_heap_stack
                0x000000001002437c     0x8004 load address 0x00000000100082e4
                0x0000000010024380                . = ALIGN (0x8)
 *fill*         0x000000001002437c        0x4 
                [!provide]                        PROVIDE (end = .)
                0x0000000010024380                PROVIDE (_end = .)
                0x0000000010028380                . = (. + _Min_Heap_Size)
 *fill*         0x0000000010024380     0x4000 
                0x000000001002c380                . = (. + _Min_Stack_Size)
 *fill*         0x0000000010028380     0x4000 
                0x000000001002c380                . = ALIGN (0x8)

/DISCARD/
 libc.a(*)
 libm.a(*)
 libgcc.a(*)

.ARM.attributes
                0x0000000000000000       0x30
 *(.ARM.attributes)
 .ARM.attributes
                0x0000000000000000       0x22 c:/st/stm32cubeide_1.4.0/stm32cubeide/plugins/com.st.stm32cube.ide.mcu.externaltools.gnu-tools-for-stm32.7-2018-q2-update.win32_1.4.0.202007081208/tools/bin/../lib/gcc/arm-none-eabi/7.3.1/thumb/v7e-m/fpv4-sp/hard/crti.o
 .ARM.attributes
                0x0000000000000022       0x34 c:/st/stm32cubeide_1.4.0/stm32cubeide/plugins/com.st.stm32cube.ide.mcu.externaltools.gnu-tools-for-stm32.7-2018-q2-update.win32_1.4.0.202007081208/tools/bin/../lib/gcc/arm-none-eabi/7.3.1/thumb/v7e-m/fpv4-sp/hard/crtbegin.o
 .ARM.attributes
                0x0000000000000056       0x39 Core/Src/lock_resource.o
 .ARM.attributes
                0x000000000000008f       0x39 Core/Src/main_cortex-M4.o
 .ARM.attributes
                0x00000000000000c8       0x39 Core/Src/register.o
 .ARM.attributes
                0x0000000000000101       0x39 Core/Src/stm32mp1xx_hal_msp.o
 .ARM.attributes
                0x000000000000013a       0x39 Core/Src/stm32mp1xx_it.o
 .ARM.attributes
                0x0000000000000173       0x21 Core/Startup/startup_stm32mp157cacx.o
 .ARM.attributes
                0x0000000000000194       0x39 Drivers/BSP/stm32mp15xx_disco.o
 .ARM.attributes
                0x00000000000001cd       0x39 Drivers/CMSIS/system_stm32mp1xx.o
 .ARM.attributes
                0x0000000000000206       0x39 Drivers/STM32MP1xx_HAL_Driver/stm32mp1xx_hal.o
 .ARM.attributes
                0x000000000000023f       0x39 Drivers/STM32MP1xx_HAL_Driver/stm32mp1xx_hal_cortex.o
 .ARM.attributes
                0x0000000000000278       0x39 Drivers/STM32MP1xx_HAL_Driver/stm32mp1xx_hal_dma.o
 .ARM.attributes
                0x00000000000002b1       0x39 Drivers/STM32MP1xx_HAL_Driver/stm32mp1xx_hal_gpio.o
 .ARM.attributes
                0x00000000000002ea       0x39 Drivers/STM32MP1xx_HAL_Driver/stm32mp1xx_hal_hsem.o
 .ARM.attributes
                0x0000000000000323       0x39 Drivers/STM32MP1xx_HAL_Driver/stm32mp1xx_hal_rcc.o
 .ARM.attributes
                0x000000000000035c       0x39 OpenSSL/src/aes_openssl_core.o
 .ARM.attributes
                0x0000000000000395       0x39 tiny-AES-c-master/aes.o
 .ARM.attributes
                0x00000000000003ce       0x34 c:/st/stm32cubeide_1.4.0/stm32cubeide/plugins/com.st.stm32cube.ide.mcu.externaltools.gnu-tools-for-stm32.7-2018-q2-update.win32_1.4.0.202007081208/tools/bin/../lib/gcc/arm-none-eabi/7.3.1/../../../../arm-none-eabi/lib/thumb/v7e-m/fpv4-sp/hard\libc.a(lib_a-impure.o)
 .ARM.attributes
                0x0000000000000402       0x34 c:/st/stm32cubeide_1.4.0/stm32cubeide/plugins/com.st.stm32cube.ide.mcu.externaltools.gnu-tools-for-stm32.7-2018-q2-update.win32_1.4.0.202007081208/tools/bin/../lib/gcc/arm-none-eabi/7.3.1/../../../../arm-none-eabi/lib/thumb/v7e-m/fpv4-sp/hard\libc.a(lib_a-init.o)
 .ARM.attributes
                0x0000000000000436       0x34 c:/st/stm32cubeide_1.4.0/stm32cubeide/plugins/com.st.stm32cube.ide.mcu.externaltools.gnu-tools-for-stm32.7-2018-q2-update.win32_1.4.0.202007081208/tools/bin/../lib/gcc/arm-none-eabi/7.3.1/../../../../arm-none-eabi/lib/thumb/v7e-m/fpv4-sp/hard\libc.a(lib_a-__call_atexit.o)
 .ARM.attributes
                0x000000000000046a       0x34 c:/st/stm32cubeide_1.4.0/stm32cubeide/plugins/com.st.stm32cube.ide.mcu.externaltools.gnu-tools-for-stm32.7-2018-q2-update.win32_1.4.0.202007081208/tools/bin/../lib/gcc/arm-none-eabi/7.3.1/../../../../arm-none-eabi/lib/thumb/v7e-m/fpv4-sp/hard\libc.a(lib_a-atexit.o)
 .ARM.attributes
                0x000000000000049e       0x34 c:/st/stm32cubeide_1.4.0/stm32cubeide/plugins/com.st.stm32cube.ide.mcu.externaltools.gnu-tools-for-stm32.7-2018-q2-update.win32_1.4.0.202007081208/tools/bin/../lib/gcc/arm-none-eabi/7.3.1/../../../../arm-none-eabi/lib/thumb/v7e-m/fpv4-sp/hard\libc.a(lib_a-fini.o)
 .ARM.attributes
                0x00000000000004d2       0x34 c:/st/stm32cubeide_1.4.0/stm32cubeide/plugins/com.st.stm32cube.ide.mcu.externaltools.gnu-tools-for-stm32.7-2018-q2-update.win32_1.4.0.202007081208/tools/bin/../lib/gcc/arm-none-eabi/7.3.1/../../../../arm-none-eabi/lib/thumb/v7e-m/fpv4-sp/hard\libc.a(lib_a-lock.o)
 .ARM.attributes
                0x0000000000000506       0x34 c:/st/stm32cubeide_1.4.0/stm32cubeide/plugins/com.st.stm32cube.ide.mcu.externaltools.gnu-tools-for-stm32.7-2018-q2-update.win32_1.4.0.202007081208/tools/bin/../lib/gcc/arm-none-eabi/7.3.1/../../../../arm-none-eabi/lib/thumb/v7e-m/fpv4-sp/hard\libc.a(lib_a-__atexit.o)
 .ARM.attributes
                0x000000000000053a       0x22 c:/st/stm32cubeide_1.4.0/stm32cubeide/plugins/com.st.stm32cube.ide.mcu.externaltools.gnu-tools-for-stm32.7-2018-q2-update.win32_1.4.0.202007081208/tools/bin/../lib/gcc/arm-none-eabi/7.3.1/thumb/v7e-m/fpv4-sp/hard/crtn.o
OUTPUT(SideLine_CM4.elf elf32-littlearm)

.debug_info     0x0000000000000000    0x152cd
 .debug_info    0x0000000000000000      0xf39 Core/Src/lock_resource.o
 .debug_info    0x0000000000000f39     0x2346 Core/Src/main_cortex-M4.o
 .debug_info    0x000000000000327f      0xab1 Core/Src/register.o
 .debug_info    0x0000000000003d30     0x29c4 Core/Src/stm32mp1xx_hal_msp.o
 .debug_info    0x00000000000066f4      0xe05 Core/Src/stm32mp1xx_it.o
 .debug_info    0x00000000000074f9       0x22 Core/Startup/startup_stm32mp157cacx.o
 .debug_info    0x000000000000751b     0x22e4 Drivers/BSP/stm32mp15xx_disco.o
 .debug_info    0x00000000000097ff     0x1a86 Drivers/CMSIS/system_stm32mp1xx.o
 .debug_info    0x000000000000b285     0x1573 Drivers/STM32MP1xx_HAL_Driver/stm32mp1xx_hal.o
 .debug_info    0x000000000000c7f8     0x172e Drivers/STM32MP1xx_HAL_Driver/stm32mp1xx_hal_cortex.o
 .debug_info    0x000000000000df26     0x1364 Drivers/STM32MP1xx_HAL_Driver/stm32mp1xx_hal_dma.o
 .debug_info    0x000000000000f28a     0x126c Drivers/STM32MP1xx_HAL_Driver/stm32mp1xx_hal_gpio.o
 .debug_info    0x00000000000104f6      0xcd7 Drivers/STM32MP1xx_HAL_Driver/stm32mp1xx_hal_hsem.o
 .debug_info    0x00000000000111cd     0x24a7 Drivers/STM32MP1xx_HAL_Driver/stm32mp1xx_hal_rcc.o
 .debug_info    0x0000000000013674      0xcdc OpenSSL/src/aes_openssl_core.o
 .debug_info    0x0000000000014350      0xf7d tiny-AES-c-master/aes.o

.debug_abbrev   0x0000000000000000     0x2768
 .debug_abbrev  0x0000000000000000      0x230 Core/Src/lock_resource.o
 .debug_abbrev  0x0000000000000230      0x2d5 Core/Src/main_cortex-M4.o
 .debug_abbrev  0x0000000000000505      0x22e Core/Src/register.o
 .debug_abbrev  0x0000000000000733      0x248 Core/Src/stm32mp1xx_hal_msp.o
 .debug_abbrev  0x000000000000097b      0x21b Core/Src/stm32mp1xx_it.o
 .debug_abbrev  0x0000000000000b96       0x12 Core/Startup/startup_stm32mp157cacx.o
 .debug_abbrev  0x0000000000000ba8      0x2e1 Drivers/BSP/stm32mp15xx_disco.o
 .debug_abbrev  0x0000000000000e89      0x21d Drivers/CMSIS/system_stm32mp1xx.o
 .debug_abbrev  0x00000000000010a6      0x2fe Drivers/STM32MP1xx_HAL_Driver/stm32mp1xx_hal.o
 .debug_abbrev  0x00000000000013a4      0x3cd Drivers/STM32MP1xx_HAL_Driver/stm32mp1xx_hal_cortex.o
 .debug_abbrev  0x0000000000001771      0x2b2 Drivers/STM32MP1xx_HAL_Driver/stm32mp1xx_hal_dma.o
 .debug_abbrev  0x0000000000001a23      0x28d Drivers/STM32MP1xx_HAL_Driver/stm32mp1xx_hal_gpio.o
 .debug_abbrev  0x0000000000001cb0      0x2c7 Drivers/STM32MP1xx_HAL_Driver/stm32mp1xx_hal_hsem.o
 .debug_abbrev  0x0000000000001f77      0x2f1 Drivers/STM32MP1xx_HAL_Driver/stm32mp1xx_hal_rcc.o
 .debug_abbrev  0x0000000000002268      0x261 OpenSSL/src/aes_openssl_core.o
 .debug_abbrev  0x00000000000024c9      0x29f tiny-AES-c-master/aes.o

.debug_aranges  0x0000000000000000      0x868
 .debug_aranges
                0x0000000000000000       0x28 Core/Src/lock_resource.o
 .debug_aranges
                0x0000000000000028       0x50 Core/Src/main_cortex-M4.o
 .debug_aranges
                0x0000000000000078       0x48 Core/Src/register.o
 .debug_aranges
                0x00000000000000c0       0x30 Core/Src/stm32mp1xx_hal_msp.o
 .debug_aranges
                0x00000000000000f0       0x68 Core/Src/stm32mp1xx_it.o
 .debug_aranges
                0x0000000000000158       0x28 Core/Startup/startup_stm32mp157cacx.o
 .debug_aranges
                0x0000000000000180       0xa0 Drivers/BSP/stm32mp15xx_disco.o
 .debug_aranges
                0x0000000000000220       0x28 Drivers/CMSIS/system_stm32mp1xx.o
 .debug_aranges
                0x0000000000000248      0x160 Drivers/STM32MP1xx_HAL_Driver/stm32mp1xx_hal.o
 .debug_aranges
                0x00000000000003a8      0x100 Drivers/STM32MP1xx_HAL_Driver/stm32mp1xx_hal_cortex.o
 .debug_aranges
                0x00000000000004a8       0xa0 Drivers/STM32MP1xx_HAL_Driver/stm32mp1xx_hal_dma.o
 .debug_aranges
                0x0000000000000548       0x60 Drivers/STM32MP1xx_HAL_Driver/stm32mp1xx_hal_gpio.o
 .debug_aranges
                0x00000000000005a8       0x70 Drivers/STM32MP1xx_HAL_Driver/stm32mp1xx_hal_hsem.o
 .debug_aranges
                0x0000000000000618      0x160 Drivers/STM32MP1xx_HAL_Driver/stm32mp1xx_hal_rcc.o
 .debug_aranges
                0x0000000000000778       0x38 OpenSSL/src/aes_openssl_core.o
 .debug_aranges
                0x00000000000007b0       0xb8 tiny-AES-c-master/aes.o

.debug_ranges   0x0000000000000000      0x770
 .debug_ranges  0x0000000000000000       0x18 Core/Src/lock_resource.o
 .debug_ranges  0x0000000000000018       0x40 Core/Src/main_cortex-M4.o
 .debug_ranges  0x0000000000000058       0x38 Core/Src/register.o
 .debug_ranges  0x0000000000000090       0x20 Core/Src/stm32mp1xx_hal_msp.o
 .debug_ranges  0x00000000000000b0       0x58 Core/Src/stm32mp1xx_it.o
 .debug_ranges  0x0000000000000108       0x20 Core/Startup/startup_stm32mp157cacx.o
 .debug_ranges  0x0000000000000128       0x90 Drivers/BSP/stm32mp15xx_disco.o
 .debug_ranges  0x00000000000001b8       0x18 Drivers/CMSIS/system_stm32mp1xx.o
 .debug_ranges  0x00000000000001d0      0x150 Drivers/STM32MP1xx_HAL_Driver/stm32mp1xx_hal.o
 .debug_ranges  0x0000000000000320       0xf0 Drivers/STM32MP1xx_HAL_Driver/stm32mp1xx_hal_cortex.o
 .debug_ranges  0x0000000000000410       0x90 Drivers/STM32MP1xx_HAL_Driver/stm32mp1xx_hal_dma.o
 .debug_ranges  0x00000000000004a0       0x50 Drivers/STM32MP1xx_HAL_Driver/stm32mp1xx_hal_gpio.o
 .debug_ranges  0x00000000000004f0       0x60 Drivers/STM32MP1xx_HAL_Driver/stm32mp1xx_hal_hsem.o
 .debug_ranges  0x0000000000000550      0x150 Drivers/STM32MP1xx_HAL_Driver/stm32mp1xx_hal_rcc.o
 .debug_ranges  0x00000000000006a0       0x28 OpenSSL/src/aes_openssl_core.o
 .debug_ranges  0x00000000000006c8       0xa8 tiny-AES-c-master/aes.o

.debug_macro    0x0000000000000000    0x38732
 .debug_macro   0x0000000000000000      0x320 Core/Src/lock_resource.o
 .debug_macro   0x0000000000000320      0xa84 Core/Src/lock_resource.o
 .debug_macro   0x0000000000000da4       0xe6 Core/Src/lock_resource.o
 .debug_macro   0x0000000000000e8a       0x28 Core/Src/lock_resource.o
 .debug_macro   0x0000000000000eb2       0x3a Core/Src/lock_resource.o
 .debug_macro   0x0000000000000eec       0x22 Core/Src/lock_resource.o
 .debug_macro   0x0000000000000f0e       0x8e Core/Src/lock_resource.o
 .debug_macro   0x0000000000000f9c       0x51 Core/Src/lock_resource.o
 .debug_macro   0x0000000000000fed       0xef Core/Src/lock_resource.o
 .debug_macro   0x00000000000010dc       0x6a Core/Src/lock_resource.o
 .debug_macro   0x0000000000001146      0x1df Core/Src/lock_resource.o
 .debug_macro   0x0000000000001325       0x1c Core/Src/lock_resource.o
 .debug_macro   0x0000000000001341       0x22 Core/Src/lock_resource.o
 .debug_macro   0x0000000000001363       0xdf Core/Src/lock_resource.o
 .debug_macro   0x0000000000001442     0x102d Core/Src/lock_resource.o
 .debug_macro   0x000000000000246f      0x11f Core/Src/lock_resource.o
 .debug_macro   0x000000000000258e    0x2d564 Core/Src/lock_resource.o
 .debug_macro   0x000000000002faf2       0x43 Core/Src/lock_resource.o
 .debug_macro   0x000000000002fb35       0x5e Core/Src/lock_resource.o
 .debug_macro   0x000000000002fb93       0x18 Core/Src/lock_resource.o
 .debug_macro   0x000000000002fbab       0x35 Core/Src/lock_resource.o
 .debug_macro   0x000000000002fbe0       0x34 Core/Src/lock_resource.o
 .debug_macro   0x000000000002fc14       0x16 Core/Src/lock_resource.o
 .debug_macro   0x000000000002fc2a       0x97 Core/Src/lock_resource.o
 .debug_macro   0x000000000002fcc1      0x32a Core/Src/lock_resource.o
 .debug_macro   0x000000000002ffeb       0xfd Core/Src/lock_resource.o
 .debug_macro   0x00000000000300e8       0x10 Core/Src/lock_resource.o
 .debug_macro   0x00000000000300f8       0x58 Core/Src/lock_resource.o
 .debug_macro   0x0000000000030150       0x1f Core/Src/lock_resource.o
 .debug_macro   0x000000000003016f       0x43 Core/Src/lock_resource.o
 .debug_macro   0x00000000000301b2       0x20 Core/Src/lock_resource.o
 .debug_macro   0x00000000000301d2      0x18e Core/Src/lock_resource.o
 .debug_macro   0x0000000000030360       0x10 Core/Src/lock_resource.o
 .debug_macro   0x0000000000030370       0x1c Core/Src/lock_resource.o
 .debug_macro   0x000000000003038c       0x52 Core/Src/lock_resource.o
 .debug_macro   0x00000000000303de       0x40 Core/Src/lock_resource.o
 .debug_macro   0x000000000003041e       0x10 Core/Src/lock_resource.o
 .debug_macro   0x000000000003042e       0x40 Core/Src/lock_resource.o
 .debug_macro   0x000000000003046e       0xd7 Core/Src/lock_resource.o
 .debug_macro   0x0000000000030545       0x1c Core/Src/lock_resource.o
 .debug_macro   0x0000000000030561       0x3d Core/Src/lock_resource.o
 .debug_macro   0x000000000003059e       0x16 Core/Src/lock_resource.o
 .debug_macro   0x00000000000305b4      0x16f Core/Src/lock_resource.o
 .debug_macro   0x0000000000030723       0x55 Core/Src/lock_resource.o
 .debug_macro   0x0000000000030778     0x1d7e Core/Src/lock_resource.o
 .debug_macro   0x00000000000324f6      0x9b1 Core/Src/lock_resource.o
 .debug_macro   0x0000000000032ea7       0x2e Core/Src/lock_resource.o
 .debug_macro   0x0000000000032ed5      0x33b Core/Src/lock_resource.o
 .debug_macro   0x0000000000033210      0x13a Core/Src/lock_resource.o
 .debug_macro   0x000000000003334a      0x2f3 Core/Src/lock_resource.o
 .debug_macro   0x000000000003363d       0x27 Core/Src/lock_resource.o
 .debug_macro   0x0000000000033664       0x4a Core/Src/lock_resource.o
 .debug_macro   0x00000000000336ae      0x566 Core/Src/lock_resource.o
 .debug_macro   0x0000000000033c14       0xe1 Core/Src/lock_resource.o
 .debug_macro   0x0000000000033cf5       0x66 Core/Src/lock_resource.o
 .debug_macro   0x0000000000033d5b      0x3c9 Core/Src/lock_resource.o
 .debug_macro   0x0000000000034124      0x228 Core/Src/lock_resource.o
 .debug_macro   0x000000000003434c       0x4a Core/Src/lock_resource.o
 .debug_macro   0x0000000000034396      0x152 Core/Src/lock_resource.o
 .debug_macro   0x00000000000344e8      0x1fa Core/Src/lock_resource.o
 .debug_macro   0x00000000000346e2       0x19 Core/Src/lock_resource.o
 .debug_macro   0x00000000000346fb      0x64d Core/Src/lock_resource.o
 .debug_macro   0x0000000000034d48       0xa6 Core/Src/lock_resource.o
 .debug_macro   0x0000000000034dee      0x522 Core/Src/lock_resource.o
 .debug_macro   0x0000000000035310       0x16 Core/Src/lock_resource.o
 .debug_macro   0x0000000000035326      0x3f9 Core/Src/main_cortex-M4.o
 .debug_macro   0x000000000003571f       0x22 Core/Src/main_cortex-M4.o
 .debug_macro   0x0000000000035741       0x1c Core/Src/main_cortex-M4.o
 .debug_macro   0x000000000003575d       0x28 Core/Src/main_cortex-M4.o
 .debug_macro   0x0000000000035785       0x52 Core/Src/main_cortex-M4.o
 .debug_macro   0x00000000000357d7      0x107 Core/Src/main_cortex-M4.o
 .debug_macro   0x00000000000358de      0x1e1 Core/Src/main_cortex-M4.o
 .debug_macro   0x0000000000035abf       0x1c Core/Src/main_cortex-M4.o
 .debug_macro   0x0000000000035adb       0x34 Core/Src/main_cortex-M4.o
 .debug_macro   0x0000000000035b0f       0x16 Core/Src/main_cortex-M4.o
 .debug_macro   0x0000000000035b25       0x35 Core/Src/main_cortex-M4.o
 .debug_macro   0x0000000000035b5a       0x16 Core/Src/main_cortex-M4.o
 .debug_macro   0x0000000000035b70       0x29 Core/Src/main_cortex-M4.o
 .debug_macro   0x0000000000035b99       0x16 Core/Src/main_cortex-M4.o
 .debug_macro   0x0000000000035baf       0x20 Core/Src/main_cortex-M4.o
 .debug_macro   0x0000000000035bcf      0x1f6 Core/Src/register.o
 .debug_macro   0x0000000000035dc5       0x58 Core/Src/register.o
 .debug_macro   0x0000000000035e1d       0x94 Core/Src/register.o
 .debug_macro   0x0000000000035eb1       0x57 Core/Src/register.o
 .debug_macro   0x0000000000035f08      0x330 Core/Src/register.o
 .debug_macro   0x0000000000036238      0x3e7 Core/Src/stm32mp1xx_hal_msp.o
 .debug_macro   0x000000000003661f      0x3f1 Core/Src/stm32mp1xx_it.o
 .debug_macro   0x0000000000036a10      0x358 Drivers/BSP/stm32mp15xx_disco.o
 .debug_macro   0x0000000000036d68      0x311 Drivers/CMSIS/system_stm32mp1xx.o
 .debug_macro   0x0000000000037079      0x33b Drivers/STM32MP1xx_HAL_Driver/stm32mp1xx_hal.o
 .debug_macro   0x00000000000373b4      0x30b Drivers/STM32MP1xx_HAL_Driver/stm32mp1xx_hal_cortex.o
 .debug_macro   0x00000000000376bf      0x311 Drivers/STM32MP1xx_HAL_Driver/stm32mp1xx_hal_dma.o
 .debug_macro   0x00000000000379d0      0x340 Drivers/STM32MP1xx_HAL_Driver/stm32mp1xx_hal_gpio.o
 .debug_macro   0x0000000000037d10      0x30b Drivers/STM32MP1xx_HAL_Driver/stm32mp1xx_hal_hsem.o
 .debug_macro   0x000000000003801b      0x317 Drivers/STM32MP1xx_HAL_Driver/stm32mp1xx_hal_rcc.o
 .debug_macro   0x0000000000038332      0x21f OpenSSL/src/aes_openssl_core.o
 .debug_macro   0x0000000000038551       0x1c OpenSSL/src/aes_openssl_core.o
 .debug_macro   0x000000000003856d       0x28 OpenSSL/src/aes_openssl_core.o
 .debug_macro   0x0000000000038595      0x15f tiny-AES-c-master/aes.o
 .debug_macro   0x00000000000386f4       0x10 tiny-AES-c-master/aes.o
 .debug_macro   0x0000000000038704       0x2e tiny-AES-c-master/aes.o

.debug_line     0x0000000000000000     0xa0b6
 .debug_line    0x0000000000000000      0x9f2 Core/Src/lock_resource.o
 .debug_line    0x00000000000009f2      0xc2a Core/Src/main_cortex-M4.o
 .debug_line    0x000000000000161c      0x5ba Core/Src/register.o
 .debug_line    0x0000000000001bd6      0xaf5 Core/Src/stm32mp1xx_hal_msp.o
 .debug_line    0x00000000000026cb      0xb73 Core/Src/stm32mp1xx_it.o
 .debug_line    0x000000000000323e       0x8a Core/Startup/startup_stm32mp157cacx.o
 .debug_line    0x00000000000032c8      0xb03 Drivers/BSP/stm32mp15xx_disco.o
 .debug_line    0x0000000000003dcb      0x954 Drivers/CMSIS/system_stm32mp1xx.o
 .debug_line    0x000000000000471f      0xc17 Drivers/STM32MP1xx_HAL_Driver/stm32mp1xx_hal.o
 .debug_line    0x0000000000005336      0xbd0 Drivers/STM32MP1xx_HAL_Driver/stm32mp1xx_hal_cortex.o
 .debug_line    0x0000000000005f06      0xca8 Drivers/STM32MP1xx_HAL_Driver/stm32mp1xx_hal_dma.o
 .debug_line    0x0000000000006bae      0xb47 Drivers/STM32MP1xx_HAL_Driver/stm32mp1xx_hal_gpio.o
 .debug_line    0x00000000000076f5      0x9e4 Drivers/STM32MP1xx_HAL_Driver/stm32mp1xx_hal_hsem.o
 .debug_line    0x00000000000080d9     0x1016 Drivers/STM32MP1xx_HAL_Driver/stm32mp1xx_hal_rcc.o
 .debug_line    0x00000000000090ef      0x846 OpenSSL/src/aes_openssl_core.o
 .debug_line    0x0000000000009935      0x781 tiny-AES-c-master/aes.o

.debug_str      0x0000000000000000   0x15a0ed
 .debug_str     0x0000000000000000   0x154422 Core/Src/lock_resource.o
                                     0x154778 (size before relaxing)
 .debug_str     0x0000000000154422     0x2b5d Core/Src/main_cortex-M4.o
                                     0x156ee7 (size before relaxing)
 .debug_str     0x0000000000156f7f       0xae Core/Src/register.o
                                       0x7f2b (size before relaxing)
 .debug_str     0x000000000015702d      0x946 Core/Src/stm32mp1xx_hal_msp.o
                                     0x156e46 (size before relaxing)
 .debug_str     0x0000000000157973       0xd7 Core/Src/stm32mp1xx_it.o
                                     0x155912 (size before relaxing)
 .debug_str     0x0000000000157a4a       0x37 Core/Startup/startup_stm32mp157cacx.o
                                         0x81 (size before relaxing)
 .debug_str     0x0000000000157a81      0x524 Drivers/BSP/stm32mp15xx_disco.o
                                     0x156448 (size before relaxing)
 .debug_str     0x0000000000157fa5      0x15c Drivers/CMSIS/system_stm32mp1xx.o
                                     0x154e76 (size before relaxing)
 .debug_str     0x0000000000158101      0x72c Drivers/STM32MP1xx_HAL_Driver/stm32mp1xx_hal.o
                                     0x155173 (size before relaxing)
 .debug_str     0x000000000015882d      0x3ab Drivers/STM32MP1xx_HAL_Driver/stm32mp1xx_hal_cortex.o
                                     0x154eb2 (size before relaxing)
 .debug_str     0x0000000000158bd8      0x34f Drivers/STM32MP1xx_HAL_Driver/stm32mp1xx_hal_dma.o
                                     0x1548c8 (size before relaxing)
 .debug_str     0x0000000000158f27      0x2a7 Drivers/STM32MP1xx_HAL_Driver/stm32mp1xx_hal_gpio.o
                                     0x154695 (size before relaxing)
 .debug_str     0x00000000001591ce      0x205 Drivers/STM32MP1xx_HAL_Driver/stm32mp1xx_hal_hsem.o
                                     0x154358 (size before relaxing)
 .debug_str     0x00000000001593d3      0x8b4 Drivers/STM32MP1xx_HAL_Driver/stm32mp1xx_hal_rcc.o
                                     0x1556bf (size before relaxing)
 .debug_str     0x0000000000159c87      0x215 OpenSSL/src/aes_openssl_core.o
                                       0x7787 (size before relaxing)
 .debug_str     0x0000000000159e9c      0x251 tiny-AES-c-master/aes.o
                                       0x6e8a (size before relaxing)

.comment        0x0000000000000000       0x7b
 .comment       0x0000000000000000       0x7b Core/Src/lock_resource.o
                                         0x7c (size before relaxing)
 .comment       0x000000000000007b       0x7c Core/Src/main_cortex-M4.o
 .comment       0x000000000000007b       0x7c Core/Src/register.o
 .comment       0x000000000000007b       0x7c Core/Src/stm32mp1xx_hal_msp.o
 .comment       0x000000000000007b       0x7c Core/Src/stm32mp1xx_it.o
 .comment       0x000000000000007b       0x7c Drivers/BSP/stm32mp15xx_disco.o
 .comment       0x000000000000007b       0x7c Drivers/CMSIS/system_stm32mp1xx.o
 .comment       0x000000000000007b       0x7c Drivers/STM32MP1xx_HAL_Driver/stm32mp1xx_hal.o
 .comment       0x000000000000007b       0x7c Drivers/STM32MP1xx_HAL_Driver/stm32mp1xx_hal_cortex.o
 .comment       0x000000000000007b       0x7c Drivers/STM32MP1xx_HAL_Driver/stm32mp1xx_hal_dma.o
 .comment       0x000000000000007b       0x7c Drivers/STM32MP1xx_HAL_Driver/stm32mp1xx_hal_gpio.o
 .comment       0x000000000000007b       0x7c Drivers/STM32MP1xx_HAL_Driver/stm32mp1xx_hal_hsem.o
 .comment       0x000000000000007b       0x7c Drivers/STM32MP1xx_HAL_Driver/stm32mp1xx_hal_rcc.o
 .comment       0x000000000000007b       0x7c OpenSSL/src/aes_openssl_core.o
 .comment       0x000000000000007b       0x7c tiny-AES-c-master/aes.o

.debug_frame    0x0000000000000000     0x2134
 .debug_frame   0x0000000000000000       0x58 Core/Src/lock_resource.o
 .debug_frame   0x0000000000000058       0xf0 Core/Src/main_cortex-M4.o
 .debug_frame   0x0000000000000148       0xf8 Core/Src/register.o
 .debug_frame   0x0000000000000240       0x7c Core/Src/stm32mp1xx_hal_msp.o
 .debug_frame   0x00000000000002bc      0x128 Core/Src/stm32mp1xx_it.o
 .debug_frame   0x00000000000003e4      0x244 Drivers/BSP/stm32mp15xx_disco.o
 .debug_frame   0x0000000000000628       0x58 Drivers/CMSIS/system_stm32mp1xx.o
 .debug_frame   0x0000000000000680      0x588 Drivers/STM32MP1xx_HAL_Driver/stm32mp1xx_hal.o
 .debug_frame   0x0000000000000c08      0x428 Drivers/STM32MP1xx_HAL_Driver/stm32mp1xx_hal_cortex.o
 .debug_frame   0x0000000000001030      0x2a4 Drivers/STM32MP1xx_HAL_Driver/stm32mp1xx_hal_dma.o
 .debug_frame   0x00000000000012d4      0x174 Drivers/STM32MP1xx_HAL_Driver/stm32mp1xx_hal_gpio.o
 .debug_frame   0x0000000000001448      0x1bc Drivers/STM32MP1xx_HAL_Driver/stm32mp1xx_hal_hsem.o
 .debug_frame   0x0000000000001604      0x5b0 Drivers/STM32MP1xx_HAL_Driver/stm32mp1xx_hal_rcc.o
 .debug_frame   0x0000000000001bb4       0xb0 OpenSSL/src/aes_openssl_core.o
 .debug_frame   0x0000000000001c64      0x310 tiny-AES-c-master/aes.o
 .debug_frame   0x0000000000001f74       0x2c c:/st/stm32cubeide_1.4.0/stm32cubeide/plugins/com.st.stm32cube.ide.mcu.externaltools.gnu-tools-for-stm32.7-2018-q2-update.win32_1.4.0.202007081208/tools/bin/../lib/gcc/arm-none-eabi/7.3.1/../../../../arm-none-eabi/lib/thumb/v7e-m/fpv4-sp/hard\libc.a(lib_a-init.o)
 .debug_frame   0x0000000000001fa0       0x58 c:/st/stm32cubeide_1.4.0/stm32cubeide/plugins/com.st.stm32cube.ide.mcu.externaltools.gnu-tools-for-stm32.7-2018-q2-update.win32_1.4.0.202007081208/tools/bin/../lib/gcc/arm-none-eabi/7.3.1/../../../../arm-none-eabi/lib/thumb/v7e-m/fpv4-sp/hard\libc.a(lib_a-__call_atexit.o)
 .debug_frame   0x0000000000001ff8       0x20 c:/st/stm32cubeide_1.4.0/stm32cubeide/plugins/com.st.stm32cube.ide.mcu.externaltools.gnu-tools-for-stm32.7-2018-q2-update.win32_1.4.0.202007081208/tools/bin/../lib/gcc/arm-none-eabi/7.3.1/../../../../arm-none-eabi/lib/thumb/v7e-m/fpv4-sp/hard\libc.a(lib_a-atexit.o)
 .debug_frame   0x0000000000002018       0x38 c:/st/stm32cubeide_1.4.0/stm32cubeide/plugins/com.st.stm32cube.ide.mcu.externaltools.gnu-tools-for-stm32.7-2018-q2-update.win32_1.4.0.202007081208/tools/bin/../lib/gcc/arm-none-eabi/7.3.1/../../../../arm-none-eabi/lib/thumb/v7e-m/fpv4-sp/hard\libc.a(lib_a-fini.o)
 .debug_frame   0x0000000000002050       0xb0 c:/st/stm32cubeide_1.4.0/stm32cubeide/plugins/com.st.stm32cube.ide.mcu.externaltools.gnu-tools-for-stm32.7-2018-q2-update.win32_1.4.0.202007081208/tools/bin/../lib/gcc/arm-none-eabi/7.3.1/../../../../arm-none-eabi/lib/thumb/v7e-m/fpv4-sp/hard\libc.a(lib_a-lock.o)
 .debug_frame   0x0000000000002100       0x34 c:/st/stm32cubeide_1.4.0/stm32cubeide/plugins/com.st.stm32cube.ide.mcu.externaltools.gnu-tools-for-stm32.7-2018-q2-update.win32_1.4.0.202007081208/tools/bin/../lib/gcc/arm-none-eabi/7.3.1/../../../../arm-none-eabi/lib/thumb/v7e-m/fpv4-sp/hard\libc.a(lib_a-__atexit.o)
