Archive member included to satisfy reference by file (symbol)

/home/joseph/Ac6/SystemWorkbench/plugins/fr.ac6.mcu.externaltools.arm-none.linux64_1.17.0.201812190825/tools/compiler/bin/../lib/gcc/arm-none-eabi/7.3.1/../../../../arm-none-eabi/lib/thumb/v7e-m/fpv4-sp/hard/libc_nano.a(lib_a-exit.o)
                              /home/joseph/Ac6/SystemWorkbench/plugins/fr.ac6.mcu.externaltools.arm-none.linux64_1.17.0.201812190825/tools/compiler/bin/../lib/gcc/arm-none-eabi/7.3.1/../../../../arm-none-eabi/lib/thumb/v7e-m/fpv4-sp/hard/crt0.o (exit)
/home/joseph/Ac6/SystemWorkbench/plugins/fr.ac6.mcu.externaltools.arm-none.linux64_1.17.0.201812190825/tools/compiler/bin/../lib/gcc/arm-none-eabi/7.3.1/../../../../arm-none-eabi/lib/thumb/v7e-m/fpv4-sp/hard/libc_nano.a(lib_a-impure.o)
                              /home/joseph/Ac6/SystemWorkbench/plugins/fr.ac6.mcu.externaltools.arm-none.linux64_1.17.0.201812190825/tools/compiler/bin/../lib/gcc/arm-none-eabi/7.3.1/../../../../arm-none-eabi/lib/thumb/v7e-m/fpv4-sp/hard/libc_nano.a(lib_a-exit.o) (_global_impure_ptr)
/home/joseph/Ac6/SystemWorkbench/plugins/fr.ac6.mcu.externaltools.arm-none.linux64_1.17.0.201812190825/tools/compiler/bin/../lib/gcc/arm-none-eabi/7.3.1/../../../../arm-none-eabi/lib/thumb/v7e-m/fpv4-sp/hard/libc_nano.a(lib_a-init.o)
                              /home/joseph/Ac6/SystemWorkbench/plugins/fr.ac6.mcu.externaltools.arm-none.linux64_1.17.0.201812190825/tools/compiler/bin/../lib/gcc/arm-none-eabi/7.3.1/../../../../arm-none-eabi/lib/thumb/v7e-m/fpv4-sp/hard/crt0.o (__libc_init_array)
/home/joseph/Ac6/SystemWorkbench/plugins/fr.ac6.mcu.externaltools.arm-none.linux64_1.17.0.201812190825/tools/compiler/bin/../lib/gcc/arm-none-eabi/7.3.1/../../../../arm-none-eabi/lib/thumb/v7e-m/fpv4-sp/hard/libc_nano.a(lib_a-memset.o)
                              /home/joseph/Ac6/SystemWorkbench/plugins/fr.ac6.mcu.externaltools.arm-none.linux64_1.17.0.201812190825/tools/compiler/bin/../lib/gcc/arm-none-eabi/7.3.1/../../../../arm-none-eabi/lib/thumb/v7e-m/fpv4-sp/hard/crt0.o (memset)
/home/joseph/Ac6/SystemWorkbench/plugins/fr.ac6.mcu.externaltools.arm-none.linux64_1.17.0.201812190825/tools/compiler/bin/../lib/gcc/arm-none-eabi/7.3.1/../../../../arm-none-eabi/lib/thumb/v7e-m/fpv4-sp/hard/libc_nano.a(lib_a-nano-vfprintf_float.o)
                              (_printf_float)
/home/joseph/Ac6/SystemWorkbench/plugins/fr.ac6.mcu.externaltools.arm-none.linux64_1.17.0.201812190825/tools/compiler/bin/../lib/gcc/arm-none-eabi/7.3.1/../../../../arm-none-eabi/lib/thumb/v7e-m/fpv4-sp/hard/libc_nano.a(lib_a-nano-vfprintf_i.o)
                              /home/joseph/Ac6/SystemWorkbench/plugins/fr.ac6.mcu.externaltools.arm-none.linux64_1.17.0.201812190825/tools/compiler/bin/../lib/gcc/arm-none-eabi/7.3.1/../../../../arm-none-eabi/lib/thumb/v7e-m/fpv4-sp/hard/libc_nano.a(lib_a-nano-vfprintf_float.o) (_printf_common)
/home/joseph/Ac6/SystemWorkbench/plugins/fr.ac6.mcu.externaltools.arm-none.linux64_1.17.0.201812190825/tools/compiler/bin/../lib/gcc/arm-none-eabi/7.3.1/../../../../arm-none-eabi/lib/thumb/v7e-m/fpv4-sp/hard/libc_nano.a(lib_a-reent.o)
                              Application/startup/syscalls.o (errno)
/home/joseph/Ac6/SystemWorkbench/plugins/fr.ac6.mcu.externaltools.arm-none.linux64_1.17.0.201812190825/tools/compiler/bin/../lib/gcc/arm-none-eabi/7.3.1/../../../../arm-none-eabi/lib/thumb/v7e-m/fpv4-sp/hard/libc_nano.a(lib_a-strlen.o)
                              /home/joseph/Ac6/SystemWorkbench/plugins/fr.ac6.mcu.externaltools.arm-none.linux64_1.17.0.201812190825/tools/compiler/bin/../lib/gcc/arm-none-eabi/7.3.1/../../../../arm-none-eabi/lib/thumb/v7e-m/fpv4-sp/hard/libc_nano.a(lib_a-nano-vfprintf_float.o) (strlen)
/home/joseph/Ac6/SystemWorkbench/plugins/fr.ac6.mcu.externaltools.arm-none.linux64_1.17.0.201812190825/tools/compiler/bin/../lib/gcc/arm-none-eabi/7.3.1/../../../../arm-none-eabi/lib/thumb/v7e-m/fpv4-sp/hard/libc_nano.a(lib_a-dtoa.o)
                              /home/joseph/Ac6/SystemWorkbench/plugins/fr.ac6.mcu.externaltools.arm-none.linux64_1.17.0.201812190825/tools/compiler/bin/../lib/gcc/arm-none-eabi/7.3.1/../../../../arm-none-eabi/lib/thumb/v7e-m/fpv4-sp/hard/libc_nano.a(lib_a-nano-vfprintf_float.o) (_dtoa_r)
/home/joseph/Ac6/SystemWorkbench/plugins/fr.ac6.mcu.externaltools.arm-none.linux64_1.17.0.201812190825/tools/compiler/bin/../lib/gcc/arm-none-eabi/7.3.1/../../../../arm-none-eabi/lib/thumb/v7e-m/fpv4-sp/hard/libc_nano.a(lib_a-localeconv.o)
                              /home/joseph/Ac6/SystemWorkbench/plugins/fr.ac6.mcu.externaltools.arm-none.linux64_1.17.0.201812190825/tools/compiler/bin/../lib/gcc/arm-none-eabi/7.3.1/../../../../arm-none-eabi/lib/thumb/v7e-m/fpv4-sp/hard/libc_nano.a(lib_a-nano-vfprintf_float.o) (_localeconv_r)
[...]
Memory Configuration

Name             Origin             Length             Attributes
m_interrupts     0x0000000000000000 0x0000000000000298 xr
m_text           0x0000000010000000 0x0000000000020000 xr
m_data           0x0000000010020000 0x0000000000020000 rw
m_ipc_shm        0x0000000010040000 0x0000000000020000 rw
*default*        0x0000000000000000 0xffffffffffffffff

Linker script and memory map

LOAD /home/joseph/Ac6/SystemWorkbench/plugins/fr.ac6.mcu.externaltools.arm-none.linux64_1.17.0.201812190825/tools/compiler/bin/../lib/gcc/arm-none-eabi/7.3.1/thumb/v7e-m/fpv4-sp/hard/crti.o
LOAD /home/joseph/Ac6/SystemWorkbench/plugins/fr.ac6.mcu.externaltools.arm-none.linux64_1.17.0.201812190825/tools/compiler/bin/../lib/gcc/arm-none-eabi/7.3.1/thumb/v7e-m/fpv4-sp/hard/crtbegin.o
LOAD /home/joseph/Ac6/SystemWorkbench/plugins/fr.ac6.mcu.externaltools.arm-none.linux64_1.17.0.201812190825/tools/compiler/bin/../lib/gcc/arm-none-eabi/7.3.1/../../../../arm-none-eabi/lib/thumb/v7e-m/fpv4-sp/hard/crt0.o
LOAD Application/src/lock_resource.o
LOAD Application/src/main.o
LOAD Application/startup/startup_stm32mp15xx.o
LOAD Application/startup/syscalls.o
LOAD Drivers/stm32mp15xx_disco.o
LOAD Drivers/stm32mp1xx_hal.o
LOAD Drivers/stm32mp1xx_hal_cortex.o
LOAD Drivers/stm32mp1xx_hal_cryp.o
LOAD Drivers/stm32mp1xx_hal_cryp_ex.o
LOAD Drivers/stm32mp1xx_hal_dma.o
LOAD Drivers/stm32mp1xx_hal_dma_ex.o
LOAD Drivers/stm32mp1xx_hal_gpio.o
LOAD Drivers/stm32mp1xx_hal_hsem.o
LOAD Drivers/stm32mp1xx_hal_pwr.o
LOAD Drivers/stm32mp1xx_hal_pwr_ex.o
LOAD Drivers/stm32mp1xx_hal_rcc.o
LOAD Drivers/stm32mp1xx_hal_rcc_ex.o
LOAD Drivers/stm32mp1xx_hal_sd.o
LOAD Drivers/stm32mp1xx_hal_sd_ex.o
LOAD Drivers/stm32mp1xx_hal_uart.o
LOAD Drivers/stm32mp1xx_hal_uart_ex.o
LOAD Drivers/stm32mp1xx_ll_sdmmc.o
LOAD Drivers/system_stm32mp1xx.o
LOAD /home/joseph/Ac6/SystemWorkbench/plugins/fr.ac6.mcu.externaltools.arm-none.linux64_1.17.0.201812190825/tools/compiler/bin/../lib/gcc/arm-none-eabi/7.3.1/../../../../arm-none-eabi/lib/thumb/v7e-m/fpv4-sp/hard/libm.a
START GROUP
LOAD /home/joseph/Ac6/SystemWorkbench/plugins/fr.ac6.mcu.externaltools.arm-none.linux64_1.17.0.201812190825/tools/compiler/bin/../lib/gcc/arm-none-eabi/7.3.1/thumb/v7e-m/fpv4-sp/hard/libgcc.a
LOAD /home/joseph/Ac6/SystemWorkbench/plugins/fr.ac6.mcu.externaltools.arm-none.linux64_1.17.0.201812190825/tools/compiler/bin/../lib/gcc/arm-none-eabi/7.3.1/../../../../arm-none-eabi/lib/thumb/v7e-m/fpv4-sp/hard/libc_nano.a
END GROUP
START GROUP
LOAD /home/joseph/Ac6/SystemWorkbench/plugins/fr.ac6.mcu.externaltools.arm-none.linux64_1.17.0.201812190825/tools/compiler/bin/../lib/gcc/arm-none-eabi/7.3.1/thumb/v7e-m/fpv4-sp/hard/libgcc.a
LOAD /home/joseph/Ac6/SystemWorkbench/plugins/fr.ac6.mcu.externaltools.arm-none.linux64_1.17.0.201812190825/tools/compiler/bin/../lib/gcc/arm-none-eabi/7.3.1/../../../../arm-none-eabi/lib/thumb/v7e-m/fpv4-sp/hard/libc_nano.a
LOAD /home/joseph/Ac6/SystemWorkbench/plugins/fr.ac6.mcu.externaltools.arm-none.linux64_1.17.0.201812190825/tools/compiler/bin/../lib/gcc/arm-none-eabi/7.3.1/../../../../arm-none-eabi/lib/thumb/v7e-m/fpv4-sp/hard/libnosys.a
END GROUP
START GROUP
LOAD /home/joseph/Ac6/SystemWorkbench/plugins/fr.ac6.mcu.externaltools.arm-none.linux64_1.17.0.201812190825/tools/compiler/bin/../lib/gcc/arm-none-eabi/7.3.1/thumb/v7e-m/fpv4-sp/hard/libgcc.a
LOAD /home/joseph/Ac6/SystemWorkbench/plugins/fr.ac6.mcu.externaltools.arm-none.linux64_1.17.0.201812190825/tools/compiler/bin/../lib/gcc/arm-none-eabi/7.3.1/../../../../arm-none-eabi/lib/thumb/v7e-m/fpv4-sp/hard/libc_nano.a
LOAD /home/joseph/Ac6/SystemWorkbench/plugins/fr.ac6.mcu.externaltools.arm-none.linux64_1.17.0.201812190825/tools/compiler/bin/../lib/gcc/arm-none-eabi/7.3.1/../../../../arm-none-eabi/lib/thumb/v7e-m/fpv4-sp/hard/libnosys.a
END GROUP
LOAD /home/joseph/Ac6/SystemWorkbench/plugins/fr.ac6.mcu.externaltools.arm-none.linux64_1.17.0.201812190825/tools/compiler/bin/../lib/gcc/arm-none-eabi/7.3.1/thumb/v7e-m/fpv4-sp/hard/crtend.o
LOAD /home/joseph/Ac6/SystemWorkbench/plugins/fr.ac6.mcu.externaltools.arm-none.linux64_1.17.0.201812190825/tools/compiler/bin/../lib/gcc/arm-none-eabi/7.3.1/thumb/v7e-m/fpv4-sp/hard/crtn.o
                0x0000000010040000                _estack = 0x10040000
                0x0000000000000200                _Min_Heap_Size = 0x200
                0x0000000000000400                _Min_Stack_Size = 0x400
                0x0000000010040000                __OPENAMP_region_start__ = ORIGIN (m_ipc_shm)
                0x0000000000020000                __OPENAMP_region_length__ = LENGTH (m_ipc_shm)

.isr_vector     0x0000000000000000      0x298
                0x0000000000000000                . = ALIGN (0x4)
 *(.isr_vector)
 .isr_vector    0x0000000000000000      0x298 Application/startup/startup_stm32mp15xx.o
                0x0000000000000000                g_pfnVectors
                0x0000000000000298                . = ALIGN (0x4)

.text           0x0000000010000000     0x411c
                0x0000000010000000                . = ALIGN (0x4)
 *(.text)
 .text          0x0000000010000000       0x40 /home/joseph/Ac6/SystemWorkbench/plugins/fr.ac6.mcu.externaltools.arm-none.linux64_1.17.0.201812190825/tools/compiler/bin/../lib/gcc/arm-none-eabi/7.3.1/thumb/v7e-m/fpv4-sp/hard/crtbegin.o
 .text          0x0000000010000040       0x10 /home/joseph/Ac6/SystemWorkbench/plugins/fr.ac6.mcu.externaltools.arm-none.linux64_1.17.0.201812190825/tools/compiler/bin/../lib/gcc/arm-none-eabi/7.3.1/../../../../arm-none-eabi/lib/thumb/v7e-m/fpv4-sp/hard/libc_nano.a(lib_a-strlen.o)
                0x0000000010000040                strlen
 .text          0x0000000010000050      0x378 /home/joseph/Ac6/SystemWorkbench/plugins/fr.ac6.mcu.externaltools.arm-none.linux64_1.17.0.201812190825/tools/compiler/bin/../lib/gcc/arm-none-eabi/7.3.1/thumb/v7e-m/fpv4-sp/hard/libgcc.a(_arm_addsubdf3.o)
                0x0000000010000050                __aeabi_drsub
                0x0000000010000058                __aeabi_dsub
                0x0000000010000058                __subdf3
                0x000000001000005c                __adddf3
                0x000000001000005c                __aeabi_dadd
                0x00000000100002d4                __aeabi_ui2d
                0x00000000100002d4                __floatunsidf
                0x00000000100002f4                __floatsidf
                0x00000000100002f4                __aeabi_i2d
                0x0000000010000318                __extendsfdf2
                0x0000000010000318                __aeabi_f2d
                0x000000001000035c                __aeabi_ul2d
                0x000000001000035c                __floatundidf
                0x000000001000036c                __floatdidf
                0x000000001000036c                __aeabi_l2d
 .text          0x00000000100003c8      0x424 /home/joseph/Ac6/SystemWorkbench/plugins/fr.ac6.mcu.externaltools.arm-none.linux64_1.17.0.201812190825/tools/compiler/bin/../lib/gcc/arm-none-eabi/7.3.1/thumb/v7e-m/fpv4-sp/hard/libgcc.a(_arm_muldivdf3.o)
                0x00000000100003c8                __aeabi_dmul
                0x00000000100003c8                __muldf3
                0x000000001000061c                __aeabi_ddiv
                0x000000001000061c                __divdf3
 .text          0x00000000100007ec      0x110 /home/joseph/Ac6/SystemWorkbench/plugins/fr.ac6.mcu.externaltools.arm-none.linux64_1.17.0.201812190825/tools/compiler/bin/../lib/gcc/arm-none-eabi/7.3.1/thumb/v7e-m/fpv4-sp/hard/libgcc.a(_arm_cmpdf2.o)
                0x00000000100007ec                __gtdf2
                0x00000000100007ec                __gedf2
                0x00000000100007f4                __ltdf2
                0x00000000100007f4                __ledf2
                0x00000000100007fc                __cmpdf2
                0x00000000100007fc                __eqdf2
                0x00000000100007fc                __nedf2
                0x0000000010000878                __aeabi_cdrcmple
                0x0000000010000888                __aeabi_cdcmple
                0x0000000010000888                __aeabi_cdcmpeq
                0x0000000010000898                __aeabi_dcmpeq
                0x00000000100008ac                __aeabi_dcmplt
                0x00000000100008c0                __aeabi_dcmple
                0x00000000100008d4                __aeabi_dcmpge
                0x00000000100008e8                __aeabi_dcmpgt
 .text          0x00000000100008fc       0x2c /home/joseph/Ac6/SystemWorkbench/plugins/fr.ac6.mcu.externaltools.arm-none.linux64_1.17.0.201812190825/tools/compiler/bin/../lib/gcc/arm-none-eabi/7.3.1/thumb/v7e-m/fpv4-sp/hard/libgcc.a(_arm_unorddf2.o)
                0x00000000100008fc                __aeabi_dcmpun
                0x00000000100008fc                __unorddf2
 .text          0x0000000010000928       0x50 /home/joseph/Ac6/SystemWorkbench/plugins/fr.ac6.mcu.externaltools.arm-none.linux64_1.17.0.201812190825/tools/compiler/bin/../lib/gcc/arm-none-eabi/7.3.1/thumb/v7e-m/fpv4-sp/hard/libgcc.a(_arm_fixdfsi.o)
                0x0000000010000928                __fixdfsi
                0x0000000010000928                __aeabi_d2iz
 *(.text*)
 .text.Periph_Lock
                0x0000000010000978       0xd0 Application/src/lock_resource.o
                0x0000000010000978                Periph_Lock
 .text.Periph_Unlock
                0x0000000010000a48       0xac Application/src/lock_resource.o
                0x0000000010000a48                Periph_Unlock
 .text.MX_GPIO_Init
                0x0000000010000af4       0x3e Application/src/main.o
 .text.Error_Handler
                0x0000000010000b32       0x10 Application/src/main.o
                0x0000000010000b32                Error_Handler
 .text.SystemClock_Config
                0x0000000010000b42      0x122 Application/src/main.o
                0x0000000010000b42                SystemClock_Config
 .text.main     0x0000000010000c64       0x30 Application/src/main.o
                0x0000000010000c64                main
 .text.Default_Handler
                0x0000000010000c94        0x2 Application/startup/startup_stm32mp15xx.o
                0x0000000010000c94                EXTI2_IRQHandler
                0x0000000010000c94                TIM8_TRG_COM_IRQHandler
                0x0000000010000c94                TIM8_CC_IRQHandler
                0x0000000010000c94                EXTI5_IRQHandler
                0x0000000010000c94                DebugMon_Handler
                0x0000000010000c94                UART8_IRQHandler
                0x0000000010000c94                SPI4_IRQHandler
                0x0000000010000c94                EXTI13_IRQHandler
                0x0000000010000c94                TIM1_CC_IRQHandler
                0x0000000010000c94                DMA2_Stream5_IRQHandler
                0x0000000010000c94                HardFault_Handler
                0x0000000010000c94                ETH1_WKUP_IRQHandler
                0x0000000010000c94                TAMP_IRQHandler
                0x0000000010000c94                DMA1_Stream5_IRQHandler
                0x0000000010000c94                TIM6_IRQHandler
                0x0000000010000c94                EXTI12_IRQHandler
                0x0000000010000c94                SysTick_Handler
                0x0000000010000c94                PendSV_Handler
                0x0000000010000c94                NMI_Handler
                0x0000000010000c94                EXTI3_IRQHandler
                0x0000000010000c94                LPTIM4_IRQHandler
                0x0000000010000c94                EXTI8_IRQHandler
                0x0000000010000c94                LPTIM2_IRQHandler
                0x0000000010000c94                DFSDM1_FLT1_IRQHandler
                0x0000000010000c94                I2C3_ER_IRQHandler
                0x0000000010000c94                DFSDM1_FLT2_IRQHandler
                0x0000000010000c94                I2C5_EV_IRQHandler
                0x0000000010000c94                MDMA_IRQHandler
                0x0000000010000c94                IPCC_TX1_IRQHandler
                0x0000000010000c94                LPTIM3_IRQHandler
                0x0000000010000c94                EXTI0_IRQHandler
                0x0000000010000c94                I2C2_EV_IRQHandler
                0x0000000010000c94                DMA1_Stream2_IRQHandler
                0x0000000010000c94                FPU_IRQHandler
                0x0000000010000c94                USBH_OHCI_IRQHandler
                0x0000000010000c94                FDCAN1_IT1_IRQHandler
                0x0000000010000c94                UsageFault_Handler
                0x0000000010000c94                LTDC_ER_IRQHandler
                0x0000000010000c94                DMA2_Stream2_IRQHandler
                0x0000000010000c94                IPCC_RX0_IRQHandler
                0x0000000010000c94                OTG_IRQHandler
                0x0000000010000c94                SPI1_IRQHandler
                0x0000000010000c94                DCMI_IRQHandler
                0x0000000010000c94                TIM8_UP_IRQHandler
                0x0000000010000c94                DMA2_Stream3_IRQHandler
                0x0000000010000c94                USBH_EHCI_IRQHandler
                0x0000000010000c94                nCTIIRQ2_IRQHandler
                0x0000000010000c94                HASH1_IRQHandler
                0x0000000010000c94                GPU_IRQHandler
                0x0000000010000c94                SAI2_IRQHandler
                0x0000000010000c94                ADC1_IRQHandler
                0x0000000010000c94                RESERVED148_IRQHandler
                0x0000000010000c94                RTC_TIMESTAMP_IRQHandler
                0x0000000010000c94                DFSDM1_FLT3_IRQHandler
                0x0000000010000c94                USART6_IRQHandler
                0x0000000010000c94                EXTI15_IRQHandler
                0x0000000010000c94                TIM17_IRQHandler
                0x0000000010000c94                USART3_IRQHandler
                0x0000000010000c94                EXTI9_IRQHandler
                0x0000000010000c94                LPTIM5_IRQHandler
                0x0000000010000c94                UART5_IRQHandler
                0x0000000010000c94                DMA2_Stream0_IRQHandler
                0x0000000010000c94                TIM4_IRQHandler
                0x0000000010000c94                RCC_WAKEUP_IRQHandler
                0x0000000010000c94                CRYP2_IRQHandler
                0x0000000010000c94                QUADSPI_IRQHandler
                0x0000000010000c94                I2C1_EV_IRQHandler
                0x0000000010000c94                DMA1_Stream6_IRQHandler
                0x0000000010000c94                RESERVED99_IRQHandler
                0x0000000010000c94                DMAMUX1_OVR_IRQHandler
                0x0000000010000c94                DMA1_Stream1_IRQHandler
                0x0000000010000c94                TIM16_IRQHandler
                0x0000000010000c94                UART4_IRQHandler
                0x0000000010000c94                TIM3_IRQHandler
                0x0000000010000c94                RCC_IRQHandler
                0x0000000010000c94                TIM1_TRG_COM_IRQHandler
                0x0000000010000c94                nCTIIRQ1_IRQHandler
                0x0000000010000c94                Default_Handler
                0x0000000010000c94                IPCC_RX1_IRQHandler
                0x0000000010000c94                CEC_IRQHandler
                0x0000000010000c94                DFSDM1_FLT4_IRQHandler
                0x0000000010000c94                TIM14_IRQHandler
                0x0000000010000c94                I2C5_ER_IRQHandler
                0x0000000010000c94                TIM13_IRQHandler
                0x0000000010000c94                DMA1_Stream7_IRQHandler
                0x0000000010000c94                IPCC_TX0_IRQHandler
                0x0000000010000c94                SPI5_IRQHandler
                0x0000000010000c94                TIM12_IRQHandler
                0x0000000010000c94                TIM7_IRQHandler
                0x0000000010000c94                SDMMC1_IRQHandler
                0x0000000010000c94                TIM5_IRQHandler
                0x0000000010000c94                DMA2_Stream7_IRQHandler
                0x0000000010000c94                TIM15_IRQHandler
                0x0000000010000c94                PVD_AVD_IRQHandler
                0x0000000010000c94                I2C3_EV_IRQHandler
                0x0000000010000c94                SDMMC3_IRQHandler
                0x0000000010000c94                ETH1_IRQHandler
                0x0000000010000c94                LTDC_IRQHandler
                0x0000000010000c94                SAI3_IRQHandler
                0x0000000010000c94                SPDIF_RX_IRQHandler
                0x0000000010000c94                ADC2_IRQHandler
                0x0000000010000c94                SPI2_IRQHandler
                0x0000000010000c94                DFSDM1_FLT5_IRQHandler
                0x0000000010000c94                MemManage_Handler
                0x0000000010000c94                DMA1_Stream0_IRQHandler
                0x0000000010000c94                EXTI14_IRQHandler
                0x0000000010000c94                EXTI11_IRQHandler
                0x0000000010000c94                CRYP1_IRQHandler
                0x0000000010000c94                RNG2_IRQHandler
                0x0000000010000c94                RNG1_IRQHandler
                0x0000000010000c94                SVC_Handler
                0x0000000010000c94                HASH2_IRQHandler
                0x0000000010000c94                EXTI4_IRQHandler
                0x0000000010000c94                ETH1_LPI_IRQHandler
                0x0000000010000c94                FDCAN2_IT1_IRQHandler
                0x0000000010000c94                DSI_IRQHandler
                0x0000000010000c94                TIM1_UP_IRQHandler
                0x0000000010000c94                HSEM_IT2_IRQHandler
                0x0000000010000c94                SPI6_IRQHandler
                0x0000000010000c94                MDIOS_IRQHandler
                0x0000000010000c94                I2C4_EV_IRQHandler
                0x0000000010000c94                FDCAN2_IT0_IRQHandler
                0x0000000010000c94                I2C6_ER_IRQHandler
                0x0000000010000c94                FDCAN1_IT0_IRQHandler
                0x0000000010000c94                TIM2_IRQHandler
                0x0000000010000c94                EXTI7_IRQHandler
                0x0000000010000c94                TIM1_BRK_IRQHandler
                0x0000000010000c94                DAC_IRQHandler
                0x0000000010000c94                EXTI1_IRQHandler
                0x0000000010000c94                SDMMC2_IRQHandler
                0x0000000010000c94                DTS_IRQHandler
                0x0000000010000c94                UART7_IRQHandler
                0x0000000010000c94                USART2_IRQHandler
                0x0000000010000c94                I2C6_EV_IRQHandler
                0x0000000010000c94                DFSDM1_FLT0_IRQHandler
                0x0000000010000c94                SAI4_IRQHandler
                0x0000000010000c94                I2C2_ER_IRQHandler
                0x0000000010000c94                DMA2_Stream1_IRQHandler
                0x0000000010000c94                TIM8_BRK_IRQHandler
                0x0000000010000c94                WWDG1_IRQHandler
                0x0000000010000c94                DMA2_Stream4_IRQHandler
                0x0000000010000c94                BusFault_Handler
                0x0000000010000c94                USART1_IRQHandler
                0x0000000010000c94                RESERVED143_IRQHandler
                0x0000000010000c94                EXTI10_IRQHandler
                0x0000000010000c94                SPI3_IRQHandler
                0x0000000010000c94                WAKEUP_PIN_IRQHandler
                0x0000000010000c94                DMA1_Stream4_IRQHandler
                0x0000000010000c94                I2C1_ER_IRQHandler
                0x0000000010000c94                FMC_IRQHandler
                0x0000000010000c94                FDCAN_CAL_IRQHandler
                0x0000000010000c94                EXTI6_IRQHandler
                0x0000000010000c94                MPU_SEV_IRQHandler
                0x0000000010000c94                LPTIM1_IRQHandler
                0x0000000010000c94                RTC_WKUP_ALARM_IRQHandler
                0x0000000010000c94                I2C4_ER_IRQHandler
                0x0000000010000c94                DMA2_Stream6_IRQHandler
                0x0000000010000c94                SAI1_IRQHandler
                0x0000000010000c94                DMA1_Stream3_IRQHandler
                0x0000000010000c94                RESERVED4_IRQHandler
 *fill*         0x0000000010000c96        0x2 
 .text._sbrk    0x0000000010000c98       0x3c Application/startup/syscalls.o
                0x0000000010000c98                _sbrk
 .text.BSP_LED_Off
                0x0000000010000cd4       0x40 Drivers/stm32mp15xx_disco.o
                0x0000000010000cd4                BSP_LED_Off
 .text.BSP_LED_Init
                0x0000000010000d14       0x80 Drivers/stm32mp15xx_disco.o
                0x0000000010000d14                BSP_LED_Init
 .text.BSP_LED_Toggle
                0x0000000010000d94       0x1c Drivers/stm32mp15xx_disco.o
                0x0000000010000d94                BSP_LED_Toggle
 .text.BSP_PB_Callback
                0x0000000010000db0        0x2 Drivers/stm32mp15xx_disco.o
                0x0000000010000db0                BSP_PB_Callback
 .text.BUTTON_USER2_EXTI_Callback
                0x0000000010000db2        0xa Drivers/stm32mp15xx_disco.o
 .text.BUTTON_USER_EXTI_Callback
                0x0000000010000dbc        0xa Drivers/stm32mp15xx_disco.o
 .text.BUTTON_WAKEUP_EXTI_Callback
                0x0000000010000dc6        0xa Drivers/stm32mp15xx_disco.o
 .text.HAL_MspInit
                0x0000000010000dd0        0x2 Drivers/stm32mp1xx_hal.o
                0x0000000010000dd0                HAL_MspInit
 *fill*         0x0000000010000dd2        0x2 
 .text.HAL_InitTick
                0x0000000010000dd4       0x4c Drivers/stm32mp1xx_hal.o
                0x0000000010000dd4                HAL_InitTick
 .text.HAL_Init
                0x0000000010000e20       0x2c Drivers/stm32mp1xx_hal.o
                0x0000000010000e20                HAL_Init
 .text.HAL_GetTick
                0x0000000010000e4c        0xc Drivers/stm32mp1xx_hal.o
                0x0000000010000e4c                HAL_GetTick
 .text.HAL_Delay
                0x0000000010000e58       0x28 Drivers/stm32mp1xx_hal.o
                0x0000000010000e58                HAL_Delay
 .text.HAL_NVIC_SetPriorityGrouping
                0x0000000010000e80       0x24 Drivers/stm32mp1xx_hal_cortex.o
                0x0000000010000e80                HAL_NVIC_SetPriorityGrouping
 .text.HAL_NVIC_SetPriority
                0x0000000010000ea4       0x68 Drivers/stm32mp1xx_hal_cortex.o
                0x0000000010000ea4                HAL_NVIC_SetPriority
 .text.HAL_SYSTICK_Config
                0x0000000010000f0c       0x2c Drivers/stm32mp1xx_hal_cortex.o
                0x0000000010000f0c                HAL_SYSTICK_Config
 .text.HAL_GPIO_Init
                0x0000000010000f38      0x1dc Drivers/stm32mp1xx_hal_gpio.o
                0x0000000010000f38                HAL_GPIO_Init
 .text.HAL_GPIO_WritePin
                0x0000000010001114        0xc Drivers/stm32mp1xx_hal_gpio.o
                0x0000000010001114                HAL_GPIO_WritePin
 .text.HAL_GPIO_TogglePin
                0x0000000010001120        0xe Drivers/stm32mp1xx_hal_gpio.o
                0x0000000010001120                HAL_GPIO_TogglePin
 *fill*         0x000000001000112e        0x2 
 .text.HAL_HSEM_FastTake
                0x0000000010001130       0x1c Drivers/stm32mp1xx_hal_hsem.o
                0x0000000010001130                HAL_HSEM_FastTake
 .text.HAL_HSEM_Release
                0x000000001000114c        0xe Drivers/stm32mp1xx_hal_hsem.o
                0x000000001000114c                HAL_HSEM_Release
 *fill*         0x000000001000115a        0x2 
 .text.HAL_PWR_EnableBkUpAccess
                0x000000001000115c       0x10 Drivers/stm32mp1xx_hal_pwr.o
                0x000000001000115c                HAL_PWR_EnableBkUpAccess
 .text.HAL_RCC_HSEConfig
                0x000000001000116c       0xa0 Drivers/stm32mp1xx_hal_rcc.o
                0x000000001000116c                HAL_RCC_HSEConfig
 .text.HAL_RCC_LSEConfig
                0x000000001000120c       0xbe Drivers/stm32mp1xx_hal_rcc.o
                0x000000001000120c                HAL_RCC_LSEConfig
 *fill*         0x00000000100012ca        0x2 
 .text.RCC_PLL1_Config
                0x00000000100012cc      0x24c Drivers/stm32mp1xx_hal_rcc.o
                0x00000000100012cc                RCC_PLL1_Config
 .text.RCC_MPUConfig
                0x0000000010001518       0xa2 Drivers/stm32mp1xx_hal_rcc.o
                0x0000000010001518                RCC_MPUConfig
 .text.RCC_AXISSConfig
                0x00000000100015ba       0xce Drivers/stm32mp1xx_hal_rcc.o
                0x00000000100015ba                RCC_AXISSConfig
 .text.HAL_RCC_GetPLL3ClockFreq
                0x0000000010001688      0x144 Drivers/stm32mp1xx_hal_rcc.o
                0x0000000010001688                HAL_RCC_GetPLL3ClockFreq
 .text.HAL_RCC_GetMCUSSFreq
                0x00000000100017cc       0x50 Drivers/stm32mp1xx_hal_rcc.o
                0x00000000100017cc                HAL_RCC_GetMCUSSFreq
 .text.HAL_RCC_GetMCUFreq
                0x000000001000181c       0x1c Drivers/stm32mp1xx_hal_rcc.o
                0x000000001000181c                HAL_RCC_GetMCUFreq
 .text.HAL_RCC_GetSystemCoreClockFreq
                0x0000000010001838        0x8 Drivers/stm32mp1xx_hal_rcc.o
                0x0000000010001838                HAL_RCC_GetSystemCoreClockFreq
 .text.HAL_RCC_OscConfig
                0x0000000010001840      0x518 Drivers/stm32mp1xx_hal_rcc.o
                0x0000000010001840                HAL_RCC_OscConfig
 .text.RCC_MCUConfig
                0x0000000010001d58       0xec Drivers/stm32mp1xx_hal_rcc.o
                0x0000000010001d58                RCC_MCUConfig
 .text.HAL_RCC_ClockConfig
                0x0000000010001e44      0x188 Drivers/stm32mp1xx_hal_rcc.o
                0x0000000010001e44                HAL_RCC_ClockConfig
 .text.RCCEx_PLL2_Config
                0x0000000010001fcc      0x254 Drivers/stm32mp1xx_hal_rcc_ex.o
                0x0000000010001fcc                RCCEx_PLL2_Config
 .text.RCCEx_PLL3_Config
                0x0000000010002220      0x21c Drivers/stm32mp1xx_hal_rcc_ex.o
                0x0000000010002220                RCCEx_PLL3_Config
 .text.RCCEx_PLL4_Config
                0x000000001000243c      0x200 Drivers/stm32mp1xx_hal_rcc_ex.o
                0x000000001000243c                RCCEx_PLL4_Config
 .text.SystemInit
                0x000000001000263c       0x28 Drivers/system_stm32mp1xx.o
                0x000000001000263c                SystemInit
 .text.__libc_init_array
                0x0000000010002664       0x48 /home/joseph/Ac6/SystemWorkbench/plugins/fr.ac6.mcu.externaltools.arm-none.linux64_1.17.0.201812190825/tools/compiler/bin/../lib/gcc/arm-none-eabi/7.3.1/../../../../arm-none-eabi/lib/thumb/v7e-m/fpv4-sp/hard/libc_nano.a(lib_a-init.o)
                0x0000000010002664                __libc_init_array
 .text.memset   0x00000000100026ac       0x10 /home/joseph/Ac6/SystemWorkbench/plugins/fr.ac6.mcu.externaltools.arm-none.linux64_1.17.0.201812190825/tools/compiler/bin/../lib/gcc/arm-none-eabi/7.3.1/../../../../arm-none-eabi/lib/thumb/v7e-m/fpv4-sp/hard/libc_nano.a(lib_a-memset.o)
                0x00000000100026ac                memset
 .text.__cvt    0x00000000100026bc       0xc2 /home/joseph/Ac6/SystemWorkbench/plugins/fr.ac6.mcu.externaltools.arm-none.linux64_1.17.0.201812190825/tools/compiler/bin/../lib/gcc/arm-none-eabi/7.3.1/../../../../arm-none-eabi/lib/thumb/v7e-m/fpv4-sp/hard/libc_nano.a(lib_a-nano-vfprintf_float.o)
                0x00000000100026bc                __cvt
 .text.__exponent
                0x000000001000277e       0x66 /home/joseph/Ac6/SystemWorkbench/plugins/fr.ac6.mcu.externaltools.arm-none.linux64_1.17.0.201812190825/tools/compiler/bin/../lib/gcc/arm-none-eabi/7.3.1/../../../../arm-none-eabi/lib/thumb/v7e-m/fpv4-sp/hard/libc_nano.a(lib_a-nano-vfprintf_float.o)
                0x000000001000277e                __exponent
 .text._printf_float
                0x00000000100027e4      0x480 /home/joseph/Ac6/SystemWorkbench/plugins/fr.ac6.mcu.externaltools.arm-none.linux64_1.17.0.201812190825/tools/compiler/bin/../lib/gcc/arm-none-eabi/7.3.1/../../../../arm-none-eabi/lib/thumb/v7e-m/fpv4-sp/hard/libc_nano.a(lib_a-nano-vfprintf_float.o)
                0x00000000100027e4                _printf_float
 .text._printf_common
                0x0000000010002c64       0xea /home/joseph/Ac6/SystemWorkbench/plugins/fr.ac6.mcu.externaltools.arm-none.linux64_1.17.0.201812190825/tools/compiler/bin/../lib/gcc/arm-none-eabi/7.3.1/../../../../arm-none-eabi/lib/thumb/v7e-m/fpv4-sp/hard/libc_nano.a(lib_a-nano-vfprintf_i.o)
                0x0000000010002c64                _printf_common
 .text.quorem   0x0000000010002d4e      0x118 /home/joseph/Ac6/SystemWorkbench/plugins/fr.ac6.mcu.externaltools.arm-none.linux64_1.17.0.201812190825/tools/compiler/bin/../lib/gcc/arm-none-eabi/7.3.1/../../../../arm-none-eabi/lib/thumb/v7e-m/fpv4-sp/hard/libc_nano.a(lib_a-dtoa.o)
 *fill*         0x0000000010002e66        0x2 
 .text._dtoa_r  0x0000000010002e68      0xb70 /home/joseph/Ac6/SystemWorkbench/plugins/fr.ac6.mcu.externaltools.arm-none.linux64_1.17.0.201812190825/tools/compiler/bin/../lib/gcc/arm-none-eabi/7.3.1/../../../../arm-none-eabi/lib/thumb/v7e-m/fpv4-sp/hard/libc_nano.a(lib_a-dtoa.o)
                0x0000000010002e68                _dtoa_r
 .text._localeconv_r
                0x00000000100039d8       0x1c /home/joseph/Ac6/SystemWorkbench/plugins/fr.ac6.mcu.externaltools.arm-none.linux64_1.17.0.201812190825/tools/compiler/bin/../lib/gcc/arm-none-eabi/7.3.1/../../../../arm-none-eabi/lib/thumb/v7e-m/fpv4-sp/hard/libc_nano.a(lib_a-localeconv.o)
                0x00000000100039d8                _localeconv_r
 .text.malloc   0x00000000100039f4       0x10 /home/joseph/Ac6/SystemWorkbench/plugins/fr.ac6.mcu.externaltools.arm-none.linux64_1.17.0.201812190825/tools/compiler/bin/../lib/gcc/arm-none-eabi/7.3.1/../../../../arm-none-eabi/lib/thumb/v7e-m/fpv4-sp/hard/libc_nano.a(lib_a-malloc.o)
                0x00000000100039f4                malloc
 .text.memcpy   0x0000000010003a04       0x16 /home/joseph/Ac6/SystemWorkbench/plugins/fr.ac6.mcu.externaltools.arm-none.linux64_1.17.0.201812190825/tools/compiler/bin/../lib/gcc/arm-none-eabi/7.3.1/../../../../arm-none-eabi/lib/thumb/v7e-m/fpv4-sp/hard/libc_nano.a(lib_a-memcpy-stub.o)
                0x0000000010003a04                memcpy
 .text._Balloc  0x0000000010003a1a       0x68 /home/joseph/Ac6/SystemWorkbench/plugins/fr.ac6.mcu.externaltools.arm-none.linux64_1.17.0.201812190825/tools/compiler/bin/../lib/gcc/arm-none-eabi/7.3.1/../../../../arm-none-eabi/lib/thumb/v7e-m/fpv4-sp/hard/libc_nano.a(lib_a-mprec.o)
                0x0000000010003a1a                _Balloc
 .text._Bfree   0x0000000010003a82       0x2e /home/joseph/Ac6/SystemWorkbench/plugins/fr.ac6.mcu.externaltools.arm-none.linux64_1.17.0.201812190825/tools/compiler/bin/../lib/gcc/arm-none-eabi/7.3.1/../../../../arm-none-eabi/lib/thumb/v7e-m/fpv4-sp/hard/libc_nano.a(lib_a-mprec.o)
                0x0000000010003a82                _Bfree
 .text.__multadd
                0x0000000010003ab0       0x76 /home/joseph/Ac6/SystemWorkbench/plugins/fr.ac6.mcu.externaltools.arm-none.linux64_1.17.0.201812190825/tools/compiler/bin/../lib/gcc/arm-none-eabi/7.3.1/../../../../arm-none-eabi/lib/thumb/v7e-m/fpv4-sp/hard/libc_nano.a(lib_a-mprec.o)
                0x0000000010003ab0                __multadd
 .text.__hi0bits
                0x0000000010003b26       0x3e /home/joseph/Ac6/SystemWorkbench/plugins/fr.ac6.mcu.externaltools.arm-none.linux64_1.17.0.201812190825/tools/compiler/bin/../lib/gcc/arm-none-eabi/7.3.1/../../../../arm-none-eabi/lib/thumb/v7e-m/fpv4-sp/hard/libc_nano.a(lib_a-mprec.o)
                0x0000000010003b26                __hi0bits
 .text.__lo0bits
                0x0000000010003b64       0x5e /home/joseph/Ac6/SystemWorkbench/plugins/fr.ac6.mcu.externaltools.arm-none.linux64_1.17.0.201812190825/tools/compiler/bin/../lib/gcc/arm-none-eabi/7.3.1/../../../../arm-none-eabi/lib/thumb/v7e-m/fpv4-sp/hard/libc_nano.a(lib_a-mprec.o)
                0x0000000010003b64                __lo0bits
 .text.__i2b    0x0000000010003bc2       0x12 /home/joseph/Ac6/SystemWorkbench/plugins/fr.ac6.mcu.externaltools.arm-none.linux64_1.17.0.201812190825/tools/compiler/bin/../lib/gcc/arm-none-eabi/7.3.1/../../../../arm-none-eabi/lib/thumb/v7e-m/fpv4-sp/hard/libc_nano.a(lib_a-mprec.o)
                0x0000000010003bc2                __i2b
 .text.__multiply
                0x0000000010003bd4      0x12c /home/joseph/Ac6/SystemWorkbench/plugins/fr.ac6.mcu.externaltools.arm-none.linux64_1.17.0.201812190825/tools/compiler/bin/../lib/gcc/arm-none-eabi/7.3.1/../../../../arm-none-eabi/lib/thumb/v7e-m/fpv4-sp/hard/libc_nano.a(lib_a-mprec.o)
                0x0000000010003bd4                __multiply
 .text.__pow5mult
                0x0000000010003d00       0x9c /home/joseph/Ac6/SystemWorkbench/plugins/fr.ac6.mcu.externaltools.arm-none.linux64_1.17.0.201812190825/tools/compiler/bin/../lib/gcc/arm-none-eabi/7.3.1/../../../../arm-none-eabi/lib/thumb/v7e-m/fpv4-sp/hard/libc_nano.a(lib_a-mprec.o)
                0x0000000010003d00                __pow5mult
 .text.__lshift
                0x0000000010003d9c       0xa8 /home/joseph/Ac6/SystemWorkbench/plugins/fr.ac6.mcu.externaltools.arm-none.linux64_1.17.0.201812190825/tools/compiler/bin/../lib/gcc/arm-none-eabi/7.3.1/../../../../arm-none-eabi/lib/thumb/v7e-m/fpv4-sp/hard/libc_nano.a(lib_a-mprec.o)
                0x0000000010003d9c                __lshift
 .text.__mcmp   0x0000000010003e44       0x34 /home/joseph/Ac6/SystemWorkbench/plugins/fr.ac6.mcu.externaltools.arm-none.linux64_1.17.0.201812190825/tools/compiler/bin/../lib/gcc/arm-none-eabi/7.3.1/../../../../arm-none-eabi/lib/thumb/v7e-m/fpv4-sp/hard/libc_nano.a(lib_a-mprec.o)
                0x0000000010003e44                __mcmp
 .text.__mdiff  0x0000000010003e78       0xba /home/joseph/Ac6/SystemWorkbench/plugins/fr.ac6.mcu.externaltools.arm-none.linux64_1.17.0.201812190825/tools/compiler/bin/../lib/gcc/arm-none-eabi/7.3.1/../../../../arm-none-eabi/lib/thumb/v7e-m/fpv4-sp/hard/libc_nano.a(lib_a-mprec.o)
                0x0000000010003e78                __mdiff
 .text.__d2b    0x0000000010003f32       0x9e /home/joseph/Ac6/SystemWorkbench/plugins/fr.ac6.mcu.externaltools.arm-none.linux64_1.17.0.201812190825/tools/compiler/bin/../lib/gcc/arm-none-eabi/7.3.1/../../../../arm-none-eabi/lib/thumb/v7e-m/fpv4-sp/hard/libc_nano.a(lib_a-mprec.o)
                0x0000000010003f32                __d2b
 .text._calloc_r
                0x0000000010003fd0       0x1c /home/joseph/Ac6/SystemWorkbench/plugins/fr.ac6.mcu.externaltools.arm-none.linux64_1.17.0.201812190825/tools/compiler/bin/../lib/gcc/arm-none-eabi/7.3.1/../../../../arm-none-eabi/lib/thumb/v7e-m/fpv4-sp/hard/libc_nano.a(lib_a-nano-callocr.o)
                0x0000000010003fd0                _calloc_r
 .text._malloc_r
                0x0000000010003fec       0xb4 /home/joseph/Ac6/SystemWorkbench/plugins/fr.ac6.mcu.externaltools.arm-none.linux64_1.17.0.201812190825/tools/compiler/bin/../lib/gcc/arm-none-eabi/7.3.1/../../../../arm-none-eabi/lib/thumb/v7e-m/fpv4-sp/hard/libc_nano.a(lib_a-nano-mallocr.o)
                0x0000000010003fec                _malloc_r
 .text._sbrk_r  0x00000000100040a0       0x20 /home/joseph/Ac6/SystemWorkbench/plugins/fr.ac6.mcu.externaltools.arm-none.linux64_1.17.0.201812190825/tools/compiler/bin/../lib/gcc/arm-none-eabi/7.3.1/../../../../arm-none-eabi/lib/thumb/v7e-m/fpv4-sp/hard/libc_nano.a(lib_a-sbrkr.o)
                0x00000000100040a0                _sbrk_r
 .text.__ascii_mbtowc
                0x00000000100040c0       0x24 /home/joseph/Ac6/SystemWorkbench/plugins/fr.ac6.mcu.externaltools.arm-none.linux64_1.17.0.201812190825/tools/compiler/bin/../lib/gcc/arm-none-eabi/7.3.1/../../../../arm-none-eabi/lib/thumb/v7e-m/fpv4-sp/hard/libc_nano.a(lib_a-mbtowc_r.o)
                0x00000000100040c0                __ascii_mbtowc
 .text.__malloc_lock
                0x00000000100040e4        0x2 /home/joseph/Ac6/SystemWorkbench/plugins/fr.ac6.mcu.externaltools.arm-none.linux64_1.17.0.201812190825/tools/compiler/bin/../lib/gcc/arm-none-eabi/7.3.1/../../../../arm-none-eabi/lib/thumb/v7e-m/fpv4-sp/hard/libc_nano.a(lib_a-mlock.o)
                0x00000000100040e4                __malloc_lock
 .text.__malloc_unlock
                0x00000000100040e6        0x2 /home/joseph/Ac6/SystemWorkbench/plugins/fr.ac6.mcu.externaltools.arm-none.linux64_1.17.0.201812190825/tools/compiler/bin/../lib/gcc/arm-none-eabi/7.3.1/../../../../arm-none-eabi/lib/thumb/v7e-m/fpv4-sp/hard/libc_nano.a(lib_a-mlock.o)
                0x00000000100040e6                __malloc_unlock
 .text.__ascii_wctomb
                0x00000000100040e8       0x1a /home/joseph/Ac6/SystemWorkbench/plugins/fr.ac6.mcu.externaltools.arm-none.linux64_1.17.0.201812190825/tools/compiler/bin/../lib/gcc/arm-none-eabi/7.3.1/../../../../arm-none-eabi/lib/thumb/v7e-m/fpv4-sp/hard/libc_nano.a(lib_a-wctomb_r.o)
                0x00000000100040e8                __ascii_wctomb
 *(.glue_7)
 .glue_7        0x0000000010004102        0x0 linker stubs
 *(.glue_7t)
 .glue_7t       0x0000000010004102        0x0 linker stubs
 *(.eh_frame)
 *fill*         0x0000000010004102        0x2 
 .eh_frame      0x0000000010004104        0x0 /home/joseph/Ac6/SystemWorkbench/plugins/fr.ac6.mcu.externaltools.arm-none.linux64_1.17.0.201812190825/tools/compiler/bin/../lib/gcc/arm-none-eabi/7.3.1/thumb/v7e-m/fpv4-sp/hard/crtbegin.o
 *(.init)
 .init          0x0000000010004104        0x4 /home/joseph/Ac6/SystemWorkbench/plugins/fr.ac6.mcu.externaltools.arm-none.linux64_1.17.0.201812190825/tools/compiler/bin/../lib/gcc/arm-none-eabi/7.3.1/thumb/v7e-m/fpv4-sp/hard/crti.o
                0x0000000010004104                _init
 .init          0x0000000010004108        0x8 /home/joseph/Ac6/SystemWorkbench/plugins/fr.ac6.mcu.externaltools.arm-none.linux64_1.17.0.201812190825/tools/compiler/bin/../lib/gcc/arm-none-eabi/7.3.1/thumb/v7e-m/fpv4-sp/hard/crtn.o
 *(.fini)
 .fini          0x0000000010004110        0x4 /home/joseph/Ac6/SystemWorkbench/plugins/fr.ac6.mcu.externaltools.arm-none.linux64_1.17.0.201812190825/tools/compiler/bin/../lib/gcc/arm-none-eabi/7.3.1/thumb/v7e-m/fpv4-sp/hard/crti.o
                0x0000000010004110                _fini
 .fini          0x0000000010004114        0x8 /home/joseph/Ac6/SystemWorkbench/plugins/fr.ac6.mcu.externaltools.arm-none.linux64_1.17.0.201812190825/tools/compiler/bin/../lib/gcc/arm-none-eabi/7.3.1/thumb/v7e-m/fpv4-sp/hard/crtn.o
                0x000000001000411c                . = ALIGN (0x4)
                0x000000001000411c                _etext = .

.vfp11_veneer   0x000000001000411c        0x0
 .vfp11_veneer  0x000000001000411c        0x0 linker stubs

.v4_bx          0x000000001000411c        0x0
 .v4_bx         0x000000001000411c        0x0 linker stubs

.iplt           0x000000001000411c        0x0
 .iplt          0x000000001000411c        0x0 /home/joseph/Ac6/SystemWorkbench/plugins/fr.ac6.mcu.externaltools.arm-none.linux64_1.17.0.201812190825/tools/compiler/bin/../lib/gcc/arm-none-eabi/7.3.1/thumb/v7e-m/fpv4-sp/hard/crtbegin.o

.startup_copro_fw.Reset_Handler
                0x000000001000411c       0x50
 .startup_copro_fw.Reset_Handler
                0x000000001000411c       0x50 Application/startup/startup_stm32mp15xx.o
                0x000000001000411c                Reset_Handler

.rodata         0x0000000010004170      0x288
                0x0000000010004170                . = ALIGN (0x4)
 *(.rodata)
 .rodata        0x0000000010004170       0x60 Drivers/stm32mp15xx_disco.o
 *(.rodata*)
 .rodata._printf_float.str1.1
                0x00000000100041d0       0x12 /home/joseph/Ac6/SystemWorkbench/plugins/fr.ac6.mcu.externaltools.arm-none.linux64_1.17.0.201812190825/tools/compiler/bin/../lib/gcc/arm-none-eabi/7.3.1/../../../../arm-none-eabi/lib/thumb/v7e-m/fpv4-sp/hard/libc_nano.a(lib_a-nano-vfprintf_float.o)
 .rodata._dtoa_r.str1.1
                0x00000000100041e2        0xd /home/joseph/Ac6/SystemWorkbench/plugins/fr.ac6.mcu.externaltools.arm-none.linux64_1.17.0.201812190825/tools/compiler/bin/../lib/gcc/arm-none-eabi/7.3.1/../../../../arm-none-eabi/lib/thumb/v7e-m/fpv4-sp/hard/libc_nano.a(lib_a-dtoa.o)
                                          0xf (size before relaxing)
 *fill*         0x00000000100041ef        0x1 
 .rodata.__mprec_bigtens
                0x00000000100041f0       0x28 /home/joseph/Ac6/SystemWorkbench/plugins/fr.ac6.mcu.externaltools.arm-none.linux64_1.17.0.201812190825/tools/compiler/bin/../lib/gcc/arm-none-eabi/7.3.1/../../../../arm-none-eabi/lib/thumb/v7e-m/fpv4-sp/hard/libc_nano.a(lib_a-mprec.o)
                0x00000000100041f0                __mprec_bigtens
 .rodata.__mprec_tens
                0x0000000010004218       0xc8 /home/joseph/Ac6/SystemWorkbench/plugins/fr.ac6.mcu.externaltools.arm-none.linux64_1.17.0.201812190825/tools/compiler/bin/../lib/gcc/arm-none-eabi/7.3.1/../../../../arm-none-eabi/lib/thumb/v7e-m/fpv4-sp/hard/libc_nano.a(lib_a-mprec.o)
                0x0000000010004218                __mprec_tens
 .rodata.p05.7359
                0x00000000100042e0        0xc /home/joseph/Ac6/SystemWorkbench/plugins/fr.ac6.mcu.externaltools.arm-none.linux64_1.17.0.201812190825/tools/compiler/bin/../lib/gcc/arm-none-eabi/7.3.1/../../../../arm-none-eabi/lib/thumb/v7e-m/fpv4-sp/hard/libc_nano.a(lib_a-mprec.o)
 .rodata._setlocale_r.str1.1
                0x00000000100042ec        0x8 /home/joseph/Ac6/SystemWorkbench/plugins/fr.ac6.mcu.externaltools.arm-none.linux64_1.17.0.201812190825/tools/compiler/bin/../lib/gcc/arm-none-eabi/7.3.1/../../../../arm-none-eabi/lib/thumb/v7e-m/fpv4-sp/hard/libc_nano.a(lib_a-locale.o)
                                          0x9 (size before relaxing)
 .rodata.str1.1
                0x00000000100042f4        0x2 /home/joseph/Ac6/SystemWorkbench/plugins/fr.ac6.mcu.externaltools.arm-none.linux64_1.17.0.201812190825/tools/compiler/bin/../lib/gcc/arm-none-eabi/7.3.1/../../../../arm-none-eabi/lib/thumb/v7e-m/fpv4-sp/hard/libc_nano.a(lib_a-locale.o)
 .rodata._ctype_
                0x00000000100042f6      0x101 /home/joseph/Ac6/SystemWorkbench/plugins/fr.ac6.mcu.externaltools.arm-none.linux64_1.17.0.201812190825/tools/compiler/bin/../lib/gcc/arm-none-eabi/7.3.1/../../../../arm-none-eabi/lib/thumb/v7e-m/fpv4-sp/hard/libc_nano.a(lib_a-ctype_.o)
                0x00000000100042f6                _ctype_
                0x00000000100043f8                . = ALIGN (0x4)
 *fill*         0x00000000100043f7        0x1 

.rel.dyn        0x00000000100043f8        0x0
 .rel.iplt      0x00000000100043f8        0x0 /home/joseph/Ac6/SystemWorkbench/plugins/fr.ac6.mcu.externaltools.arm-none.linux64_1.17.0.201812190825/tools/compiler/bin/../lib/gcc/arm-none-eabi/7.3.1/thumb/v7e-m/fpv4-sp/hard/crtbegin.o

.ARM.extab      0x00000000100043f8        0x0
                0x00000000100043f8                . = ALIGN (0x4)
 *(.ARM.extab* .gnu.linkonce.armextab.*)
                0x00000000100043f8                . = ALIGN (0x4)

.ARM            0x00000000100043f8        0x0
                0x00000000100043f8                . = ALIGN (0x4)
                0x00000000100043f8                __exidx_start = .
 *(.ARM.exidx*)
                0x00000000100043f8                __exidx_end = .
                0x00000000100043f8                . = ALIGN (0x4)

.preinit_array  0x00000000100043f8        0x0
                0x00000000100043f8                . = ALIGN (0x4)
                0x00000000100043f8                PROVIDE (__preinit_array_start = .)
 *(.preinit_array*)
                0x00000000100043f8                PROVIDE (__preinit_array_end = .)
                0x00000000100043f8                . = ALIGN (0x4)

.init_array     0x00000000100043f8        0x4
                0x00000000100043f8                . = ALIGN (0x4)
                0x00000000100043f8                PROVIDE (__init_array_start = .)
 *(SORT_BY_NAME(.init_array.*))
 *(.init_array*)
 .init_array    0x00000000100043f8        0x4 /home/joseph/Ac6/SystemWorkbench/plugins/fr.ac6.mcu.externaltools.arm-none.linux64_1.17.0.201812190825/tools/compiler/bin/../lib/gcc/arm-none-eabi/7.3.1/thumb/v7e-m/fpv4-sp/hard/crtbegin.o
                0x00000000100043fc                PROVIDE (__init_array_end = .)
                0x00000000100043fc                . = ALIGN (0x4)

.fini_array     0x00000000100043fc        0x4
                0x00000000100043fc                . = ALIGN (0x4)
                [!provide]                        PROVIDE (__fini_array_start = .)
 *(SORT_BY_NAME(.fini_array.*))
 *(.fini_array*)
 .fini_array    0x00000000100043fc        0x4 /home/joseph/Ac6/SystemWorkbench/plugins/fr.ac6.mcu.externaltools.arm-none.linux64_1.17.0.201812190825/tools/compiler/bin/../lib/gcc/arm-none-eabi/7.3.1/thumb/v7e-m/fpv4-sp/hard/crtbegin.o
                [!provide]                        PROVIDE (__fini_array_end = .)
                0x0000000010004400                . = ALIGN (0x4)
                0x0000000010004400                __DATA_ROM = .
                0x0000000010004400                _sidata = LOADADDR (.data)

.data           0x0000000010020000      0x1dc load address 0x0000000010004400
                0x0000000010020000                . = ALIGN (0x4)
                0x0000000010020000                _sdata = .
 *(.data)
 .data          0x0000000010020000        0x8 Drivers/stm32mp1xx_hal.o
                0x0000000010020000                uwTickFreq
                0x0000000010020004                uwTickPrio
 .data          0x0000000010020008        0x4 Drivers/system_stm32mp1xx.o
                0x0000000010020008                SystemCoreClock
 *(.data*)
 .data._impure_ptr
                0x000000001002000c        0x4 /home/joseph/Ac6/SystemWorkbench/plugins/fr.ac6.mcu.externaltools.arm-none.linux64_1.17.0.201812190825/tools/compiler/bin/../lib/gcc/arm-none-eabi/7.3.1/../../../../arm-none-eabi/lib/thumb/v7e-m/fpv4-sp/hard/libc_nano.a(lib_a-impure.o)
                0x000000001002000c                _impure_ptr
 .data.impure_data
                0x0000000010020010       0x60 /home/joseph/Ac6/SystemWorkbench/plugins/fr.ac6.mcu.externaltools.arm-none.linux64_1.17.0.201812190825/tools/compiler/bin/../lib/gcc/arm-none-eabi/7.3.1/../../../../arm-none-eabi/lib/thumb/v7e-m/fpv4-sp/hard/libc_nano.a(lib_a-impure.o)
 .data.__global_locale
                0x0000000010020070      0x16c /home/joseph/Ac6/SystemWorkbench/plugins/fr.ac6.mcu.externaltools.arm-none.linux64_1.17.0.201812190825/tools/compiler/bin/../lib/gcc/arm-none-eabi/7.3.1/../../../../arm-none-eabi/lib/thumb/v7e-m/fpv4-sp/hard/libc_nano.a(lib_a-locale.o)
                0x0000000010020070                __global_locale
                0x00000000100201dc                . = ALIGN (0x4)
                0x00000000100201dc                _edata = .
                0x00000000100045dc                __DATA_END = (__DATA_ROM + (_edata - _sdata))
                0x0000000010020000                text_end = (ORIGIN (m_text) + LENGTH (m_text))
                0x0000000000000001                ASSERT ((__DATA_END <= text_end), region m_text overflowed with text and data)

.igot.plt       0x00000000100201dc        0x0 load address 0x00000000100045dc
 .igot.plt      0x00000000100201dc        0x0 /home/joseph/Ac6/SystemWorkbench/plugins/fr.ac6.mcu.externaltools.arm-none.linux64_1.17.0.201812190825/tools/compiler/bin/../lib/gcc/arm-none-eabi/7.3.1/thumb/v7e-m/fpv4-sp/hard/crtbegin.o

.resource_table
                0x00000000100201dc        0x0
                0x00000000100201dc                . = ALIGN (0x4)
 *(.resource_table*)
                0x00000000100201dc                . = ALIGN (0x4)
                0x00000000100201dc                . = ALIGN (0x4)

.bss            0x00000000100201dc       0x30 load address 0x00000000100045dc
                0x00000000100201dc                _sbss = .
                0x00000000100201dc                __bss_start__ = _sbss
 *(.bss)
 .bss           0x00000000100201dc       0x1c /home/joseph/Ac6/SystemWorkbench/plugins/fr.ac6.mcu.externaltools.arm-none.linux64_1.17.0.201812190825/tools/compiler/bin/../lib/gcc/arm-none-eabi/7.3.1/thumb/v7e-m/fpv4-sp/hard/crtbegin.o
 .bss           0x00000000100201f8        0x4 Application/startup/syscalls.o
 *(.bss*)
 .bss.__malloc_free_list
                0x00000000100201fc        0x4 /home/joseph/Ac6/SystemWorkbench/plugins/fr.ac6.mcu.externaltools.arm-none.linux64_1.17.0.201812190825/tools/compiler/bin/../lib/gcc/arm-none-eabi/7.3.1/../../../../arm-none-eabi/lib/thumb/v7e-m/fpv4-sp/hard/libc_nano.a(lib_a-nano-mallocr.o)
                0x00000000100201fc                __malloc_free_list
 .bss.__malloc_sbrk_start
                0x0000000010020200        0x4 /home/joseph/Ac6/SystemWorkbench/plugins/fr.ac6.mcu.externaltools.arm-none.linux64_1.17.0.201812190825/tools/compiler/bin/../lib/gcc/arm-none-eabi/7.3.1/../../../../arm-none-eabi/lib/thumb/v7e-m/fpv4-sp/hard/libc_nano.a(lib_a-nano-mallocr.o)
                0x0000000010020200                __malloc_sbrk_start
 *(COMMON)
 COMMON         0x0000000010020204        0x4 Drivers/stm32mp1xx_hal.o
                0x0000000010020204                uwTick
 COMMON         0x0000000010020208        0x4 /home/joseph/Ac6/SystemWorkbench/plugins/fr.ac6.mcu.externaltools.arm-none.linux64_1.17.0.201812190825/tools/compiler/bin/../lib/gcc/arm-none-eabi/7.3.1/../../../../arm-none-eabi/lib/thumb/v7e-m/fpv4-sp/hard/libc_nano.a(lib_a-reent.o)
                0x0000000010020208                errno
                0x000000001002020c                . = ALIGN (0x4)
                0x000000001002020c                _ebss = .
                0x000000001002020c                __bss_end__ = _ebss

._user_heap_stack
                0x000000001002020c      0x604 load address 0x000000001000460c
                0x0000000010020210                . = ALIGN (0x8)
 *fill*         0x000000001002020c        0x4 
                0x0000000010020210                PROVIDE (end = .)
                [!provide]                        PROVIDE (_end = .)
                0x0000000010020410                . = (. + _Min_Heap_Size)
 *fill*         0x0000000010020210      0x200 
                0x0000000010020810                . = (. + _Min_Stack_Size)
 *fill*         0x0000000010020410      0x400 
                0x0000000010020810                . = ALIGN (0x8)

/DISCARD/
 libc.a(*)
 libm.a(*)
 libgcc.a(*)

.ARM.attributes
                0x0000000000000000       0x30
 *(.ARM.attributes)
 .ARM.attributes
                0x0000000000000000       0x22 /home/joseph/Ac6/SystemWorkbench/plugins/fr.ac6.mcu.externaltools.arm-none.linux64_1.17.0.201812190825/tools/compiler/bin/../lib/gcc/arm-none-eabi/7.3.1/thumb/v7e-m/fpv4-sp/hard/crti.o
 .ARM.attributes
                0x0000000000000022       0x34 /home/joseph/Ac6/SystemWorkbench/plugins/fr.ac6.mcu.externaltools.arm-none.linux64_1.17.0.201812190825/tools/compiler/bin/../lib/gcc/arm-none-eabi/7.3.1/thumb/v7e-m/fpv4-sp/hard/crtbegin.o
 .ARM.attributes
                0x0000000000000056       0x39 Application/src/lock_resource.o
 .ARM.attributes
                0x000000000000008f       0x39 Application/src/main.o
 .ARM.attributes
                0x00000000000000c8       0x21 Application/startup/startup_stm32mp15xx.o
 .ARM.attributes
                0x00000000000000e9       0x39 Application/startup/syscalls.o
 .ARM.attributes
                0x0000000000000122       0x39 Drivers/stm32mp15xx_disco.o
 .ARM.attributes
                0x000000000000015b       0x39 Drivers/stm32mp1xx_hal.o
 .ARM.attributes
                0x0000000000000194       0x39 Drivers/stm32mp1xx_hal_cortex.o
 .ARM.attributes
                0x00000000000001cd       0x39 Drivers/stm32mp1xx_hal_gpio.o
 .ARM.attributes
                0x0000000000000206       0x39 Drivers/stm32mp1xx_hal_hsem.o
 .ARM.attributes
                0x000000000000023f       0x39 Drivers/stm32mp1xx_hal_pwr.o
 .ARM.attributes
                0x0000000000000278       0x39 Drivers/stm32mp1xx_hal_rcc.o
 .ARM.attributes
                0x00000000000002b1       0x39 Drivers/stm32mp1xx_hal_rcc_ex.o
 .ARM.attributes
                0x00000000000002ea       0x39 Drivers/system_stm32mp1xx.o
 .ARM.attributes
                0x0000000000000323       0x34 /home/joseph/Ac6/SystemWorkbench/plugins/fr.ac6.mcu.externaltools.arm-none.linux64_1.17.0.201812190825/tools/compiler/bin/../lib/gcc/arm-none-eabi/7.3.1/../../../../arm-none-eabi/lib/thumb/v7e-m/fpv4-sp/hard/libc_nano.a(lib_a-impure.o)
 .ARM.attributes
                0x0000000000000357       0x34 /home/joseph/Ac6/SystemWorkbench/plugins/fr.ac6.mcu.externaltools.arm-none.linux64_1.17.0.201812190825/tools/compiler/bin/../lib/gcc/arm-none-eabi/7.3.1/../../../../arm-none-eabi/lib/thumb/v7e-m/fpv4-sp/hard/libc_nano.a(lib_a-init.o)
 .ARM.attributes
                0x000000000000038b       0x34 /home/joseph/Ac6/SystemWorkbench/plugins/fr.ac6.mcu.externaltools.arm-none.linux64_1.17.0.201812190825/tools/compiler/bin/../lib/gcc/arm-none-eabi/7.3.1/../../../../arm-none-eabi/lib/thumb/v7e-m/fpv4-sp/hard/libc_nano.a(lib_a-memset.o)
 .ARM.attributes
                0x00000000000003bf       0x34 /home/joseph/Ac6/SystemWorkbench/plugins/fr.ac6.mcu.externaltools.arm-none.linux64_1.17.0.201812190825/tools/compiler/bin/../lib/gcc/arm-none-eabi/7.3.1/../../../../arm-none-eabi/lib/thumb/v7e-m/fpv4-sp/hard/libc_nano.a(lib_a-nano-vfprintf_float.o)
 .ARM.attributes
                0x00000000000003f3       0x34 /home/joseph/Ac6/SystemWorkbench/plugins/fr.ac6.mcu.externaltools.arm-none.linux64_1.17.0.201812190825/tools/compiler/bin/../lib/gcc/arm-none-eabi/7.3.1/../../../../arm-none-eabi/lib/thumb/v7e-m/fpv4-sp/hard/libc_nano.a(lib_a-nano-vfprintf_i.o)
 .ARM.attributes
                0x0000000000000427       0x34 /home/joseph/Ac6/SystemWorkbench/plugins/fr.ac6.mcu.externaltools.arm-none.linux64_1.17.0.201812190825/tools/compiler/bin/../lib/gcc/arm-none-eabi/7.3.1/../../../../arm-none-eabi/lib/thumb/v7e-m/fpv4-sp/hard/libc_nano.a(lib_a-reent.o)
 .ARM.attributes
                0x000000000000045b       0x1b /home/joseph/Ac6/SystemWorkbench/plugins/fr.ac6.mcu.externaltools.arm-none.linux64_1.17.0.201812190825/tools/compiler/bin/../lib/gcc/arm-none-eabi/7.3.1/../../../../arm-none-eabi/lib/thumb/v7e-m/fpv4-sp/hard/libc_nano.a(lib_a-strlen.o)
 .ARM.attributes
                0x0000000000000476       0x34 /home/joseph/Ac6/SystemWorkbench/plugins/fr.ac6.mcu.externaltools.arm-none.linux64_1.17.0.201812190825/tools/compiler/bin/../lib/gcc/arm-none-eabi/7.3.1/../../../../arm-none-eabi/lib/thumb/v7e-m/fpv4-sp/hard/libc_nano.a(lib_a-dtoa.o)
 .ARM.attributes
                0x00000000000004aa       0x34 /home/joseph/Ac6/SystemWorkbench/plugins/fr.ac6.mcu.externaltools.arm-none.linux64_1.17.0.201812190825/tools/compiler/bin/../lib/gcc/arm-none-eabi/7.3.1/../../../../arm-none-eabi/lib/thumb/v7e-m/fpv4-sp/hard/libc_nano.a(lib_a-localeconv.o)
 .ARM.attributes
                0x00000000000004de       0x34 /home/joseph/Ac6/SystemWorkbench/plugins/fr.ac6.mcu.externaltools.arm-none.linux64_1.17.0.201812190825/tools/compiler/bin/../lib/gcc/arm-none-eabi/7.3.1/../../../../arm-none-eabi/lib/thumb/v7e-m/fpv4-sp/hard/libc_nano.a(lib_a-malloc.o)
 .ARM.attributes
                0x0000000000000512       0x34 /home/joseph/Ac6/SystemWorkbench/plugins/fr.ac6.mcu.externaltools.arm-none.linux64_1.17.0.201812190825/tools/compiler/bin/../lib/gcc/arm-none-eabi/7.3.1/../../../../arm-none-eabi/lib/thumb/v7e-m/fpv4-sp/hard/libc_nano.a(lib_a-memcpy-stub.o)
 .ARM.attributes
                0x0000000000000546       0x34 /home/joseph/Ac6/SystemWorkbench/plugins/fr.ac6.mcu.externaltools.arm-none.linux64_1.17.0.201812190825/tools/compiler/bin/../lib/gcc/arm-none-eabi/7.3.1/../../../../arm-none-eabi/lib/thumb/v7e-m/fpv4-sp/hard/libc_nano.a(lib_a-mprec.o)
 .ARM.attributes
                0x000000000000057a       0x34 /home/joseph/Ac6/SystemWorkbench/plugins/fr.ac6.mcu.externaltools.arm-none.linux64_1.17.0.201812190825/tools/compiler/bin/../lib/gcc/arm-none-eabi/7.3.1/../../../../arm-none-eabi/lib/thumb/v7e-m/fpv4-sp/hard/libc_nano.a(lib_a-nano-callocr.o)
 .ARM.attributes
                0x00000000000005ae       0x34 /home/joseph/Ac6/SystemWorkbench/plugins/fr.ac6.mcu.externaltools.arm-none.linux64_1.17.0.201812190825/tools/compiler/bin/../lib/gcc/arm-none-eabi/7.3.1/../../../../arm-none-eabi/lib/thumb/v7e-m/fpv4-sp/hard/libc_nano.a(lib_a-nano-mallocr.o)
 .ARM.attributes
                0x00000000000005e2       0x34 /home/joseph/Ac6/SystemWorkbench/plugins/fr.ac6.mcu.externaltools.arm-none.linux64_1.17.0.201812190825/tools/compiler/bin/../lib/gcc/arm-none-eabi/7.3.1/../../../../arm-none-eabi/lib/thumb/v7e-m/fpv4-sp/hard/libc_nano.a(lib_a-sbrkr.o)
 .ARM.attributes
                0x0000000000000616       0x34 /home/joseph/Ac6/SystemWorkbench/plugins/fr.ac6.mcu.externaltools.arm-none.linux64_1.17.0.201812190825/tools/compiler/bin/../lib/gcc/arm-none-eabi/7.3.1/../../../../arm-none-eabi/lib/thumb/v7e-m/fpv4-sp/hard/libc_nano.a(lib_a-locale.o)
 .ARM.attributes
                0x000000000000064a       0x34 /home/joseph/Ac6/SystemWorkbench/plugins/fr.ac6.mcu.externaltools.arm-none.linux64_1.17.0.201812190825/tools/compiler/bin/../lib/gcc/arm-none-eabi/7.3.1/../../../../arm-none-eabi/lib/thumb/v7e-m/fpv4-sp/hard/libc_nano.a(lib_a-mbtowc_r.o)
 .ARM.attributes
                0x000000000000067e       0x34 /home/joseph/Ac6/SystemWorkbench/plugins/fr.ac6.mcu.externaltools.arm-none.linux64_1.17.0.201812190825/tools/compiler/bin/../lib/gcc/arm-none-eabi/7.3.1/../../../../arm-none-eabi/lib/thumb/v7e-m/fpv4-sp/hard/libc_nano.a(lib_a-mlock.o)
 .ARM.attributes
                0x00000000000006b2       0x34 /home/joseph/Ac6/SystemWorkbench/plugins/fr.ac6.mcu.externaltools.arm-none.linux64_1.17.0.201812190825/tools/compiler/bin/../lib/gcc/arm-none-eabi/7.3.1/../../../../arm-none-eabi/lib/thumb/v7e-m/fpv4-sp/hard/libc_nano.a(lib_a-wctomb_r.o)
 .ARM.attributes
                0x00000000000006e6       0x34 /home/joseph/Ac6/SystemWorkbench/plugins/fr.ac6.mcu.externaltools.arm-none.linux64_1.17.0.201812190825/tools/compiler/bin/../lib/gcc/arm-none-eabi/7.3.1/../../../../arm-none-eabi/lib/thumb/v7e-m/fpv4-sp/hard/libc_nano.a(lib_a-ctype_.o)
 .ARM.attributes
                0x000000000000071a       0x22 /home/joseph/Ac6/SystemWorkbench/plugins/fr.ac6.mcu.externaltools.arm-none.linux64_1.17.0.201812190825/tools/compiler/bin/../lib/gcc/arm-none-eabi/7.3.1/thumb/v7e-m/fpv4-sp/hard/libgcc.a(_arm_addsubdf3.o)
 .ARM.attributes
                0x000000000000073c       0x22 /home/joseph/Ac6/SystemWorkbench/plugins/fr.ac6.mcu.externaltools.arm-none.linux64_1.17.0.201812190825/tools/compiler/bin/../lib/gcc/arm-none-eabi/7.3.1/thumb/v7e-m/fpv4-sp/hard/libgcc.a(_arm_muldivdf3.o)
 .ARM.attributes
                0x000000000000075e       0x22 /home/joseph/Ac6/SystemWorkbench/plugins/fr.ac6.mcu.externaltools.arm-none.linux64_1.17.0.201812190825/tools/compiler/bin/../lib/gcc/arm-none-eabi/7.3.1/thumb/v7e-m/fpv4-sp/hard/libgcc.a(_arm_cmpdf2.o)
 .ARM.attributes
                0x0000000000000780       0x22 /home/joseph/Ac6/SystemWorkbench/plugins/fr.ac6.mcu.externaltools.arm-none.linux64_1.17.0.201812190825/tools/compiler/bin/../lib/gcc/arm-none-eabi/7.3.1/thumb/v7e-m/fpv4-sp/hard/libgcc.a(_arm_unorddf2.o)
 .ARM.attributes
                0x00000000000007a2       0x22 /home/joseph/Ac6/SystemWorkbench/plugins/fr.ac6.mcu.externaltools.arm-none.linux64_1.17.0.201812190825/tools/compiler/bin/../lib/gcc/arm-none-eabi/7.3.1/thumb/v7e-m/fpv4-sp/hard/libgcc.a(_arm_fixdfsi.o)
 .ARM.attributes
                0x00000000000007c4       0x22 /home/joseph/Ac6/SystemWorkbench/plugins/fr.ac6.mcu.externaltools.arm-none.linux64_1.17.0.201812190825/tools/compiler/bin/../lib/gcc/arm-none-eabi/7.3.1/thumb/v7e-m/fpv4-sp/hard/crtn.o
OUTPUT(Cortex-M4.elf elf32-littlearm)

.debug_info     0x0000000000000000    0x14cb3
 .debug_info    0x0000000000000000      0xfa2 Application/src/lock_resource.o
 .debug_info    0x0000000000000fa2     0x2786 Application/src/main.o
 .debug_info    0x0000000000003728       0x22 Application/startup/startup_stm32mp15xx.o
 .debug_info    0x000000000000374a     0x102f Application/startup/syscalls.o
 .debug_info    0x0000000000004779     0x268a Drivers/stm32mp15xx_disco.o
 .debug_info    0x0000000000006e03     0x168b Drivers/stm32mp1xx_hal.o
 .debug_info    0x000000000000848e     0x1892 Drivers/stm32mp1xx_hal_cortex.o
 .debug_info    0x0000000000009d20     0x1293 Drivers/stm32mp1xx_hal_gpio.o
 .debug_info    0x000000000000afb3      0xce7 Drivers/stm32mp1xx_hal_hsem.o
 .debug_info    0x000000000000bc9a     0x2065 Drivers/stm32mp1xx_hal_pwr.o
 .debug_info    0x000000000000dcff     0x2993 Drivers/stm32mp1xx_hal_rcc.o
 .debug_info    0x0000000000010692     0x2b99 Drivers/stm32mp1xx_hal_rcc_ex.o
 .debug_info    0x000000000001322b     0x1a88 Drivers/system_stm32mp1xx.o

.debug_abbrev   0x0000000000000000     0x233d
 .debug_abbrev  0x0000000000000000      0x276 Application/src/lock_resource.o
 .debug_abbrev  0x0000000000000276      0x309 Application/src/main.o
 .debug_abbrev  0x000000000000057f       0x12 Application/startup/startup_stm32mp15xx.o
 .debug_abbrev  0x0000000000000591      0x2c3 Application/startup/syscalls.o
 .debug_abbrev  0x0000000000000854      0x372 Drivers/stm32mp15xx_disco.o
 .debug_abbrev  0x0000000000000bc6      0x348 Drivers/stm32mp1xx_hal.o
 .debug_abbrev  0x0000000000000f0e      0x3fb Drivers/stm32mp1xx_hal_cortex.o
 .debug_abbrev  0x0000000000001309      0x2d3 Drivers/stm32mp1xx_hal_gpio.o
 .debug_abbrev  0x00000000000015dc      0x2d6 Drivers/stm32mp1xx_hal_hsem.o
 .debug_abbrev  0x00000000000018b2      0x255 Drivers/stm32mp1xx_hal_pwr.o
 .debug_abbrev  0x0000000000001b07      0x2f8 Drivers/stm32mp1xx_hal_rcc.o
 .debug_abbrev  0x0000000000001dff      0x312 Drivers/stm32mp1xx_hal_rcc_ex.o
 .debug_abbrev  0x0000000000002111      0x22c Drivers/system_stm32mp1xx.o

.debug_loc      0x0000000000000000     0x5520
 .debug_loc     0x0000000000000000      0x21e Application/src/lock_resource.o
 .debug_loc     0x000000000000021e       0xbd Application/src/main.o
 .debug_loc     0x00000000000002db      0x37c Application/startup/syscalls.o
 .debug_loc     0x0000000000000657      0x238 Drivers/stm32mp15xx_disco.o
 .debug_loc     0x000000000000088f      0x2fe Drivers/stm32mp1xx_hal.o
 .debug_loc     0x0000000000000b8d      0x5ad Drivers/stm32mp1xx_hal_cortex.o
 .debug_loc     0x000000000000113a      0x3e7 Drivers/stm32mp1xx_hal_gpio.o
 .debug_loc     0x0000000000001521      0x17b Drivers/stm32mp1xx_hal_hsem.o
 .debug_loc     0x000000000000169c       0xc5 Drivers/stm32mp1xx_hal_pwr.o
 .debug_loc     0x0000000000001761      0xd6e Drivers/stm32mp1xx_hal_rcc.o
 .debug_loc     0x00000000000024cf     0x2fc5 Drivers/stm32mp1xx_hal_rcc_ex.o
 .debug_loc     0x0000000000005494       0x8c Drivers/system_stm32mp1xx.o

.debug_aranges  0x0000000000000000      0x738
 .debug_aranges
                0x0000000000000000       0x28 Application/src/lock_resource.o
 .debug_aranges
                0x0000000000000028       0x50 Application/src/main.o
 .debug_aranges
                0x0000000000000078       0x28 Application/startup/startup_stm32mp15xx.o
 .debug_aranges
                0x00000000000000a0       0xb8 Application/startup/syscalls.o
 .debug_aranges
                0x0000000000000158       0xa0 Drivers/stm32mp15xx_disco.o
 .debug_aranges
                0x00000000000001f8      0x160 Drivers/stm32mp1xx_hal.o
 .debug_aranges
                0x0000000000000358       0x90 Drivers/stm32mp1xx_hal_cortex.o
 .debug_aranges
                0x00000000000003e8       0x60 Drivers/stm32mp1xx_hal_gpio.o
 .debug_aranges
                0x0000000000000448       0x70 Drivers/stm32mp1xx_hal_hsem.o
 .debug_aranges
                0x00000000000004b8       0xa0 Drivers/stm32mp1xx_hal_pwr.o
 .debug_aranges
                0x0000000000000558      0x160 Drivers/stm32mp1xx_hal_rcc.o
 .debug_aranges
                0x00000000000006b8       0x58 Drivers/stm32mp1xx_hal_rcc_ex.o
 .debug_aranges
                0x0000000000000710       0x28 Drivers/system_stm32mp1xx.o

.debug_ranges   0x0000000000000000      0x6d0
 .debug_ranges  0x0000000000000000       0x18 Application/src/lock_resource.o
 .debug_ranges  0x0000000000000018       0x40 Application/src/main.o
 .debug_ranges  0x0000000000000058       0x20 Application/startup/startup_stm32mp15xx.o
 .debug_ranges  0x0000000000000078       0xa8 Application/startup/syscalls.o
 .debug_ranges  0x0000000000000120       0x90 Drivers/stm32mp15xx_disco.o
 .debug_ranges  0x00000000000001b0      0x150 Drivers/stm32mp1xx_hal.o
 .debug_ranges  0x0000000000000300       0xe0 Drivers/stm32mp1xx_hal_cortex.o
 .debug_ranges  0x00000000000003e0       0x50 Drivers/stm32mp1xx_hal_gpio.o
 .debug_ranges  0x0000000000000430       0x60 Drivers/stm32mp1xx_hal_hsem.o
 .debug_ranges  0x0000000000000490       0x90 Drivers/stm32mp1xx_hal_pwr.o
 .debug_ranges  0x0000000000000520      0x150 Drivers/stm32mp1xx_hal_rcc.o
 .debug_ranges  0x0000000000000670       0x48 Drivers/stm32mp1xx_hal_rcc_ex.o
 .debug_ranges  0x00000000000006b8       0x18 Drivers/system_stm32mp1xx.o

.debug_macro    0x0000000000000000    0x39232
 .debug_macro   0x0000000000000000      0x353 Application/src/lock_resource.o
 .debug_macro   0x0000000000000353      0xa5a Application/src/lock_resource.o
 .debug_macro   0x0000000000000dad       0xb0 Application/src/lock_resource.o
 .debug_macro   0x0000000000000e5d       0x2e Application/src/lock_resource.o
 .debug_macro   0x0000000000000e8b       0x3a Application/src/lock_resource.o
 .debug_macro   0x0000000000000ec5       0x22 Application/src/lock_resource.o
 .debug_macro   0x0000000000000ee7       0x8e Application/src/lock_resource.o
 .debug_macro   0x0000000000000f75       0x51 Application/src/lock_resource.o
 .debug_macro   0x0000000000000fc6       0xef Application/src/lock_resource.o
 .debug_macro   0x00000000000010b5       0x6a Application/src/lock_resource.o
 .debug_macro   0x000000000000111f      0x1df Application/src/lock_resource.o
 .debug_macro   0x00000000000012fe       0x1c Application/src/lock_resource.o
 .debug_macro   0x000000000000131a       0x22 Application/src/lock_resource.o
 .debug_macro   0x000000000000133c       0xdf Application/src/lock_resource.o
 .debug_macro   0x000000000000141b     0x102d Application/src/lock_resource.o
 .debug_macro   0x0000000000002448      0x11f Application/src/lock_resource.o
 .debug_macro   0x0000000000002567    0x2d564 Application/src/lock_resource.o
 .debug_macro   0x000000000002facb       0x43 Application/src/lock_resource.o
 .debug_macro   0x000000000002fb0e       0x5e Application/src/lock_resource.o
 .debug_macro   0x000000000002fb6c       0x18 Application/src/lock_resource.o
 .debug_macro   0x000000000002fb84       0x35 Application/src/lock_resource.o
 .debug_macro   0x000000000002fbb9       0x34 Application/src/lock_resource.o
 .debug_macro   0x000000000002fbed       0x16 Application/src/lock_resource.o
 .debug_macro   0x000000000002fc03       0x97 Application/src/lock_resource.o
 .debug_macro   0x000000000002fc9a      0x32a Application/src/lock_resource.o
 .debug_macro   0x000000000002ffc4       0xfd Application/src/lock_resource.o
 .debug_macro   0x00000000000300c1       0x10 Application/src/lock_resource.o
 .debug_macro   0x00000000000300d1       0x58 Application/src/lock_resource.o
 .debug_macro   0x0000000000030129       0x1f Application/src/lock_resource.o
 .debug_macro   0x0000000000030148       0x43 Application/src/lock_resource.o
 .debug_macro   0x000000000003018b       0x20 Application/src/lock_resource.o
 .debug_macro   0x00000000000301ab      0x18e Application/src/lock_resource.o
 .debug_macro   0x0000000000030339       0x10 Application/src/lock_resource.o
 .debug_macro   0x0000000000030349       0x1c Application/src/lock_resource.o
 .debug_macro   0x0000000000030365       0x52 Application/src/lock_resource.o
 .debug_macro   0x00000000000303b7       0x40 Application/src/lock_resource.o
 .debug_macro   0x00000000000303f7       0x10 Application/src/lock_resource.o
 .debug_macro   0x0000000000030407       0x40 Application/src/lock_resource.o
 .debug_macro   0x0000000000030447       0xd7 Application/src/lock_resource.o
 .debug_macro   0x000000000003051e       0x1c Application/src/lock_resource.o
 .debug_macro   0x000000000003053a       0x3d Application/src/lock_resource.o
 .debug_macro   0x0000000000030577       0x16 Application/src/lock_resource.o
 .debug_macro   0x000000000003058d      0x16f Application/src/lock_resource.o
 .debug_macro   0x00000000000306fc       0x55 Application/src/lock_resource.o
 .debug_macro   0x0000000000030751     0x1d7e Application/src/lock_resource.o
 .debug_macro   0x00000000000324cf      0x9b1 Application/src/lock_resource.o
 .debug_macro   0x0000000000032e80       0x2e Application/src/lock_resource.o
 .debug_macro   0x0000000000032eae       0x4a Application/src/lock_resource.o
 .debug_macro   0x0000000000032ef8      0x13a Application/src/lock_resource.o
 .debug_macro   0x0000000000033032      0x2f3 Application/src/lock_resource.o
 .debug_macro   0x0000000000033325       0x27 Application/src/lock_resource.o
 .debug_macro   0x000000000003334c      0x566 Application/src/lock_resource.o
 .debug_macro   0x00000000000338b2       0xe1 Application/src/lock_resource.o
 .debug_macro   0x0000000000033993       0x66 Application/src/lock_resource.o
 .debug_macro   0x00000000000339f9      0x228 Application/src/lock_resource.o
 .debug_macro   0x0000000000033c21      0x137 Application/src/lock_resource.o
 .debug_macro   0x0000000000033d58       0x19 Application/src/lock_resource.o
 .debug_macro   0x0000000000033d71      0x33b Application/src/lock_resource.o
 .debug_macro   0x00000000000340ac      0x152 Application/src/lock_resource.o
 .debug_macro   0x00000000000341fe      0x1fa Application/src/lock_resource.o
 .debug_macro   0x00000000000343f8       0x19 Application/src/lock_resource.o
 .debug_macro   0x0000000000034411      0x7cc Application/src/lock_resource.o
 .debug_macro   0x0000000000034bdd       0x16 Application/src/lock_resource.o
 .debug_macro   0x0000000000034bf3      0x198 Application/src/lock_resource.o
 .debug_macro   0x0000000000034d8b      0x64d Application/src/lock_resource.o
 .debug_macro   0x00000000000353d8       0xa6 Application/src/lock_resource.o
 .debug_macro   0x000000000003547e      0x522 Application/src/lock_resource.o
 .debug_macro   0x00000000000359a0       0x16 Application/src/lock_resource.o
 .debug_macro   0x00000000000359b6      0x3ae Application/src/main.o
 .debug_macro   0x0000000000035d64       0x1c Application/src/main.o
 .debug_macro   0x0000000000035d80       0x16 Application/src/main.o
 .debug_macro   0x0000000000035d96       0x35 Application/src/main.o
 .debug_macro   0x0000000000035dcb       0x46 Application/src/main.o
 .debug_macro   0x0000000000035e11       0x52 Application/src/main.o
 .debug_macro   0x0000000000035e63      0x107 Application/src/main.o
 .debug_macro   0x0000000000035f6a       0x10 Application/src/main.o
 .debug_macro   0x0000000000035f7a      0x278 Application/startup/syscalls.o
 .debug_macro   0x00000000000361f2       0x58 Application/startup/syscalls.o
 .debug_macro   0x000000000003624a       0x94 Application/startup/syscalls.o
 .debug_macro   0x00000000000362de       0x57 Application/startup/syscalls.o
 .debug_macro   0x0000000000036335      0x174 Application/startup/syscalls.o
 .debug_macro   0x00000000000364a9      0x330 Application/startup/syscalls.o
 .debug_macro   0x00000000000367d9       0x10 Application/startup/syscalls.o
 .debug_macro   0x00000000000367e9       0x10 Application/startup/syscalls.o
 .debug_macro   0x00000000000367f9       0x10 Application/startup/syscalls.o
 .debug_macro   0x0000000000036809       0x35 Application/startup/syscalls.o
 .debug_macro   0x000000000003683e      0x122 Application/startup/syscalls.o
 .debug_macro   0x0000000000036960      0x1e3 Application/startup/syscalls.o
 .debug_macro   0x0000000000036b43       0x10 Application/startup/syscalls.o
 .debug_macro   0x0000000000036b53       0x1c Application/startup/syscalls.o
 .debug_macro   0x0000000000036b6f       0x10 Application/startup/syscalls.o
 .debug_macro   0x0000000000036b7f       0x88 Application/startup/syscalls.o
 .debug_macro   0x0000000000036c07       0x10 Application/startup/syscalls.o
 .debug_macro   0x0000000000036c17      0x241 Application/startup/syscalls.o
 .debug_macro   0x0000000000036e58       0x16 Application/startup/syscalls.o
 .debug_macro   0x0000000000036e6e       0x16 Application/startup/syscalls.o
 .debug_macro   0x0000000000036e84      0x51a Application/startup/syscalls.o
 .debug_macro   0x000000000003739e       0x3a Application/startup/syscalls.o
 .debug_macro   0x00000000000373d8      0x38b Drivers/stm32mp15xx_disco.o
 .debug_macro   0x0000000000037763       0x22 Drivers/stm32mp15xx_disco.o
 .debug_macro   0x0000000000037785       0x28 Drivers/stm32mp15xx_disco.o
 .debug_macro   0x00000000000377ad      0x36e Drivers/stm32mp1xx_hal.o
 .debug_macro   0x0000000000037b1b      0x33e Drivers/stm32mp1xx_hal_cortex.o
 .debug_macro   0x0000000000037e59      0x373 Drivers/stm32mp1xx_hal_gpio.o
 .debug_macro   0x00000000000381cc      0x33e Drivers/stm32mp1xx_hal_hsem.o
 .debug_macro   0x000000000003850a      0x356 Drivers/stm32mp1xx_hal_pwr.o
 .debug_macro   0x0000000000038860      0x34a Drivers/stm32mp1xx_hal_rcc.o
 .debug_macro   0x0000000000038baa      0x344 Drivers/stm32mp1xx_hal_rcc_ex.o
 .debug_macro   0x0000000000038eee      0x344 Drivers/system_stm32mp1xx.o

.debug_line     0x0000000000000000     0x7d63
 .debug_line    0x0000000000000000      0x8ff Application/src/lock_resource.o
 .debug_line    0x00000000000008ff      0xa26 Application/src/main.o
 .debug_line    0x0000000000001325       0x8e Application/startup/startup_stm32mp15xx.o
 .debug_line    0x00000000000013b3      0x65f Application/startup/syscalls.o
 .debug_line    0x0000000000001a12      0xa69 Drivers/stm32mp15xx_disco.o
 .debug_line    0x000000000000247b      0xb45 Drivers/stm32mp1xx_hal.o
 .debug_line    0x0000000000002fc0      0xa27 Drivers/stm32mp1xx_hal_cortex.o
 .debug_line    0x00000000000039e7      0x9f1 Drivers/stm32mp1xx_hal_gpio.o
 .debug_line    0x00000000000043d8      0x904 Drivers/stm32mp1xx_hal_hsem.o
 .debug_line    0x0000000000004cdc      0x9a6 Drivers/stm32mp1xx_hal_pwr.o
 .debug_line    0x0000000000005682      0xf47 Drivers/stm32mp1xx_hal_rcc.o
 .debug_line    0x00000000000065c9      0xf31 Drivers/stm32mp1xx_hal_rcc_ex.o
 .debug_line    0x00000000000074fa      0x869 Drivers/system_stm32mp1xx.o

.debug_str      0x0000000000000000   0x15d5d7
 .debug_str     0x0000000000000000   0x156c32 Application/src/lock_resource.o
                                     0x156f6f (size before relaxing)
 .debug_str     0x0000000000156c32     0x1fd8 Application/src/main.o
                                     0x158a7a (size before relaxing)
 .debug_str     0x0000000000158c0a       0x3b Application/startup/startup_stm32mp15xx.o
                                         0x77 (size before relaxing)
 .debug_str     0x0000000000158c45     0x2334 Application/startup/syscalls.o
                                       0x970b (size before relaxing)
 .debug_str     0x000000000015af79      0xd6f Drivers/stm32mp15xx_disco.o
                                     0x158c85 (size before relaxing)
 .debug_str     0x000000000015bce8      0x76a Drivers/stm32mp1xx_hal.o
                                     0x157925 (size before relaxing)
 .debug_str     0x000000000015c452      0x329 Drivers/stm32mp1xx_hal_cortex.o
                                     0x157600 (size before relaxing)
 .debug_str     0x000000000015c77b      0x1ee Drivers/stm32mp1xx_hal_gpio.o
                                     0x156de3 (size before relaxing)
 .debug_str     0x000000000015c969      0x17d Drivers/stm32mp1xx_hal_hsem.o
                                     0x156aa6 (size before relaxing)
 .debug_str     0x000000000015cae6      0x2e7 Drivers/stm32mp1xx_hal_pwr.o
                                     0x157972 (size before relaxing)
 .debug_str     0x000000000015cdcd      0x6cb Drivers/stm32mp1xx_hal_rcc.o
                                     0x157e74 (size before relaxing)
 .debug_str     0x000000000015d498       0xea Drivers/stm32mp1xx_hal_rcc_ex.o
                                     0x157d1e (size before relaxing)
 .debug_str     0x000000000015d582       0x55 Drivers/system_stm32mp1xx.o
                                     0x1575b2 (size before relaxing)

.comment        0x0000000000000000       0x7f
 .comment       0x0000000000000000       0x7f Application/src/lock_resource.o
                                         0x80 (size before relaxing)
 .comment       0x000000000000007f       0x80 Application/src/main.o
 .comment       0x000000000000007f       0x80 Application/startup/syscalls.o
 .comment       0x000000000000007f       0x80 Drivers/stm32mp15xx_disco.o
 .comment       0x000000000000007f       0x80 Drivers/stm32mp1xx_hal.o
 .comment       0x000000000000007f       0x80 Drivers/stm32mp1xx_hal_cortex.o
 .comment       0x000000000000007f       0x80 Drivers/stm32mp1xx_hal_gpio.o
 .comment       0x000000000000007f       0x80 Drivers/stm32mp1xx_hal_hsem.o
 .comment       0x000000000000007f       0x80 Drivers/stm32mp1xx_hal_pwr.o
 .comment       0x000000000000007f       0x80 Drivers/stm32mp1xx_hal_rcc.o
 .comment       0x000000000000007f       0x80 Drivers/stm32mp1xx_hal_rcc_ex.o
 .comment       0x000000000000007f       0x80 Drivers/system_stm32mp1xx.o

.debug_frame    0x0000000000000000     0x18ec
 .debug_frame   0x0000000000000000       0x48 Application/src/lock_resource.o
 .debug_frame   0x0000000000000048       0xcc Application/src/main.o
 .debug_frame   0x0000000000000114      0x180 Application/startup/syscalls.o
 .debug_frame   0x0000000000000294      0x1bc Drivers/stm32mp15xx_disco.o
 .debug_frame   0x0000000000000450      0x2e8 Drivers/stm32mp1xx_hal.o
 .debug_frame   0x0000000000000738      0x12c Drivers/stm32mp1xx_hal_cortex.o
 .debug_frame   0x0000000000000864       0xe0 Drivers/stm32mp1xx_hal_gpio.o
 .debug_frame   0x0000000000000944       0xc8 Drivers/stm32mp1xx_hal_hsem.o
 .debug_frame   0x0000000000000a0c      0x12c Drivers/stm32mp1xx_hal_pwr.o
 .debug_frame   0x0000000000000b38      0x418 Drivers/stm32mp1xx_hal_rcc.o
 .debug_frame   0x0000000000000f50       0xdc Drivers/stm32mp1xx_hal_rcc_ex.o
 .debug_frame   0x000000000000102c       0x3c Drivers/system_stm32mp1xx.o
 .debug_frame   0x0000000000001068       0x2c /home/joseph/Ac6/SystemWorkbench/plugins/fr.ac6.mcu.externaltools.arm-none.linux64_1.17.0.201812190825/tools/compiler/bin/../lib/gcc/arm-none-eabi/7.3.1/../../../../arm-none-eabi/lib/thumb/v7e-m/fpv4-sp/hard/libc_nano.a(lib_a-init.o)
 .debug_frame   0x0000000000001094       0x20 /home/joseph/Ac6/SystemWorkbench/plugins/fr.ac6.mcu.externaltools.arm-none.linux64_1.17.0.201812190825/tools/compiler/bin/../lib/gcc/arm-none-eabi/7.3.1/../../../../arm-none-eabi/lib/thumb/v7e-m/fpv4-sp/hard/libc_nano.a(lib_a-memset.o)
 .debug_frame   0x00000000000010b4       0x8c /home/joseph/Ac6/SystemWorkbench/plugins/fr.ac6.mcu.externaltools.arm-none.linux64_1.17.0.201812190825/tools/compiler/bin/../lib/gcc/arm-none-eabi/7.3.1/../../../../arm-none-eabi/lib/thumb/v7e-m/fpv4-sp/hard/libc_nano.a(lib_a-nano-vfprintf_float.o)
 .debug_frame   0x0000000000001140       0x60 /home/joseph/Ac6/SystemWorkbench/plugins/fr.ac6.mcu.externaltools.arm-none.linux64_1.17.0.201812190825/tools/compiler/bin/../lib/gcc/arm-none-eabi/7.3.1/../../../../arm-none-eabi/lib/thumb/v7e-m/fpv4-sp/hard/libc_nano.a(lib_a-nano-vfprintf_i.o)
 .debug_frame   0x00000000000011a0       0x5c /home/joseph/Ac6/SystemWorkbench/plugins/fr.ac6.mcu.externaltools.arm-none.linux64_1.17.0.201812190825/tools/compiler/bin/../lib/gcc/arm-none-eabi/7.3.1/../../../../arm-none-eabi/lib/thumb/v7e-m/fpv4-sp/hard/libc_nano.a(lib_a-reent.o)
 .debug_frame   0x00000000000011fc       0x70 /home/joseph/Ac6/SystemWorkbench/plugins/fr.ac6.mcu.externaltools.arm-none.linux64_1.17.0.201812190825/tools/compiler/bin/../lib/gcc/arm-none-eabi/7.3.1/../../../../arm-none-eabi/lib/thumb/v7e-m/fpv4-sp/hard/libc_nano.a(lib_a-dtoa.o)
 .debug_frame   0x000000000000126c       0x40 /home/joseph/Ac6/SystemWorkbench/plugins/fr.ac6.mcu.externaltools.arm-none.linux64_1.17.0.201812190825/tools/compiler/bin/../lib/gcc/arm-none-eabi/7.3.1/../../../../arm-none-eabi/lib/thumb/v7e-m/fpv4-sp/hard/libc_nano.a(lib_a-localeconv.o)
 .debug_frame   0x00000000000012ac       0x30 /home/joseph/Ac6/SystemWorkbench/plugins/fr.ac6.mcu.externaltools.arm-none.linux64_1.17.0.201812190825/tools/compiler/bin/../lib/gcc/arm-none-eabi/7.3.1/../../../../arm-none-eabi/lib/thumb/v7e-m/fpv4-sp/hard/libc_nano.a(lib_a-malloc.o)
 .debug_frame   0x00000000000012dc       0x28 /home/joseph/Ac6/SystemWorkbench/plugins/fr.ac6.mcu.externaltools.arm-none.linux64_1.17.0.201812190825/tools/compiler/bin/../lib/gcc/arm-none-eabi/7.3.1/../../../../arm-none-eabi/lib/thumb/v7e-m/fpv4-sp/hard/libc_nano.a(lib_a-memcpy-stub.o)
 .debug_frame   0x0000000000001304      0x244 /home/joseph/Ac6/SystemWorkbench/plugins/fr.ac6.mcu.externaltools.arm-none.linux64_1.17.0.201812190825/tools/compiler/bin/../lib/gcc/arm-none-eabi/7.3.1/../../../../arm-none-eabi/lib/thumb/v7e-m/fpv4-sp/hard/libc_nano.a(lib_a-mprec.o)
 .debug_frame   0x0000000000001548       0x2c /home/joseph/Ac6/SystemWorkbench/plugins/fr.ac6.mcu.externaltools.arm-none.linux64_1.17.0.201812190825/tools/compiler/bin/../lib/gcc/arm-none-eabi/7.3.1/../../../../arm-none-eabi/lib/thumb/v7e-m/fpv4-sp/hard/libc_nano.a(lib_a-nano-callocr.o)
 .debug_frame   0x0000000000001574       0x2c /home/joseph/Ac6/SystemWorkbench/plugins/fr.ac6.mcu.externaltools.arm-none.linux64_1.17.0.201812190825/tools/compiler/bin/../lib/gcc/arm-none-eabi/7.3.1/../../../../arm-none-eabi/lib/thumb/v7e-m/fpv4-sp/hard/libc_nano.a(lib_a-nano-mallocr.o)
 .debug_frame   0x00000000000015a0       0x2c /home/joseph/Ac6/SystemWorkbench/plugins/fr.ac6.mcu.externaltools.arm-none.linux64_1.17.0.201812190825/tools/compiler/bin/../lib/gcc/arm-none-eabi/7.3.1/../../../../arm-none-eabi/lib/thumb/v7e-m/fpv4-sp/hard/libc_nano.a(lib_a-sbrkr.o)
 .debug_frame   0x00000000000015cc       0x68 /home/joseph/Ac6/SystemWorkbench/plugins/fr.ac6.mcu.externaltools.arm-none.linux64_1.17.0.201812190825/tools/compiler/bin/../lib/gcc/arm-none-eabi/7.3.1/../../../../arm-none-eabi/lib/thumb/v7e-m/fpv4-sp/hard/libc_nano.a(lib_a-locale.o)
 .debug_frame   0x0000000000001634       0x48 /home/joseph/Ac6/SystemWorkbench/plugins/fr.ac6.mcu.externaltools.arm-none.linux64_1.17.0.201812190825/tools/compiler/bin/../lib/gcc/arm-none-eabi/7.3.1/../../../../arm-none-eabi/lib/thumb/v7e-m/fpv4-sp/hard/libc_nano.a(lib_a-mbtowc_r.o)
 .debug_frame   0x000000000000167c       0x30 /home/joseph/Ac6/SystemWorkbench/plugins/fr.ac6.mcu.externaltools.arm-none.linux64_1.17.0.201812190825/tools/compiler/bin/../lib/gcc/arm-none-eabi/7.3.1/../../../../arm-none-eabi/lib/thumb/v7e-m/fpv4-sp/hard/libc_nano.a(lib_a-mlock.o)
 .debug_frame   0x00000000000016ac       0x3c /home/joseph/Ac6/SystemWorkbench/plugins/fr.ac6.mcu.externaltools.arm-none.linux64_1.17.0.201812190825/tools/compiler/bin/../lib/gcc/arm-none-eabi/7.3.1/../../../../arm-none-eabi/lib/thumb/v7e-m/fpv4-sp/hard/libc_nano.a(lib_a-wctomb_r.o)
 .debug_frame   0x00000000000016e8       0xac /home/joseph/Ac6/SystemWorkbench/plugins/fr.ac6.mcu.externaltools.arm-none.linux64_1.17.0.201812190825/tools/compiler/bin/../lib/gcc/arm-none-eabi/7.3.1/thumb/v7e-m/fpv4-sp/hard/libgcc.a(_arm_addsubdf3.o)
 .debug_frame   0x0000000000001794       0x50 /home/joseph/Ac6/SystemWorkbench/plugins/fr.ac6.mcu.externaltools.arm-none.linux64_1.17.0.201812190825/tools/compiler/bin/../lib/gcc/arm-none-eabi/7.3.1/thumb/v7e-m/fpv4-sp/hard/libgcc.a(_arm_muldivdf3.o)
 .debug_frame   0x00000000000017e4       0xc4 /home/joseph/Ac6/SystemWorkbench/plugins/fr.ac6.mcu.externaltools.arm-none.linux64_1.17.0.201812190825/tools/compiler/bin/../lib/gcc/arm-none-eabi/7.3.1/thumb/v7e-m/fpv4-sp/hard/libgcc.a(_arm_cmpdf2.o)
 .debug_frame   0x00000000000018a8       0x20 /home/joseph/Ac6/SystemWorkbench/plugins/fr.ac6.mcu.externaltools.arm-none.linux64_1.17.0.201812190825/tools/compiler/bin/../lib/gcc/arm-none-eabi/7.3.1/thumb/v7e-m/fpv4-sp/hard/libgcc.a(_arm_unorddf2.o)
 .debug_frame   0x00000000000018c8       0x24 /home/joseph/Ac6/SystemWorkbench/plugins/fr.ac6.mcu.externaltools.arm-none.linux64_1.17.0.201812190825/tools/compiler/bin/../lib/gcc/arm-none-eabi/7.3.1/thumb/v7e-m/fpv4-sp/hard/libgcc.a(_arm_fixdfsi.o)
