10:05:17 **** Build of configuration Default for project SideLine_CA7 ****
make all 
Wrapper for /home/joseph/st/stm32cubeide_1.4.0/plugins/com.st.stm32cube.ide.mpu.linux.toolchain_1.4.0.202007081209/tools/bin/make
+ case "$command" in
+ exec make all
arm-openstlinux_weston-linux-gnueabi-gcc  -march=armv7ve -mthumb -mfpu=neon-vfpv4 -mfloat-abi=hard -mcpu=cortex-a7 --sysroot=/home/joseph/STM32_workspace/STM32MP15-Ecosystem-v1.1.0/Developer-Package/SDK/sysroots/cortexa7t2hf-neon-vfpv4-openstlinux_weston-linux-gnueabi  -O2 -pipe -g -feliminate-unused-debug-types  -Iinc  -I/home/joseph/Documents/SideLine_STM32MP/CortexA7_code -lm   -c -o main_cortex-A7.o main_cortex-A7.c
main_cortex-A7.c: In function ‘main’:
main_cortex-A7.c:226:17: warning: assignment to ‘uint32_t’ {aka ‘unsigned int’} from ‘volatile uint32_t *’ {aka ‘volatile unsigned int *’} makes integer from pointer without a cast [-Wint-conversion]
     v_base_addr = &core->control;
                 ^
main_cortex-A7.c:230:21: warning: assignment to ‘uint32_t’ {aka ‘unsigned int’} from ‘volatile uint32_t *’ {aka ‘volatile unsigned int *’} makes integer from pointer without a cast [-Wint-conversion]
     v_ddr_base_addr = &core->control;
                     ^
arm-openstlinux_weston-linux-gnueabi-gcc  -march=armv7ve -mthumb -mfpu=neon-vfpv4 -mfloat-abi=hard -mcpu=cortex-a7 --sysroot=/home/joseph/STM32_workspace/STM32MP15-Ecosystem-v1.1.0/Developer-Package/SDK/sysroots/cortexa7t2hf-neon-vfpv4-openstlinux_weston-linux-gnueabi  -O2 -pipe -g -feliminate-unused-debug-types  -Iinc  -I/home/joseph/Documents/SideLine_STM32MP/CortexA7_code -lm   -c -o src/aes_tiny.o src/aes_tiny.c
arm-openstlinux_weston-linux-gnueabi-gcc  -march=armv7ve -mthumb -mfpu=neon-vfpv4 -mfloat-abi=hard -mcpu=cortex-a7 --sysroot=/home/joseph/STM32_workspace/STM32MP15-Ecosystem-v1.1.0/Developer-Package/SDK/sysroots/cortexa7t2hf-neon-vfpv4-openstlinux_weston-linux-gnueabi  -O2 -pipe -g -feliminate-unused-debug-types  -Iinc  -I/home/joseph/Documents/SideLine_STM32MP/CortexA7_code -lm   -c -o src/aes_openssl.o src/aes_openssl.c
arm-openstlinux_weston-linux-gnueabi-gcc  -march=armv7ve -mthumb -mfpu=neon-vfpv4 -mfloat-abi=hard -mcpu=cortex-a7 --sysroot=/home/joseph/STM32_workspace/STM32MP15-Ecosystem-v1.1.0/Developer-Package/SDK/sysroots/cortexa7t2hf-neon-vfpv4-openstlinux_weston-linux-gnueabi  -O2 -pipe -g -feliminate-unused-debug-types  -Iinc  -I/home/joseph/Documents/SideLine_STM32MP/CortexA7_code -lm   -c -o wolfcrypt/src/integer.o wolfcrypt/src/integer.c
arm-openstlinux_weston-linux-gnueabi-gcc  -march=armv7ve -mthumb -mfpu=neon-vfpv4 -mfloat-abi=hard -mcpu=cortex-a7 --sysroot=/home/joseph/STM32_workspace/STM32MP15-Ecosystem-v1.1.0/Developer-Package/SDK/sysroots/cortexa7t2hf-neon-vfpv4-openstlinux_weston-linux-gnueabi  -O2 -pipe -g -feliminate-unused-debug-types  -Iinc  -I/home/joseph/Documents/SideLine_STM32MP/CortexA7_code -lm   -c -o wolfcrypt/src/sp_arm32.o wolfcrypt/src/sp_arm32.c
arm-openstlinux_weston-linux-gnueabi-gcc  -march=armv7ve -mthumb -mfpu=neon-vfpv4 -mfloat-abi=hard -mcpu=cortex-a7 --sysroot=/home/joseph/STM32_workspace/STM32MP15-Ecosystem-v1.1.0/Developer-Package/SDK/sysroots/cortexa7t2hf-neon-vfpv4-openstlinux_weston-linux-gnueabi  -O2 -pipe -g -feliminate-unused-debug-types  -Iinc  -I/home/joseph/Documents/SideLine_STM32MP/CortexA7_code -lm   -c -o wolfcrypt/src/aes.o wolfcrypt/src/aes.c
arm-openstlinux_weston-linux-gnueabi-gcc  -march=armv7ve -mthumb -mfpu=neon-vfpv4 -mfloat-abi=hard -mcpu=cortex-a7 --sysroot=/home/joseph/STM32_workspace/STM32MP15-Ecosystem-v1.1.0/Developer-Package/SDK/sysroots/cortexa7t2hf-neon-vfpv4-openstlinux_weston-linux-gnueabi  -O2 -pipe -g -feliminate-unused-debug-types  -Iinc  -I/home/joseph/Documents/SideLine_STM32MP/CortexA7_code -lm   -c -o wolfcrypt/src/rsa.o wolfcrypt/src/rsa.c
In file included from /home/joseph/Documents/SideLine_STM32MP/CortexA7_code/wolfssl/wolfcrypt/error-crypt.h:29,
                 from wolfcrypt/src/rsa.c:28:
wolfcrypt/src/rsa.c: In function ‘RsaPrivateDecryptEx’:
/home/joseph/Documents/SideLine_STM32MP/CortexA7_code/wolfssl/wolfcrypt/types.h:219:34: warning: attribute ‘fallthrough’ not preceding a case label or default label
             #define FALL_THROUGH __attribute__ ((fallthrough));
                                  ^~~~~~~~~~~~~
wolfcrypt/src/rsa.c:2798:9: note: in expansion of macro ‘FALL_THROUGH’
         FALL_THROUGH;
         ^~~~~~~~~~~~
arm-openstlinux_weston-linux-gnueabi-gcc  -march=armv7ve -mthumb -mfpu=neon-vfpv4 -mfloat-abi=hard -mcpu=cortex-a7 --sysroot=/home/joseph/STM32_workspace/STM32MP15-Ecosystem-v1.1.0/Developer-Package/SDK/sysroots/cortexa7t2hf-neon-vfpv4-openstlinux_weston-linux-gnueabi  -O2 -pipe -g -feliminate-unused-debug-types  -Iinc  -I/home/joseph/Documents/SideLine_STM32MP/CortexA7_code -lm   -c -o wolfcrypt/src/misc.o wolfcrypt/src/misc.c
wolfcrypt/src/misc.c:50:10: warning: #warning misc.c does not need to be compiled when using inline (NO_INLINE not defined) [-Wcpp]
         #warning misc.c does not need to be compiled when using inline (NO_INLINE not defined)
          ^~~~~~~
arm-openstlinux_weston-linux-gnueabi-gcc  -march=armv7ve -mthumb -mfpu=neon-vfpv4 -mfloat-abi=hard -mcpu=cortex-a7 --sysroot=/home/joseph/STM32_workspace/STM32MP15-Ecosystem-v1.1.0/Developer-Package/SDK/sysroots/cortexa7t2hf-neon-vfpv4-openstlinux_weston-linux-gnueabi  -O2 -pipe -g -feliminate-unused-debug-types  -Iinc  -I/home/joseph/Documents/SideLine_STM32MP/CortexA7_code -lm   -c -o wolfcrypt/src/hmac.o wolfcrypt/src/hmac.c
arm-openstlinux_weston-linux-gnueabi-gcc  -march=armv7ve -mthumb -mfpu=neon-vfpv4 -mfloat-abi=hard -mcpu=cortex-a7 --sysroot=/home/joseph/STM32_workspace/STM32MP15-Ecosystem-v1.1.0/Developer-Package/SDK/sysroots/cortexa7t2hf-neon-vfpv4-openstlinux_weston-linux-gnueabi  -O2 -pipe -g -feliminate-unused-debug-types  -Iinc  -I/home/joseph/Documents/SideLine_STM32MP/CortexA7_code -lm   -c -o wolfcrypt/src/sha.o wolfcrypt/src/sha.c
arm-openstlinux_weston-linux-gnueabi-gcc  -march=armv7ve -mthumb -mfpu=neon-vfpv4 -mfloat-abi=hard -mcpu=cortex-a7 --sysroot=/home/joseph/STM32_workspace/STM32MP15-Ecosystem-v1.1.0/Developer-Package/SDK/sysroots/cortexa7t2hf-neon-vfpv4-openstlinux_weston-linux-gnueabi  -O2 -pipe -g -feliminate-unused-debug-types  -Iinc  -I/home/joseph/Documents/SideLine_STM32MP/CortexA7_code -lm   -c -o wolfcrypt/src/sp_int.o wolfcrypt/src/sp_int.c
arm-openstlinux_weston-linux-gnueabi-gcc  -march=armv7ve -mthumb -mfpu=neon-vfpv4 -mfloat-abi=hard -mcpu=cortex-a7 --sysroot=/home/joseph/STM32_workspace/STM32MP15-Ecosystem-v1.1.0/Developer-Package/SDK/sysroots/cortexa7t2hf-neon-vfpv4-openstlinux_weston-linux-gnueabi  -O2 -pipe -g -feliminate-unused-debug-types  -Iinc  -I/home/joseph/Documents/SideLine_STM32MP/CortexA7_code -lm   -c -o wolfcrypt/src/sp_cortexm.o wolfcrypt/src/sp_cortexm.c
arm-openstlinux_weston-linux-gnueabi-gcc  -march=armv7ve -mthumb -mfpu=neon-vfpv4 -mfloat-abi=hard -mcpu=cortex-a7 --sysroot=/home/joseph/STM32_workspace/STM32MP15-Ecosystem-v1.1.0/Developer-Package/SDK/sysroots/cortexa7t2hf-neon-vfpv4-openstlinux_weston-linux-gnueabi  -O2 -pipe -g -feliminate-unused-debug-types  -Iinc  -I/home/joseph/Documents/SideLine_STM32MP/CortexA7_code -lm   -c -o wolfcrypt/src/sha256.o wolfcrypt/src/sha256.c
arm-openstlinux_weston-linux-gnueabi-gcc  -march=armv7ve -mthumb -mfpu=neon-vfpv4 -mfloat-abi=hard -mcpu=cortex-a7 --sysroot=/home/joseph/STM32_workspace/STM32MP15-Ecosystem-v1.1.0/Developer-Package/SDK/sysroots/cortexa7t2hf-neon-vfpv4-openstlinux_weston-linux-gnueabi  -O2 -pipe -g -feliminate-unused-debug-types  -Iinc  -I/home/joseph/Documents/SideLine_STM32MP/CortexA7_code -lm   -c -o wolfcrypt/src/md5.o wolfcrypt/src/md5.c
arm-openstlinux_weston-linux-gnueabi-gcc  -march=armv7ve -mthumb -mfpu=neon-vfpv4 -mfloat-abi=hard -mcpu=cortex-a7 --sysroot=/home/joseph/STM32_workspace/STM32MP15-Ecosystem-v1.1.0/Developer-Package/SDK/sysroots/cortexa7t2hf-neon-vfpv4-openstlinux_weston-linux-gnueabi  -O2 -pipe -g -feliminate-unused-debug-types  -Iinc  -I/home/joseph/Documents/SideLine_STM32MP/CortexA7_code -lm   -c -o wolfcrypt/src/hash.o wolfcrypt/src/hash.c
arm-openstlinux_weston-linux-gnueabi-gcc  -march=armv7ve -mthumb -mfpu=neon-vfpv4 -mfloat-abi=hard -mcpu=cortex-a7 --sysroot=/home/joseph/STM32_workspace/STM32MP15-Ecosystem-v1.1.0/Developer-Package/SDK/sysroots/cortexa7t2hf-neon-vfpv4-openstlinux_weston-linux-gnueabi  -O2 -pipe -g -feliminate-unused-debug-types  -Iinc  -I/home/joseph/Documents/SideLine_STM32MP/CortexA7_code -lm   -c -o wolfcrypt/src/sp_dsp32.o wolfcrypt/src/sp_dsp32.c
arm-openstlinux_weston-linux-gnueabi-gcc  -march=armv7ve -mthumb -mfpu=neon-vfpv4 -mfloat-abi=hard -mcpu=cortex-a7 --sysroot=/home/joseph/STM32_workspace/STM32MP15-Ecosystem-v1.1.0/Developer-Package/SDK/sysroots/cortexa7t2hf-neon-vfpv4-openstlinux_weston-linux-gnueabi  -O2 -pipe -g -feliminate-unused-debug-types  -Iinc  -I/home/joseph/Documents/SideLine_STM32MP/CortexA7_code -lm   -c -o wolfcrypt/src/sp_c64.o wolfcrypt/src/sp_c64.c
arm-openstlinux_weston-linux-gnueabi-gcc  -march=armv7ve -mthumb -mfpu=neon-vfpv4 -mfloat-abi=hard -mcpu=cortex-a7 --sysroot=/home/joseph/STM32_workspace/STM32MP15-Ecosystem-v1.1.0/Developer-Package/SDK/sysroots/cortexa7t2hf-neon-vfpv4-openstlinux_weston-linux-gnueabi  -O2 -pipe -g -feliminate-unused-debug-types  -Iinc  -I/home/joseph/Documents/SideLine_STM32MP/CortexA7_code -lm   -c -o wolfcrypt/src/tfm.o wolfcrypt/src/tfm.c
arm-openstlinux_weston-linux-gnueabi-gcc  -march=armv7ve -mthumb -mfpu=neon-vfpv4 -mfloat-abi=hard -mcpu=cortex-a7 --sysroot=/home/joseph/STM32_workspace/STM32MP15-Ecosystem-v1.1.0/Developer-Package/SDK/sysroots/cortexa7t2hf-neon-vfpv4-openstlinux_weston-linux-gnueabi  -O2 -pipe -g -feliminate-unused-debug-types  -Iinc  -I/home/joseph/Documents/SideLine_STM32MP/CortexA7_code -lm   -c -o wolfcrypt/src/memory.o wolfcrypt/src/memory.c
arm-openstlinux_weston-linux-gnueabi-gcc  -march=armv7ve -mthumb -mfpu=neon-vfpv4 -mfloat-abi=hard -mcpu=cortex-a7 --sysroot=/home/joseph/STM32_workspace/STM32MP15-Ecosystem-v1.1.0/Developer-Package/SDK/sysroots/cortexa7t2hf-neon-vfpv4-openstlinux_weston-linux-gnueabi  -O2 -pipe -g -feliminate-unused-debug-types  -Iinc  -I/home/joseph/Documents/SideLine_STM32MP/CortexA7_code -lm   -c -o wolfcrypt/src/random.o wolfcrypt/src/random.c
arm-openstlinux_weston-linux-gnueabi-gcc  -march=armv7ve -mthumb -mfpu=neon-vfpv4 -mfloat-abi=hard -mcpu=cortex-a7 --sysroot=/home/joseph/STM32_workspace/STM32MP15-Ecosystem-v1.1.0/Developer-Package/SDK/sysroots/cortexa7t2hf-neon-vfpv4-openstlinux_weston-linux-gnueabi -o cortex-A7.elf main_cortex-A7.o src/aes_tiny.o src/aes_openssl.o wolfcrypt/src/integer.o wolfcrypt/src/sp_arm32.o wolfcrypt/src/aes.o wolfcrypt/src/rsa.o wolfcrypt/src/misc.o wolfcrypt/src/hmac.o wolfcrypt/src/sha.o wolfcrypt/src/sp_int.o wolfcrypt/src/sp_cortexm.o wolfcrypt/src/sha256.o wolfcrypt/src/md5.o wolfcrypt/src/hash.o wolfcrypt/src/sp_dsp32.o wolfcrypt/src/sp_c64.o wolfcrypt/src/tfm.o wolfcrypt/src/memory.o wolfcrypt/src/random.o  -O2 -pipe -g -feliminate-unused-debug-types  -Iinc  -I/home/joseph/Documents/SideLine_STM32MP/CortexA7_code -lm -Wl,-O1 -Wl,--hash-style=gnu -Wl,--as-needed 
10:15:47 **** Incremental Build of configuration Default for project SideLine_CA7 ****
make all 
Wrapper for /home/joseph/st/stm32cubeide_1.4.0/plugins/com.st.stm32cube.ide.mpu.linux.toolchain_1.4.0.202007081209/tools/bin/make
+ case "$command" in
+ exec make all
make: Nothing to be done for 'all'.
10:15:47 **** Incremental Build of configuration Debug for project SideLine_CM4 ****
make -j8 all 
arm-none-eabi-gcc "/home/joseph/Documents/SideLine_STM32MP/CortexM4_code/SideLine/Drivers/STM32MP1xx_HAL_Driver/Src/stm32mp1xx_hal.c" -mcpu=cortex-m4 -g3 -DUSE_HAL_DRIVER -DSTM32 -DSTM32MP1 -DSTM32MP15xx -DSTM32MP157CACx -DSTM32MP15xx_DISCO -DSTM32MP157C_DK2 -DDEBUG -DSTM32MP157Cxx -DCORE_CM4 -c -I"/home/joseph/Documents/SideLine_STM32MP/CortexM4_code/SideLine/CM4/OpenSSL/inc" -I"/home/joseph/Documents/SideLine_STM32MP/CortexM4_code/SideLine/CM4/Core/Inc" -I../../Drivers/STM32MP1xx_HAL_Driver/Inc -I"/home/joseph/Documents/SideLine_STM32MP/CortexM4_code/SideLine/Drivers/BSP/STM32MP15xx_DISCO" -I../../Drivers/CMSIS/Device/ST/STM32MP1xx/Include -I../../Drivers/CMSIS/Include -O2 -ffunction-sections -Wall -fmessage-length=0 -fstack-usage -MMD -MP -MF"Drivers/STM32MP1xx_HAL_Driver/stm32mp1xx_hal.d" -MT"Drivers/STM32MP1xx_HAL_Driver/stm32mp1xx_hal.o"  -mfpu=fpv4-sp-d16 -mfloat-abi=hard -mthumb -o "Drivers/STM32MP1xx_HAL_Driver/stm32mp1xx_hal.o"
arm-none-eabi-gcc "/home/joseph/Documents/SideLine_STM32MP/CortexM4_code/SideLine/Drivers/STM32MP1xx_HAL_Driver/Src/stm32mp1xx_hal_cortex.c" -mcpu=cortex-m4 -g3 -DUSE_HAL_DRIVER -DSTM32 -DSTM32MP1 -DSTM32MP15xx -DSTM32MP157CACx -DSTM32MP15xx_DISCO -DSTM32MP157C_DK2 -DDEBUG -DSTM32MP157Cxx -DCORE_CM4 -c -I"/home/joseph/Documents/SideLine_STM32MP/CortexM4_code/SideLine/CM4/OpenSSL/inc" -I"/home/joseph/Documents/SideLine_STM32MP/CortexM4_code/SideLine/CM4/Core/Inc" -I../../Drivers/STM32MP1xx_HAL_Driver/Inc -I"/home/joseph/Documents/SideLine_STM32MP/CortexM4_code/SideLine/Drivers/BSP/STM32MP15xx_DISCO" -I../../Drivers/CMSIS/Device/ST/STM32MP1xx/Include -I../../Drivers/CMSIS/Include -O2 -ffunction-sections -Wall -fmessage-length=0 -fstack-usage -MMD -MP -MF"Drivers/STM32MP1xx_HAL_Driver/stm32mp1xx_hal_cortex.d" -MT"Drivers/STM32MP1xx_HAL_Driver/stm32mp1xx_hal_cortex.o"  -mfpu=fpv4-sp-d16 -mfloat-abi=hard -mthumb -o "Drivers/STM32MP1xx_HAL_Driver/stm32mp1xx_hal_cortex.o"
arm-none-eabi-gcc "/home/joseph/Documents/SideLine_STM32MP/CortexM4_code/SideLine/Drivers/STM32MP1xx_HAL_Driver/Src/stm32mp1xx_hal_dma.c" -mcpu=cortex-m4 -g3 -DUSE_HAL_DRIVER -DSTM32 -DSTM32MP1 -DSTM32MP15xx -DSTM32MP157CACx -DSTM32MP15xx_DISCO -DSTM32MP157C_DK2 -DDEBUG -DSTM32MP157Cxx -DCORE_CM4 -c -I"/home/joseph/Documents/SideLine_STM32MP/CortexM4_code/SideLine/CM4/OpenSSL/inc" -I"/home/joseph/Documents/SideLine_STM32MP/CortexM4_code/SideLine/CM4/Core/Inc" -I../../Drivers/STM32MP1xx_HAL_Driver/Inc -I"/home/joseph/Documents/SideLine_STM32MP/CortexM4_code/SideLine/Drivers/BSP/STM32MP15xx_DISCO" -I../../Drivers/CMSIS/Device/ST/STM32MP1xx/Include -I../../Drivers/CMSIS/Include -O2 -ffunction-sections -Wall -fmessage-length=0 -fstack-usage -MMD -MP -MF"Drivers/STM32MP1xx_HAL_Driver/stm32mp1xx_hal_dma.d" -MT"Drivers/STM32MP1xx_HAL_Driver/stm32mp1xx_hal_dma.o"  -mfpu=fpv4-sp-d16 -mfloat-abi=hard -mthumb -o "Drivers/STM32MP1xx_HAL_Driver/stm32mp1xx_hal_dma.o"
arm-none-eabi-gcc "/home/joseph/Documents/SideLine_STM32MP/CortexM4_code/SideLine/Drivers/STM32MP1xx_HAL_Driver/Src/stm32mp1xx_hal_dma_ex.c" -mcpu=cortex-m4 -g3 -DUSE_HAL_DRIVER -DSTM32 -DSTM32MP1 -DSTM32MP15xx -DSTM32MP157CACx -DSTM32MP15xx_DISCO -DSTM32MP157C_DK2 -DDEBUG -DSTM32MP157Cxx -DCORE_CM4 -c -I"/home/joseph/Documents/SideLine_STM32MP/CortexM4_code/SideLine/CM4/OpenSSL/inc" -I"/home/joseph/Documents/SideLine_STM32MP/CortexM4_code/SideLine/CM4/Core/Inc" -I../../Drivers/STM32MP1xx_HAL_Driver/Inc -I"/home/joseph/Documents/SideLine_STM32MP/CortexM4_code/SideLine/Drivers/BSP/STM32MP15xx_DISCO" -I../../Drivers/CMSIS/Device/ST/STM32MP1xx/Include -I../../Drivers/CMSIS/Include -O2 -ffunction-sections -Wall -fmessage-length=0 -fstack-usage -MMD -MP -MF"Drivers/STM32MP1xx_HAL_Driver/stm32mp1xx_hal_dma_ex.d" -MT"Drivers/STM32MP1xx_HAL_Driver/stm32mp1xx_hal_dma_ex.o"  -mfpu=fpv4-sp-d16 -mfloat-abi=hard -mthumb -o "Drivers/STM32MP1xx_HAL_Driver/stm32mp1xx_hal_dma_ex.o"
arm-none-eabi-gcc "/home/joseph/Documents/SideLine_STM32MP/CortexM4_code/SideLine/Drivers/STM32MP1xx_HAL_Driver/Src/stm32mp1xx_hal_exti.c" -mcpu=cortex-m4 -g3 -DUSE_HAL_DRIVER -DSTM32 -DSTM32MP1 -DSTM32MP15xx -DSTM32MP157CACx -DSTM32MP15xx_DISCO -DSTM32MP157C_DK2 -DDEBUG -DSTM32MP157Cxx -DCORE_CM4 -c -I"/home/joseph/Documents/SideLine_STM32MP/CortexM4_code/SideLine/CM4/OpenSSL/inc" -I"/home/joseph/Documents/SideLine_STM32MP/CortexM4_code/SideLine/CM4/Core/Inc" -I../../Drivers/STM32MP1xx_HAL_Driver/Inc -I"/home/joseph/Documents/SideLine_STM32MP/CortexM4_code/SideLine/Drivers/BSP/STM32MP15xx_DISCO" -I../../Drivers/CMSIS/Device/ST/STM32MP1xx/Include -I../../Drivers/CMSIS/Include -O2 -ffunction-sections -Wall -fmessage-length=0 -fstack-usage -MMD -MP -MF"Drivers/STM32MP1xx_HAL_Driver/stm32mp1xx_hal_exti.d" -MT"Drivers/STM32MP1xx_HAL_Driver/stm32mp1xx_hal_exti.o"  -mfpu=fpv4-sp-d16 -mfloat-abi=hard -mthumb -o "Drivers/STM32MP1xx_HAL_Driver/stm32mp1xx_hal_exti.o"
arm-none-eabi-gcc "/home/joseph/Documents/SideLine_STM32MP/CortexM4_code/SideLine/Drivers/STM32MP1xx_HAL_Driver/Src/stm32mp1xx_hal_gpio.c" -mcpu=cortex-m4 -g3 -DUSE_HAL_DRIVER -DSTM32 -DSTM32MP1 -DSTM32MP15xx -DSTM32MP157CACx -DSTM32MP15xx_DISCO -DSTM32MP157C_DK2 -DDEBUG -DSTM32MP157Cxx -DCORE_CM4 -c -I"/home/joseph/Documents/SideLine_STM32MP/CortexM4_code/SideLine/CM4/OpenSSL/inc" -I"/home/joseph/Documents/SideLine_STM32MP/CortexM4_code/SideLine/CM4/Core/Inc" -I../../Drivers/STM32MP1xx_HAL_Driver/Inc -I"/home/joseph/Documents/SideLine_STM32MP/CortexM4_code/SideLine/Drivers/BSP/STM32MP15xx_DISCO" -I../../Drivers/CMSIS/Device/ST/STM32MP1xx/Include -I../../Drivers/CMSIS/Include -O2 -ffunction-sections -Wall -fmessage-length=0 -fstack-usage -MMD -MP -MF"Drivers/STM32MP1xx_HAL_Driver/stm32mp1xx_hal_gpio.d" -MT"Drivers/STM32MP1xx_HAL_Driver/stm32mp1xx_hal_gpio.o"  -mfpu=fpv4-sp-d16 -mfloat-abi=hard -mthumb -o "Drivers/STM32MP1xx_HAL_Driver/stm32mp1xx_hal_gpio.o"
arm-none-eabi-gcc "/home/joseph/Documents/SideLine_STM32MP/CortexM4_code/SideLine/Drivers/STM32MP1xx_HAL_Driver/Src/stm32mp1xx_hal_hsem.c" -mcpu=cortex-m4 -g3 -DUSE_HAL_DRIVER -DSTM32 -DSTM32MP1 -DSTM32MP15xx -DSTM32MP157CACx -DSTM32MP15xx_DISCO -DSTM32MP157C_DK2 -DDEBUG -DSTM32MP157Cxx -DCORE_CM4 -c -I"/home/joseph/Documents/SideLine_STM32MP/CortexM4_code/SideLine/CM4/OpenSSL/inc" -I"/home/joseph/Documents/SideLine_STM32MP/CortexM4_code/SideLine/CM4/Core/Inc" -I../../Drivers/STM32MP1xx_HAL_Driver/Inc -I"/home/joseph/Documents/SideLine_STM32MP/CortexM4_code/SideLine/Drivers/BSP/STM32MP15xx_DISCO" -I../../Drivers/CMSIS/Device/ST/STM32MP1xx/Include -I../../Drivers/CMSIS/Include -O2 -ffunction-sections -Wall -fmessage-length=0 -fstack-usage -MMD -MP -MF"Drivers/STM32MP1xx_HAL_Driver/stm32mp1xx_hal_hsem.d" -MT"Drivers/STM32MP1xx_HAL_Driver/stm32mp1xx_hal_hsem.o"  -mfpu=fpv4-sp-d16 -mfloat-abi=hard -mthumb -o "Drivers/STM32MP1xx_HAL_Driver/stm32mp1xx_hal_hsem.o"
arm-none-eabi-gcc "/home/joseph/Documents/SideLine_STM32MP/CortexM4_code/SideLine/Drivers/STM32MP1xx_HAL_Driver/Src/stm32mp1xx_hal_mdma.c" -mcpu=cortex-m4 -g3 -DUSE_HAL_DRIVER -DSTM32 -DSTM32MP1 -DSTM32MP15xx -DSTM32MP157CACx -DSTM32MP15xx_DISCO -DSTM32MP157C_DK2 -DDEBUG -DSTM32MP157Cxx -DCORE_CM4 -c -I"/home/joseph/Documents/SideLine_STM32MP/CortexM4_code/SideLine/CM4/OpenSSL/inc" -I"/home/joseph/Documents/SideLine_STM32MP/CortexM4_code/SideLine/CM4/Core/Inc" -I../../Drivers/STM32MP1xx_HAL_Driver/Inc -I"/home/joseph/Documents/SideLine_STM32MP/CortexM4_code/SideLine/Drivers/BSP/STM32MP15xx_DISCO" -I../../Drivers/CMSIS/Device/ST/STM32MP1xx/Include -I../../Drivers/CMSIS/Include -O2 -ffunction-sections -Wall -fmessage-length=0 -fstack-usage -MMD -MP -MF"Drivers/STM32MP1xx_HAL_Driver/stm32mp1xx_hal_mdma.d" -MT"Drivers/STM32MP1xx_HAL_Driver/stm32mp1xx_hal_mdma.o"  -mfpu=fpv4-sp-d16 -mfloat-abi=hard -mthumb -o "Drivers/STM32MP1xx_HAL_Driver/stm32mp1xx_hal_mdma.o"
arm-none-eabi-gcc "/home/joseph/Documents/SideLine_STM32MP/CortexM4_code/SideLine/Drivers/STM32MP1xx_HAL_Driver/Src/stm32mp1xx_hal_pwr.c" -mcpu=cortex-m4 -g3 -DUSE_HAL_DRIVER -DSTM32 -DSTM32MP1 -DSTM32MP15xx -DSTM32MP157CACx -DSTM32MP15xx_DISCO -DSTM32MP157C_DK2 -DDEBUG -DSTM32MP157Cxx -DCORE_CM4 -c -I"/home/joseph/Documents/SideLine_STM32MP/CortexM4_code/SideLine/CM4/OpenSSL/inc" -I"/home/joseph/Documents/SideLine_STM32MP/CortexM4_code/SideLine/CM4/Core/Inc" -I../../Drivers/STM32MP1xx_HAL_Driver/Inc -I"/home/joseph/Documents/SideLine_STM32MP/CortexM4_code/SideLine/Drivers/BSP/STM32MP15xx_DISCO" -I../../Drivers/CMSIS/Device/ST/STM32MP1xx/Include -I../../Drivers/CMSIS/Include -O2 -ffunction-sections -Wall -fmessage-length=0 -fstack-usage -MMD -MP -MF"Drivers/STM32MP1xx_HAL_Driver/stm32mp1xx_hal_pwr.d" -MT"Drivers/STM32MP1xx_HAL_Driver/stm32mp1xx_hal_pwr.o"  -mfpu=fpv4-sp-d16 -mfloat-abi=hard -mthumb -o "Drivers/STM32MP1xx_HAL_Driver/stm32mp1xx_hal_pwr.o"
arm-none-eabi-gcc "/home/joseph/Documents/SideLine_STM32MP/CortexM4_code/SideLine/Drivers/STM32MP1xx_HAL_Driver/Src/stm32mp1xx_hal_pwr_ex.c" -mcpu=cortex-m4 -g3 -DUSE_HAL_DRIVER -DSTM32 -DSTM32MP1 -DSTM32MP15xx -DSTM32MP157CACx -DSTM32MP15xx_DISCO -DSTM32MP157C_DK2 -DDEBUG -DSTM32MP157Cxx -DCORE_CM4 -c -I"/home/joseph/Documents/SideLine_STM32MP/CortexM4_code/SideLine/CM4/OpenSSL/inc" -I"/home/joseph/Documents/SideLine_STM32MP/CortexM4_code/SideLine/CM4/Core/Inc" -I../../Drivers/STM32MP1xx_HAL_Driver/Inc -I"/home/joseph/Documents/SideLine_STM32MP/CortexM4_code/SideLine/Drivers/BSP/STM32MP15xx_DISCO" -I../../Drivers/CMSIS/Device/ST/STM32MP1xx/Include -I../../Drivers/CMSIS/Include -O2 -ffunction-sections -Wall -fmessage-length=0 -fstack-usage -MMD -MP -MF"Drivers/STM32MP1xx_HAL_Driver/stm32mp1xx_hal_pwr_ex.d" -MT"Drivers/STM32MP1xx_HAL_Driver/stm32mp1xx_hal_pwr_ex.o"  -mfpu=fpv4-sp-d16 -mfloat-abi=hard -mthumb -o "Drivers/STM32MP1xx_HAL_Driver/stm32mp1xx_hal_pwr_ex.o"
arm-none-eabi-gcc "/home/joseph/Documents/SideLine_STM32MP/CortexM4_code/SideLine/Drivers/STM32MP1xx_HAL_Driver/Src/stm32mp1xx_hal_rcc.c" -mcpu=cortex-m4 -g3 -DUSE_HAL_DRIVER -DSTM32 -DSTM32MP1 -DSTM32MP15xx -DSTM32MP157CACx -DSTM32MP15xx_DISCO -DSTM32MP157C_DK2 -DDEBUG -DSTM32MP157Cxx -DCORE_CM4 -c -I"/home/joseph/Documents/SideLine_STM32MP/CortexM4_code/SideLine/CM4/OpenSSL/inc" -I"/home/joseph/Documents/SideLine_STM32MP/CortexM4_code/SideLine/CM4/Core/Inc" -I../../Drivers/STM32MP1xx_HAL_Driver/Inc -I"/home/joseph/Documents/SideLine_STM32MP/CortexM4_code/SideLine/Drivers/BSP/STM32MP15xx_DISCO" -I../../Drivers/CMSIS/Device/ST/STM32MP1xx/Include -I../../Drivers/CMSIS/Include -O2 -ffunction-sections -Wall -fmessage-length=0 -fstack-usage -MMD -MP -MF"Drivers/STM32MP1xx_HAL_Driver/stm32mp1xx_hal_rcc.d" -MT"Drivers/STM32MP1xx_HAL_Driver/stm32mp1xx_hal_rcc.o"  -mfpu=fpv4-sp-d16 -mfloat-abi=hard -mthumb -o "Drivers/STM32MP1xx_HAL_Driver/stm32mp1xx_hal_rcc.o"
arm-none-eabi-gcc "/home/joseph/Documents/SideLine_STM32MP/CortexM4_code/SideLine/Drivers/STM32MP1xx_HAL_Driver/Src/stm32mp1xx_hal_rcc_ex.c" -mcpu=cortex-m4 -g3 -DUSE_HAL_DRIVER -DSTM32 -DSTM32MP1 -DSTM32MP15xx -DSTM32MP157CACx -DSTM32MP15xx_DISCO -DSTM32MP157C_DK2 -DDEBUG -DSTM32MP157Cxx -DCORE_CM4 -c -I"/home/joseph/Documents/SideLine_STM32MP/CortexM4_code/SideLine/CM4/OpenSSL/inc" -I"/home/joseph/Documents/SideLine_STM32MP/CortexM4_code/SideLine/CM4/Core/Inc" -I../../Drivers/STM32MP1xx_HAL_Driver/Inc -I"/home/joseph/Documents/SideLine_STM32MP/CortexM4_code/SideLine/Drivers/BSP/STM32MP15xx_DISCO" -I../../Drivers/CMSIS/Device/ST/STM32MP1xx/Include -I../../Drivers/CMSIS/Include -O2 -ffunction-sections -Wall -fmessage-length=0 -fstack-usage -MMD -MP -MF"Drivers/STM32MP1xx_HAL_Driver/stm32mp1xx_hal_rcc_ex.d" -MT"Drivers/STM32MP1xx_HAL_Driver/stm32mp1xx_hal_rcc_ex.o"  -mfpu=fpv4-sp-d16 -mfloat-abi=hard -mthumb -o "Drivers/STM32MP1xx_HAL_Driver/stm32mp1xx_hal_rcc_ex.o"
arm-none-eabi-gcc "/home/joseph/Documents/SideLine_STM32MP/CortexM4_code/SideLine/Drivers/STM32MP1xx_HAL_Driver/Src/stm32mp1xx_hal_tim.c" -mcpu=cortex-m4 -g3 -DUSE_HAL_DRIVER -DSTM32 -DSTM32MP1 -DSTM32MP15xx -DSTM32MP157CACx -DSTM32MP15xx_DISCO -DSTM32MP157C_DK2 -DDEBUG -DSTM32MP157Cxx -DCORE_CM4 -c -I"/home/joseph/Documents/SideLine_STM32MP/CortexM4_code/SideLine/CM4/OpenSSL/inc" -I"/home/joseph/Documents/SideLine_STM32MP/CortexM4_code/SideLine/CM4/Core/Inc" -I../../Drivers/STM32MP1xx_HAL_Driver/Inc -I"/home/joseph/Documents/SideLine_STM32MP/CortexM4_code/SideLine/Drivers/BSP/STM32MP15xx_DISCO" -I../../Drivers/CMSIS/Device/ST/STM32MP1xx/Include -I../../Drivers/CMSIS/Include -O2 -ffunction-sections -Wall -fmessage-length=0 -fstack-usage -MMD -MP -MF"Drivers/STM32MP1xx_HAL_Driver/stm32mp1xx_hal_tim.d" -MT"Drivers/STM32MP1xx_HAL_Driver/stm32mp1xx_hal_tim.o"  -mfpu=fpv4-sp-d16 -mfloat-abi=hard -mthumb -o "Drivers/STM32MP1xx_HAL_Driver/stm32mp1xx_hal_tim.o"
arm-none-eabi-gcc "/home/joseph/Documents/SideLine_STM32MP/CortexM4_code/SideLine/Drivers/STM32MP1xx_HAL_Driver/Src/stm32mp1xx_hal_tim_ex.c" -mcpu=cortex-m4 -g3 -DUSE_HAL_DRIVER -DSTM32 -DSTM32MP1 -DSTM32MP15xx -DSTM32MP157CACx -DSTM32MP15xx_DISCO -DSTM32MP157C_DK2 -DDEBUG -DSTM32MP157Cxx -DCORE_CM4 -c -I"/home/joseph/Documents/SideLine_STM32MP/CortexM4_code/SideLine/CM4/OpenSSL/inc" -I"/home/joseph/Documents/SideLine_STM32MP/CortexM4_code/SideLine/CM4/Core/Inc" -I../../Drivers/STM32MP1xx_HAL_Driver/Inc -I"/home/joseph/Documents/SideLine_STM32MP/CortexM4_code/SideLine/Drivers/BSP/STM32MP15xx_DISCO" -I../../Drivers/CMSIS/Device/ST/STM32MP1xx/Include -I../../Drivers/CMSIS/Include -O2 -ffunction-sections -Wall -fmessage-length=0 -fstack-usage -MMD -MP -MF"Drivers/STM32MP1xx_HAL_Driver/stm32mp1xx_hal_tim_ex.d" -MT"Drivers/STM32MP1xx_HAL_Driver/stm32mp1xx_hal_tim_ex.o"  -mfpu=fpv4-sp-d16 -mfloat-abi=hard -mthumb -o "Drivers/STM32MP1xx_HAL_Driver/stm32mp1xx_hal_tim_ex.o"
arm-none-eabi-gcc "/home/joseph/Documents/SideLine_STM32MP/CortexM4_code/SideLine/Drivers/STM32MP1xx_HAL_Driver/Src/stm32mp1xx_hal_uart.c" -mcpu=cortex-m4 -g3 -DUSE_HAL_DRIVER -DSTM32 -DSTM32MP1 -DSTM32MP15xx -DSTM32MP157CACx -DSTM32MP15xx_DISCO -DSTM32MP157C_DK2 -DDEBUG -DSTM32MP157Cxx -DCORE_CM4 -c -I"/home/joseph/Documents/SideLine_STM32MP/CortexM4_code/SideLine/CM4/OpenSSL/inc" -I"/home/joseph/Documents/SideLine_STM32MP/CortexM4_code/SideLine/CM4/Core/Inc" -I../../Drivers/STM32MP1xx_HAL_Driver/Inc -I"/home/joseph/Documents/SideLine_STM32MP/CortexM4_code/SideLine/Drivers/BSP/STM32MP15xx_DISCO" -I../../Drivers/CMSIS/Device/ST/STM32MP1xx/Include -I../../Drivers/CMSIS/Include -O2 -ffunction-sections -Wall -fmessage-length=0 -fstack-usage -MMD -MP -MF"Drivers/STM32MP1xx_HAL_Driver/stm32mp1xx_hal_uart.d" -MT"Drivers/STM32MP1xx_HAL_Driver/stm32mp1xx_hal_uart.o"  -mfpu=fpv4-sp-d16 -mfloat-abi=hard -mthumb -o "Drivers/STM32MP1xx_HAL_Driver/stm32mp1xx_hal_uart.o"
arm-none-eabi-gcc "/home/joseph/Documents/SideLine_STM32MP/CortexM4_code/SideLine/Drivers/STM32MP1xx_HAL_Driver/Src/stm32mp1xx_hal_uart_ex.c" -mcpu=cortex-m4 -g3 -DUSE_HAL_DRIVER -DSTM32 -DSTM32MP1 -DSTM32MP15xx -DSTM32MP157CACx -DSTM32MP15xx_DISCO -DSTM32MP157C_DK2 -DDEBUG -DSTM32MP157Cxx -DCORE_CM4 -c -I"/home/joseph/Documents/SideLine_STM32MP/CortexM4_code/SideLine/CM4/OpenSSL/inc" -I"/home/joseph/Documents/SideLine_STM32MP/CortexM4_code/SideLine/CM4/Core/Inc" -I../../Drivers/STM32MP1xx_HAL_Driver/Inc -I"/home/joseph/Documents/SideLine_STM32MP/CortexM4_code/SideLine/Drivers/BSP/STM32MP15xx_DISCO" -I../../Drivers/CMSIS/Device/ST/STM32MP1xx/Include -I../../Drivers/CMSIS/Include -O2 -ffunction-sections -Wall -fmessage-length=0 -fstack-usage -MMD -MP -MF"Drivers/STM32MP1xx_HAL_Driver/stm32mp1xx_hal_uart_ex.d" -MT"Drivers/STM32MP1xx_HAL_Driver/stm32mp1xx_hal_uart_ex.o"  -mfpu=fpv4-sp-d16 -mfloat-abi=hard -mthumb -o "Drivers/STM32MP1xx_HAL_Driver/stm32mp1xx_hal_uart_ex.o"
arm-none-eabi-gcc "../Drivers/BSP/stm32mp15xx_disco.c" -mcpu=cortex-m4 -g3 -DUSE_HAL_DRIVER -DSTM32 -DSTM32MP1 -DSTM32MP15xx -DSTM32MP157CACx -DSTM32MP15xx_DISCO -DSTM32MP157C_DK2 -DDEBUG -DSTM32MP157Cxx -DCORE_CM4 -c -I"/home/joseph/Documents/SideLine_STM32MP/CortexM4_code/SideLine/CM4/OpenSSL/inc" -I"/home/joseph/Documents/SideLine_STM32MP/CortexM4_code/SideLine/CM4/Core/Inc" -I../../Drivers/STM32MP1xx_HAL_Driver/Inc -I"/home/joseph/Documents/SideLine_STM32MP/CortexM4_code/SideLine/Drivers/BSP/STM32MP15xx_DISCO" -I../../Drivers/CMSIS/Device/ST/STM32MP1xx/Include -I../../Drivers/CMSIS/Include -O2 -ffunction-sections -Wall -fmessage-length=0 -fstack-usage -MMD -MP -MF"Drivers/BSP/stm32mp15xx_disco.d" -MT"Drivers/BSP/stm32mp15xx_disco.o"  -mfpu=fpv4-sp-d16 -mfloat-abi=hard -mthumb -o "Drivers/BSP/stm32mp15xx_disco.o"
arm-none-eabi-gcc "../Core/Src/aes_openssl_core.c" -mcpu=cortex-m4 -g3 -DUSE_HAL_DRIVER -DSTM32 -DSTM32MP1 -DSTM32MP15xx -DSTM32MP157CACx -DSTM32MP15xx_DISCO -DSTM32MP157C_DK2 -DDEBUG -DSTM32MP157Cxx -DCORE_CM4 -c -I"/home/joseph/Documents/SideLine_STM32MP/CortexM4_code/SideLine/CM4/OpenSSL/inc" -I"/home/joseph/Documents/SideLine_STM32MP/CortexM4_code/SideLine/CM4/Core/Inc" -I../../Drivers/STM32MP1xx_HAL_Driver/Inc -I"/home/joseph/Documents/SideLine_STM32MP/CortexM4_code/SideLine/Drivers/BSP/STM32MP15xx_DISCO" -I../../Drivers/CMSIS/Device/ST/STM32MP1xx/Include -I../../Drivers/CMSIS/Include -O2 -ffunction-sections -Wall -fmessage-length=0 -fstack-usage -MMD -MP -MF"Core/Src/aes_openssl_core.d" -MT"Core/Src/aes_openssl_core.o"  -mfpu=fpv4-sp-d16 -mfloat-abi=hard -mthumb -o "Core/Src/aes_openssl_core.o"
arm-none-eabi-gcc "../Core/Src/lock_resource.c" -mcpu=cortex-m4 -g3 -DUSE_HAL_DRIVER -DSTM32 -DSTM32MP1 -DSTM32MP15xx -DSTM32MP157CACx -DSTM32MP15xx_DISCO -DSTM32MP157C_DK2 -DDEBUG -DSTM32MP157Cxx -DCORE_CM4 -c -I"/home/joseph/Documents/SideLine_STM32MP/CortexM4_code/SideLine/CM4/OpenSSL/inc" -I"/home/joseph/Documents/SideLine_STM32MP/CortexM4_code/SideLine/CM4/Core/Inc" -I../../Drivers/STM32MP1xx_HAL_Driver/Inc -I"/home/joseph/Documents/SideLine_STM32MP/CortexM4_code/SideLine/Drivers/BSP/STM32MP15xx_DISCO" -I../../Drivers/CMSIS/Device/ST/STM32MP1xx/Include -I../../Drivers/CMSIS/Include -O2 -ffunction-sections -Wall -fmessage-length=0 -fstack-usage -MMD -MP -MF"Core/Src/lock_resource.d" -MT"Core/Src/lock_resource.o"  -mfpu=fpv4-sp-d16 -mfloat-abi=hard -mthumb -o "Core/Src/lock_resource.o"
arm-none-eabi-gcc "../Core/Src/main.c" -mcpu=cortex-m4 -g3 -DUSE_HAL_DRIVER -DSTM32 -DSTM32MP1 -DSTM32MP15xx -DSTM32MP157CACx -DSTM32MP15xx_DISCO -DSTM32MP157C_DK2 -DDEBUG -DSTM32MP157Cxx -DCORE_CM4 -c -I"/home/joseph/Documents/SideLine_STM32MP/CortexM4_code/SideLine/CM4/OpenSSL/inc" -I"/home/joseph/Documents/SideLine_STM32MP/CortexM4_code/SideLine/CM4/Core/Inc" -I../../Drivers/STM32MP1xx_HAL_Driver/Inc -I"/home/joseph/Documents/SideLine_STM32MP/CortexM4_code/SideLine/Drivers/BSP/STM32MP15xx_DISCO" -I../../Drivers/CMSIS/Device/ST/STM32MP1xx/Include -I../../Drivers/CMSIS/Include -O2 -ffunction-sections -Wall -fmessage-length=0 -fstack-usage -MMD -MP -MF"Core/Src/main.d" -MT"Core/Src/main.o"  -mfpu=fpv4-sp-d16 -mfloat-abi=hard -mthumb -o "Core/Src/main.o"
../Core/Src/main.c: In function 'Force_Variability':
../Core/Src/main.c:549:8: warning: variable 'lastVar' set but not used [-Wunused-but-set-variable]
  float BestVar = 10.0; //minimum best var to beat !
        ^~~~~~~
arm-none-eabi-gcc "../Core/Src/stm32mp1xx_hal_msp.c" -mcpu=cortex-m4 -g3 -DUSE_HAL_DRIVER -DSTM32 -DSTM32MP1 -DSTM32MP15xx -DSTM32MP157CACx -DSTM32MP15xx_DISCO -DSTM32MP157C_DK2 -DDEBUG -DSTM32MP157Cxx -DCORE_CM4 -c -I"/home/joseph/Documents/SideLine_STM32MP/CortexM4_code/SideLine/CM4/OpenSSL/inc" -I"/home/joseph/Documents/SideLine_STM32MP/CortexM4_code/SideLine/CM4/Core/Inc" -I../../Drivers/STM32MP1xx_HAL_Driver/Inc -I"/home/joseph/Documents/SideLine_STM32MP/CortexM4_code/SideLine/Drivers/BSP/STM32MP15xx_DISCO" -I../../Drivers/CMSIS/Device/ST/STM32MP1xx/Include -I../../Drivers/CMSIS/Include -O2 -ffunction-sections -Wall -fmessage-length=0 -fstack-usage -MMD -MP -MF"Core/Src/stm32mp1xx_hal_msp.d" -MT"Core/Src/stm32mp1xx_hal_msp.o"  -mfpu=fpv4-sp-d16 -mfloat-abi=hard -mthumb -o "Core/Src/stm32mp1xx_hal_msp.o"
arm-none-eabi-gcc "../Core/Src/stm32mp1xx_it.c" -mcpu=cortex-m4 -g3 -DUSE_HAL_DRIVER -DSTM32 -DSTM32MP1 -DSTM32MP15xx -DSTM32MP157CACx -DSTM32MP15xx_DISCO -DSTM32MP157C_DK2 -DDEBUG -DSTM32MP157Cxx -DCORE_CM4 -c -I"/home/joseph/Documents/SideLine_STM32MP/CortexM4_code/SideLine/CM4/OpenSSL/inc" -I"/home/joseph/Documents/SideLine_STM32MP/CortexM4_code/SideLine/CM4/Core/Inc" -I../../Drivers/STM32MP1xx_HAL_Driver/Inc -I"/home/joseph/Documents/SideLine_STM32MP/CortexM4_code/SideLine/Drivers/BSP/STM32MP15xx_DISCO" -I../../Drivers/CMSIS/Device/ST/STM32MP1xx/Include -I../../Drivers/CMSIS/Include -O2 -ffunction-sections -Wall -fmessage-length=0 -fstack-usage -MMD -MP -MF"Core/Src/stm32mp1xx_it.d" -MT"Core/Src/stm32mp1xx_it.o"  -mfpu=fpv4-sp-d16 -mfloat-abi=hard -mthumb -o "Core/Src/stm32mp1xx_it.o"
arm-none-eabi-gcc "../Core/Src/syscalls.c" -mcpu=cortex-m4 -g3 -DUSE_HAL_DRIVER -DSTM32 -DSTM32MP1 -DSTM32MP15xx -DSTM32MP157CACx -DSTM32MP15xx_DISCO -DSTM32MP157C_DK2 -DDEBUG -DSTM32MP157Cxx -DCORE_CM4 -c -I"/home/joseph/Documents/SideLine_STM32MP/CortexM4_code/SideLine/CM4/OpenSSL/inc" -I"/home/joseph/Documents/SideLine_STM32MP/CortexM4_code/SideLine/CM4/Core/Inc" -I../../Drivers/STM32MP1xx_HAL_Driver/Inc -I"/home/joseph/Documents/SideLine_STM32MP/CortexM4_code/SideLine/Drivers/BSP/STM32MP15xx_DISCO" -I../../Drivers/CMSIS/Device/ST/STM32MP1xx/Include -I../../Drivers/CMSIS/Include -O2 -ffunction-sections -Wall -fmessage-length=0 -fstack-usage -MMD -MP -MF"Core/Src/syscalls.d" -MT"Core/Src/syscalls.o"  -mfpu=fpv4-sp-d16 -mfloat-abi=hard -mthumb -o "Core/Src/syscalls.o"
arm-none-eabi-gcc "../Core/Src/sysmem.c" -mcpu=cortex-m4 -g3 -DUSE_HAL_DRIVER -DSTM32 -DSTM32MP1 -DSTM32MP15xx -DSTM32MP157CACx -DSTM32MP15xx_DISCO -DSTM32MP157C_DK2 -DDEBUG -DSTM32MP157Cxx -DCORE_CM4 -c -I"/home/joseph/Documents/SideLine_STM32MP/CortexM4_code/SideLine/CM4/OpenSSL/inc" -I"/home/joseph/Documents/SideLine_STM32MP/CortexM4_code/SideLine/CM4/Core/Inc" -I../../Drivers/STM32MP1xx_HAL_Driver/Inc -I"/home/joseph/Documents/SideLine_STM32MP/CortexM4_code/SideLine/Drivers/BSP/STM32MP15xx_DISCO" -I../../Drivers/CMSIS/Device/ST/STM32MP1xx/Include -I../../Drivers/CMSIS/Include -O2 -ffunction-sections -Wall -fmessage-length=0 -fstack-usage -MMD -MP -MF"Core/Src/sysmem.d" -MT"Core/Src/sysmem.o"  -mfpu=fpv4-sp-d16 -mfloat-abi=hard -mthumb -o "Core/Src/sysmem.o"
arm-none-eabi-gcc "/home/joseph/Documents/SideLine_STM32MP/CortexM4_code/SideLine/Common/System/system_stm32mp1xx.c" -mcpu=cortex-m4 -g3 -DUSE_HAL_DRIVER -DSTM32 -DSTM32MP1 -DSTM32MP15xx -DSTM32MP157CACx -DSTM32MP15xx_DISCO -DSTM32MP157C_DK2 -DDEBUG -DSTM32MP157Cxx -DCORE_CM4 -c -I"/home/joseph/Documents/SideLine_STM32MP/CortexM4_code/SideLine/CM4/OpenSSL/inc" -I"/home/joseph/Documents/SideLine_STM32MP/CortexM4_code/SideLine/CM4/Core/Inc" -I../../Drivers/STM32MP1xx_HAL_Driver/Inc -I"/home/joseph/Documents/SideLine_STM32MP/CortexM4_code/SideLine/Drivers/BSP/STM32MP15xx_DISCO" -I../../Drivers/CMSIS/Device/ST/STM32MP1xx/Include -I../../Drivers/CMSIS/Include -O2 -ffunction-sections -Wall -fmessage-length=0 -fstack-usage -MMD -MP -MF"Common/System/system_stm32mp1xx.d" -MT"Common/System/system_stm32mp1xx.o"  -mfpu=fpv4-sp-d16 -mfloat-abi=hard -mthumb -o "Common/System/system_stm32mp1xx.o"
arm-none-eabi-gcc -o "SideLine_CM4.elf" @"objects.list"   -mcpu=cortex-m4 -T"/home/joseph/Documents/SideLine_STM32MP/CortexM4_code/SideLine/CM4/STM32MP157CACX_RAM.ld" --specs=nosys.specs -Wl,-Map="SideLine_CM4.map" -Wl,--gc-sections -static  -mfpu=fpv4-sp-d16 -mfloat-abi=hard -mthumb -u _printf_float -Wl,--start-group -lc -lm -Wl,--end-group
Finished building target: SideLine_CM4.elf
 
arm-none-eabi-objdump -h -S  SideLine_CM4.elf  > "SideLine_CM4.list"
arm-none-eabi-size   SideLine_CM4.elf 
   text	   data	    bss	    dec	    hex	filename
  53660	   2500	  14272	  70432	  11320	SideLine_CM4.elf
Finished building: default.size.stdout
 
Finished building: SideLine_CM4.list
 
10:17:13 **** Incremental Build of configuration Default for project SideLine_CA7 ****
make all 
Wrapper for /home/joseph/st/stm32cubeide_1.4.0/plugins/com.st.stm32cube.ide.mpu.linux.toolchain_1.4.0.202007081209/tools/bin/make
+ case "$command" in
+ exec make all
make: Nothing to be done for 'all'.
10:17:13 **** Incremental Build of configuration Debug for project SideLine_CM4 ****
make -j8 all 
arm-none-eabi-gcc "../Core/Src/main.c" -mcpu=cortex-m4 -g3 -DUSE_HAL_DRIVER -DSTM32 -DSTM32MP1 -DSTM32MP15xx -DSTM32MP157CACx -DSTM32MP15xx_DISCO -DSTM32MP157C_DK2 -DDEBUG -DSTM32MP157Cxx -DCORE_CM4 -c -I"/home/joseph/Documents/SideLine_STM32MP/CortexM4_code/SideLine/CM4/OpenSSL/inc" -I"/home/joseph/Documents/SideLine_STM32MP/CortexM4_code/SideLine/CM4/Core/Inc" -I../../Drivers/STM32MP1xx_HAL_Driver/Inc -I"/home/joseph/Documents/SideLine_STM32MP/CortexM4_code/SideLine/Drivers/BSP/STM32MP15xx_DISCO" -I../../Drivers/CMSIS/Device/ST/STM32MP1xx/Include -I../../Drivers/CMSIS/Include -O2 -ffunction-sections -Wall -fmessage-length=0 -fstack-usage -MMD -MP -MF"Core/Src/main.d" -MT"Core/Src/main.o"  -mfpu=fpv4-sp-d16 -mfloat-abi=hard -mthumb -o "Core/Src/main.o"
../Core/Src/main.c: In function 'Force_Variability':
../Core/Src/main.c:549:8: warning: variable 'lastVar' set but not used [-Wunused-but-set-variable]
  float BestVar = 10.0; //minimum best var to beat !
        ^~~~~~~
arm-none-eabi-gcc -o "SideLine_CM4.elf" @"objects.list"   -mcpu=cortex-m4 -T"/home/joseph/Documents/SideLine_STM32MP/CortexM4_code/SideLine/CM4/STM32MP157CACX_RAM.ld" --specs=nosys.specs -Wl,-Map="SideLine_CM4.map" -Wl,--gc-sections -static  -mfpu=fpv4-sp-d16 -mfloat-abi=hard -mthumb -u _printf_float -Wl,--start-group -lc -lm -Wl,--end-group
Finished building target: SideLine_CM4.elf
 
arm-none-eabi-objdump -h -S  SideLine_CM4.elf  > "SideLine_CM4.list"
arm-none-eabi-size   SideLine_CM4.elf 
   text	   data	    bss	    dec	    hex	filename
  53620	   2500	  14272	  70392	  112f8	SideLine_CM4.elf
Finished building: default.size.stdout
 
Finished building: SideLine_CM4.list
 
10:19:00 **** Incremental Build of configuration Default for project SideLine_CA7 ****
make all 
Wrapper for /home/joseph/st/stm32cubeide_1.4.0/plugins/com.st.stm32cube.ide.mpu.linux.toolchain_1.4.0.202007081209/tools/bin/make
+ case "$command" in
+ exec make all
make: Nothing to be done for 'all'.
10:19:00 **** Incremental Build of configuration Debug for project SideLine_CM4 ****
make -j8 all 
arm-none-eabi-gcc "../Core/Src/main.c" -mcpu=cortex-m4 -g3 -DUSE_HAL_DRIVER -DSTM32 -DSTM32MP1 -DSTM32MP15xx -DSTM32MP157CACx -DSTM32MP15xx_DISCO -DSTM32MP157C_DK2 -DDEBUG -DSTM32MP157Cxx -DCORE_CM4 -c -I"/home/joseph/Documents/SideLine_STM32MP/CortexM4_code/SideLine/CM4/OpenSSL/inc" -I"/home/joseph/Documents/SideLine_STM32MP/CortexM4_code/SideLine/CM4/Core/Inc" -I../../Drivers/STM32MP1xx_HAL_Driver/Inc -I"/home/joseph/Documents/SideLine_STM32MP/CortexM4_code/SideLine/Drivers/BSP/STM32MP15xx_DISCO" -I../../Drivers/CMSIS/Device/ST/STM32MP1xx/Include -I../../Drivers/CMSIS/Include -O2 -ffunction-sections -Wall -fmessage-length=0 -fstack-usage -MMD -MP -MF"Core/Src/main.d" -MT"Core/Src/main.o"  -mfpu=fpv4-sp-d16 -mfloat-abi=hard -mthumb -o "Core/Src/main.o"
../Core/Src/main.c: In function 'Force_Variability':
../Core/Src/main.c:549:8: warning: variable 'lastVar' set but not used [-Wunused-but-set-variable]
  float BestVar = 10.0; //minimum best var to beat !
        ^~~~~~~
arm-none-eabi-gcc -o "SideLine_CM4.elf" @"objects.list"   -mcpu=cortex-m4 -T"/home/joseph/Documents/SideLine_STM32MP/CortexM4_code/SideLine/CM4/STM32MP157CACX_RAM.ld" --specs=nosys.specs -Wl,-Map="SideLine_CM4.map" -Wl,--gc-sections -static  -mfpu=fpv4-sp-d16 -mfloat-abi=hard -mthumb -u _printf_float -Wl,--start-group -lc -lm -Wl,--end-group
Finished building target: SideLine_CM4.elf
 
arm-none-eabi-objdump -h -S  SideLine_CM4.elf  > "SideLine_CM4.list"
arm-none-eabi-size   SideLine_CM4.elf 
   text	   data	    bss	    dec	    hex	filename
  53724	   2500	  14272	  70496	  11360	SideLine_CM4.elf
Finished building: default.size.stdout
 
Finished building: SideLine_CM4.list
 
10:19:38 **** Incremental Build of configuration Default for project SideLine_CA7 ****
make all 
Wrapper for /home/joseph/st/stm32cubeide_1.4.0/plugins/com.st.stm32cube.ide.mpu.linux.toolchain_1.4.0.202007081209/tools/bin/make
+ case "$command" in
+ exec make all
make: Nothing to be done for 'all'.
10:19:38 **** Incremental Build of configuration Debug for project SideLine_CM4 ****
make -j8 all 
arm-none-eabi-gcc "../Core/Src/main.c" -mcpu=cortex-m4 -g3 -DUSE_HAL_DRIVER -DSTM32 -DSTM32MP1 -DSTM32MP15xx -DSTM32MP157CACx -DSTM32MP15xx_DISCO -DSTM32MP157C_DK2 -DDEBUG -DSTM32MP157Cxx -DCORE_CM4 -c -I"/home/joseph/Documents/SideLine_STM32MP/CortexM4_code/SideLine/CM4/OpenSSL/inc" -I"/home/joseph/Documents/SideLine_STM32MP/CortexM4_code/SideLine/CM4/Core/Inc" -I../../Drivers/STM32MP1xx_HAL_Driver/Inc -I"/home/joseph/Documents/SideLine_STM32MP/CortexM4_code/SideLine/Drivers/BSP/STM32MP15xx_DISCO" -I../../Drivers/CMSIS/Device/ST/STM32MP1xx/Include -I../../Drivers/CMSIS/Include -O2 -ffunction-sections -Wall -fmessage-length=0 -fstack-usage -MMD -MP -MF"Core/Src/main.d" -MT"Core/Src/main.o"  -mfpu=fpv4-sp-d16 -mfloat-abi=hard -mthumb -o "Core/Src/main.o"
../Core/Src/main.c: In function 'Force_Variability':
../Core/Src/main.c:549:8: warning: variable 'lastVar' set but not used [-Wunused-but-set-variable]
  float BestVar = 10.0; //minimum best var to beat !
        ^~~~~~~
arm-none-eabi-gcc -o "SideLine_CM4.elf" @"objects.list"   -mcpu=cortex-m4 -T"/home/joseph/Documents/SideLine_STM32MP/CortexM4_code/SideLine/CM4/STM32MP157CACX_RAM.ld" --specs=nosys.specs -Wl,-Map="SideLine_CM4.map" -Wl,--gc-sections -static  -mfpu=fpv4-sp-d16 -mfloat-abi=hard -mthumb -u _printf_float -Wl,--start-group -lc -lm -Wl,--end-group
Finished building target: SideLine_CM4.elf
 
arm-none-eabi-objdump -h -S  SideLine_CM4.elf  > "SideLine_CM4.list"
arm-none-eabi-size   SideLine_CM4.elf 
   text	   data	    bss	    dec	    hex	filename
  53724	   2500	  14272	  70496	  11360	SideLine_CM4.elf
Finished building: default.size.stdout
 
Finished building: SideLine_CM4.list
 
10:21:26 **** Incremental Build of configuration Default for project SideLine_CA7 ****
make all 
Wrapper for /home/joseph/st/stm32cubeide_1.4.0/plugins/com.st.stm32cube.ide.mpu.linux.toolchain_1.4.0.202007081209/tools/bin/make
+ case "$command" in
+ exec make all
make: Nothing to be done for 'all'.
10:21:26 **** Incremental Build of configuration Debug for project SideLine_CM4 ****
make -j8 all 
arm-none-eabi-gcc "../Core/Src/main.c" -mcpu=cortex-m4 -g3 -DUSE_HAL_DRIVER -DSTM32 -DSTM32MP1 -DSTM32MP15xx -DSTM32MP157CACx -DSTM32MP15xx_DISCO -DSTM32MP157C_DK2 -DDEBUG -DSTM32MP157Cxx -DCORE_CM4 -c -I"/home/joseph/Documents/SideLine_STM32MP/CortexM4_code/SideLine/CM4/OpenSSL/inc" -I"/home/joseph/Documents/SideLine_STM32MP/CortexM4_code/SideLine/CM4/Core/Inc" -I../../Drivers/STM32MP1xx_HAL_Driver/Inc -I"/home/joseph/Documents/SideLine_STM32MP/CortexM4_code/SideLine/Drivers/BSP/STM32MP15xx_DISCO" -I../../Drivers/CMSIS/Device/ST/STM32MP1xx/Include -I../../Drivers/CMSIS/Include -O2 -ffunction-sections -Wall -fmessage-length=0 -fstack-usage -MMD -MP -MF"Core/Src/main.d" -MT"Core/Src/main.o"  -mfpu=fpv4-sp-d16 -mfloat-abi=hard -mthumb -o "Core/Src/main.o"
../Core/Src/main.c: In function 'Force_Variability':
../Core/Src/main.c:549:8: warning: variable 'lastVar' set but not used [-Wunused-but-set-variable]
  float BestVar = 10.0; //minimum best var to beat !
        ^~~~~~~
arm-none-eabi-gcc -o "SideLine_CM4.elf" @"objects.list"   -mcpu=cortex-m4 -T"/home/joseph/Documents/SideLine_STM32MP/CortexM4_code/SideLine/CM4/STM32MP157CACX_RAM.ld" --specs=nosys.specs -Wl,-Map="SideLine_CM4.map" -Wl,--gc-sections -static  -mfpu=fpv4-sp-d16 -mfloat-abi=hard -mthumb -u _printf_float -Wl,--start-group -lc -lm -Wl,--end-group
Finished building target: SideLine_CM4.elf
 
arm-none-eabi-objdump -h -S  SideLine_CM4.elf  > "SideLine_CM4.list"
arm-none-eabi-size   SideLine_CM4.elf 
   text	   data	    bss	    dec	    hex	filename
  53732	   2500	  14272	  70504	  11368	SideLine_CM4.elf
Finished building: default.size.stdout
 
Finished building: SideLine_CM4.list
 
10:22:30 **** Incremental Build of configuration Default for project SideLine_CA7 ****
make all 
Wrapper for /home/joseph/st/stm32cubeide_1.4.0/plugins/com.st.stm32cube.ide.mpu.linux.toolchain_1.4.0.202007081209/tools/bin/make
+ case "$command" in
+ exec make all
make: Nothing to be done for 'all'.
10:22:31 **** Incremental Build of configuration Debug for project SideLine_CM4 ****
make -j8 all 
arm-none-eabi-gcc "../Core/Src/main.c" -mcpu=cortex-m4 -g3 -DUSE_HAL_DRIVER -DSTM32 -DSTM32MP1 -DSTM32MP15xx -DSTM32MP157CACx -DSTM32MP15xx_DISCO -DSTM32MP157C_DK2 -DDEBUG -DSTM32MP157Cxx -DCORE_CM4 -c -I"/home/joseph/Documents/SideLine_STM32MP/CortexM4_code/SideLine/CM4/OpenSSL/inc" -I"/home/joseph/Documents/SideLine_STM32MP/CortexM4_code/SideLine/CM4/Core/Inc" -I../../Drivers/STM32MP1xx_HAL_Driver/Inc -I"/home/joseph/Documents/SideLine_STM32MP/CortexM4_code/SideLine/Drivers/BSP/STM32MP15xx_DISCO" -I../../Drivers/CMSIS/Device/ST/STM32MP1xx/Include -I../../Drivers/CMSIS/Include -O2 -ffunction-sections -Wall -fmessage-length=0 -fstack-usage -MMD -MP -MF"Core/Src/main.d" -MT"Core/Src/main.o"  -mfpu=fpv4-sp-d16 -mfloat-abi=hard -mthumb -o "Core/Src/main.o"
../Core/Src/main.c: In function 'Force_Variability':
../Core/Src/main.c:549:8: warning: variable 'lastVar' set but not used [-Wunused-but-set-variable]
  float BestVar = 10.0; //minimum best var to beat !
        ^~~~~~~
arm-none-eabi-gcc -o "SideLine_CM4.elf" @"objects.list"   -mcpu=cortex-m4 -T"/home/joseph/Documents/SideLine_STM32MP/CortexM4_code/SideLine/CM4/STM32MP157CACX_RAM.ld" --specs=nosys.specs -Wl,-Map="SideLine_CM4.map" -Wl,--gc-sections -static  -mfpu=fpv4-sp-d16 -mfloat-abi=hard -mthumb -u _printf_float -Wl,--start-group -lc -lm -Wl,--end-group
Finished building target: SideLine_CM4.elf
 
arm-none-eabi-objdump -h -S  SideLine_CM4.elf  > "SideLine_CM4.list"
arm-none-eabi-size   SideLine_CM4.elf 
   text	   data	    bss	    dec	    hex	filename
  53724	   2500	  14272	  70496	  11360	SideLine_CM4.elf
Finished building: default.size.stdout
 
Finished building: SideLine_CM4.list
 
10:23:01 **** Incremental Build of configuration Default for project SideLine_CA7 ****
make all 
Wrapper for /home/joseph/st/stm32cubeide_1.4.0/plugins/com.st.stm32cube.ide.mpu.linux.toolchain_1.4.0.202007081209/tools/bin/make
+ case "$command" in
+ exec make all
make: Nothing to be done for 'all'.
10:23:01 **** Incremental Build of configuration Debug for project SideLine_CM4 ****
make -j8 all 
arm-none-eabi-gcc "../Core/Src/main.c" -mcpu=cortex-m4 -g3 -DUSE_HAL_DRIVER -DSTM32 -DSTM32MP1 -DSTM32MP15xx -DSTM32MP157CACx -DSTM32MP15xx_DISCO -DSTM32MP157C_DK2 -DDEBUG -DSTM32MP157Cxx -DCORE_CM4 -c -I"/home/joseph/Documents/SideLine_STM32MP/CortexM4_code/SideLine/CM4/OpenSSL/inc" -I"/home/joseph/Documents/SideLine_STM32MP/CortexM4_code/SideLine/CM4/Core/Inc" -I../../Drivers/STM32MP1xx_HAL_Driver/Inc -I"/home/joseph/Documents/SideLine_STM32MP/CortexM4_code/SideLine/Drivers/BSP/STM32MP15xx_DISCO" -I../../Drivers/CMSIS/Device/ST/STM32MP1xx/Include -I../../Drivers/CMSIS/Include -O2 -ffunction-sections -Wall -fmessage-length=0 -fstack-usage -MMD -MP -MF"Core/Src/main.d" -MT"Core/Src/main.o"  -mfpu=fpv4-sp-d16 -mfloat-abi=hard -mthumb -o "Core/Src/main.o"
../Core/Src/main.c: In function 'Force_Variability':
../Core/Src/main.c:549:8: warning: variable 'lastVar' set but not used [-Wunused-but-set-variable]
  float BestVar = 10.0; //minimum best var to beat !
        ^~~~~~~
arm-none-eabi-gcc -o "SideLine_CM4.elf" @"objects.list"   -mcpu=cortex-m4 -T"/home/joseph/Documents/SideLine_STM32MP/CortexM4_code/SideLine/CM4/STM32MP157CACX_RAM.ld" --specs=nosys.specs -Wl,-Map="SideLine_CM4.map" -Wl,--gc-sections -static  -mfpu=fpv4-sp-d16 -mfloat-abi=hard -mthumb -u _printf_float -Wl,--start-group -lc -lm -Wl,--end-group
Finished building target: SideLine_CM4.elf
 
arm-none-eabi-objdump -h -S  SideLine_CM4.elf  > "SideLine_CM4.list"
arm-none-eabi-size   SideLine_CM4.elf 
   text	   data	    bss	    dec	    hex	filename
  53716	   2500	  14272	  70488	  11358	SideLine_CM4.elf
Finished building: default.size.stdout
 
Finished building: SideLine_CM4.list
 
10:23:46 **** Incremental Build of configuration Default for project SideLine_CA7 ****
make all 
Wrapper for /home/joseph/st/stm32cubeide_1.4.0/plugins/com.st.stm32cube.ide.mpu.linux.toolchain_1.4.0.202007081209/tools/bin/make
+ case "$command" in
+ exec make all
make: Nothing to be done for 'all'.
10:23:46 **** Incremental Build of configuration Debug for project SideLine_CM4 ****
make -j8 all 
arm-none-eabi-gcc "../Core/Src/main.c" -mcpu=cortex-m4 -g3 -DUSE_HAL_DRIVER -DSTM32 -DSTM32MP1 -DSTM32MP15xx -DSTM32MP157CACx -DSTM32MP15xx_DISCO -DSTM32MP157C_DK2 -DDEBUG -DSTM32MP157Cxx -DCORE_CM4 -c -I"/home/joseph/Documents/SideLine_STM32MP/CortexM4_code/SideLine/CM4/OpenSSL/inc" -I"/home/joseph/Documents/SideLine_STM32MP/CortexM4_code/SideLine/CM4/Core/Inc" -I../../Drivers/STM32MP1xx_HAL_Driver/Inc -I"/home/joseph/Documents/SideLine_STM32MP/CortexM4_code/SideLine/Drivers/BSP/STM32MP15xx_DISCO" -I../../Drivers/CMSIS/Device/ST/STM32MP1xx/Include -I../../Drivers/CMSIS/Include -O2 -ffunction-sections -Wall -fmessage-length=0 -fstack-usage -MMD -MP -MF"Core/Src/main.d" -MT"Core/Src/main.o"  -mfpu=fpv4-sp-d16 -mfloat-abi=hard -mthumb -o "Core/Src/main.o"
../Core/Src/main.c: In function 'Force_Variability':
../Core/Src/main.c:549:8: warning: variable 'lastVar' set but not used [-Wunused-but-set-variable]
  float BestVar = 10.0; //minimum best var to beat !
        ^~~~~~~
arm-none-eabi-gcc -o "SideLine_CM4.elf" @"objects.list"   -mcpu=cortex-m4 -T"/home/joseph/Documents/SideLine_STM32MP/CortexM4_code/SideLine/CM4/STM32MP157CACX_RAM.ld" --specs=nosys.specs -Wl,-Map="SideLine_CM4.map" -Wl,--gc-sections -static  -mfpu=fpv4-sp-d16 -mfloat-abi=hard -mthumb -u _printf_float -Wl,--start-group -lc -lm -Wl,--end-group
Finished building target: SideLine_CM4.elf
 
arm-none-eabi-objdump -h -S  SideLine_CM4.elf  > "SideLine_CM4.list"
arm-none-eabi-size   SideLine_CM4.elf 
   text	   data	    bss	    dec	    hex	filename
  53660	   2500	  14272	  70432	  11320	SideLine_CM4.elf
Finished building: default.size.stdout
 
Finished building: SideLine_CM4.list
 
10:28:11 **** Incremental Build of configuration Default for project SideLine_CA7 ****
make all 
Wrapper for /home/joseph/st/stm32cubeide_1.4.0/plugins/com.st.stm32cube.ide.mpu.linux.toolchain_1.4.0.202007081209/tools/bin/make
+ case "$command" in
+ exec make all
make: Nothing to be done for 'all'.
10:28:11 **** Incremental Build of configuration Debug for project SideLine_CM4 ****
make -j8 all 
arm-none-eabi-gcc "/home/joseph/Documents/SideLine_STM32MP/CortexM4_code/SideLine/Drivers/STM32MP1xx_HAL_Driver/Src/stm32mp1xx_hal.c" -mcpu=cortex-m4 -g3 -DUSE_HAL_DRIVER -DSTM32 -DSTM32MP1 -DSTM32MP15xx -DSTM32MP157CACx -DSTM32MP15xx_DISCO -DSTM32MP157C_DK2 -DDEBUG -DSTM32MP157Cxx -DCORE_CM4 -c -I"/home/joseph/Documents/SideLine_STM32MP/CortexM4_code/SideLine/CM4/OpenSSL/inc" -I"/home/joseph/Documents/SideLine_STM32MP/CortexM4_code/SideLine/CM4/Core/Inc" -I../../Drivers/STM32MP1xx_HAL_Driver/Inc -I"/home/joseph/Documents/SideLine_STM32MP/CortexM4_code/SideLine/Drivers/BSP/STM32MP15xx_DISCO" -I../../Drivers/CMSIS/Device/ST/STM32MP1xx/Include -I../../Drivers/CMSIS/Include -O0 -ffunction-sections -fdata-sections -Wall -fmessage-length=0 -fstack-usage -MMD -MP -MF"Drivers/STM32MP1xx_HAL_Driver/stm32mp1xx_hal.d" -MT"Drivers/STM32MP1xx_HAL_Driver/stm32mp1xx_hal.o"  -mfpu=fpv4-sp-d16 -mfloat-abi=hard -mthumb -o "Drivers/STM32MP1xx_HAL_Driver/stm32mp1xx_hal.o"
arm-none-eabi-gcc "/home/joseph/Documents/SideLine_STM32MP/CortexM4_code/SideLine/Drivers/STM32MP1xx_HAL_Driver/Src/stm32mp1xx_hal_cortex.c" -mcpu=cortex-m4 -g3 -DUSE_HAL_DRIVER -DSTM32 -DSTM32MP1 -DSTM32MP15xx -DSTM32MP157CACx -DSTM32MP15xx_DISCO -DSTM32MP157C_DK2 -DDEBUG -DSTM32MP157Cxx -DCORE_CM4 -c -I"/home/joseph/Documents/SideLine_STM32MP/CortexM4_code/SideLine/CM4/OpenSSL/inc" -I"/home/joseph/Documents/SideLine_STM32MP/CortexM4_code/SideLine/CM4/Core/Inc" -I../../Drivers/STM32MP1xx_HAL_Driver/Inc -I"/home/joseph/Documents/SideLine_STM32MP/CortexM4_code/SideLine/Drivers/BSP/STM32MP15xx_DISCO" -I../../Drivers/CMSIS/Device/ST/STM32MP1xx/Include -I../../Drivers/CMSIS/Include -O0 -ffunction-sections -fdata-sections -Wall -fmessage-length=0 -fstack-usage -MMD -MP -MF"Drivers/STM32MP1xx_HAL_Driver/stm32mp1xx_hal_cortex.d" -MT"Drivers/STM32MP1xx_HAL_Driver/stm32mp1xx_hal_cortex.o"  -mfpu=fpv4-sp-d16 -mfloat-abi=hard -mthumb -o "Drivers/STM32MP1xx_HAL_Driver/stm32mp1xx_hal_cortex.o"
arm-none-eabi-gcc "/home/joseph/Documents/SideLine_STM32MP/CortexM4_code/SideLine/Drivers/STM32MP1xx_HAL_Driver/Src/stm32mp1xx_hal_dma.c" -mcpu=cortex-m4 -g3 -DUSE_HAL_DRIVER -DSTM32 -DSTM32MP1 -DSTM32MP15xx -DSTM32MP157CACx -DSTM32MP15xx_DISCO -DSTM32MP157C_DK2 -DDEBUG -DSTM32MP157Cxx -DCORE_CM4 -c -I"/home/joseph/Documents/SideLine_STM32MP/CortexM4_code/SideLine/CM4/OpenSSL/inc" -I"/home/joseph/Documents/SideLine_STM32MP/CortexM4_code/SideLine/CM4/Core/Inc" -I../../Drivers/STM32MP1xx_HAL_Driver/Inc -I"/home/joseph/Documents/SideLine_STM32MP/CortexM4_code/SideLine/Drivers/BSP/STM32MP15xx_DISCO" -I../../Drivers/CMSIS/Device/ST/STM32MP1xx/Include -I../../Drivers/CMSIS/Include -O0 -ffunction-sections -fdata-sections -Wall -fmessage-length=0 -fstack-usage -MMD -MP -MF"Drivers/STM32MP1xx_HAL_Driver/stm32mp1xx_hal_dma.d" -MT"Drivers/STM32MP1xx_HAL_Driver/stm32mp1xx_hal_dma.o"  -mfpu=fpv4-sp-d16 -mfloat-abi=hard -mthumb -o "Drivers/STM32MP1xx_HAL_Driver/stm32mp1xx_hal_dma.o"
arm-none-eabi-gcc "/home/joseph/Documents/SideLine_STM32MP/CortexM4_code/SideLine/Drivers/STM32MP1xx_HAL_Driver/Src/stm32mp1xx_hal_dma_ex.c" -mcpu=cortex-m4 -g3 -DUSE_HAL_DRIVER -DSTM32 -DSTM32MP1 -DSTM32MP15xx -DSTM32MP157CACx -DSTM32MP15xx_DISCO -DSTM32MP157C_DK2 -DDEBUG -DSTM32MP157Cxx -DCORE_CM4 -c -I"/home/joseph/Documents/SideLine_STM32MP/CortexM4_code/SideLine/CM4/OpenSSL/inc" -I"/home/joseph/Documents/SideLine_STM32MP/CortexM4_code/SideLine/CM4/Core/Inc" -I../../Drivers/STM32MP1xx_HAL_Driver/Inc -I"/home/joseph/Documents/SideLine_STM32MP/CortexM4_code/SideLine/Drivers/BSP/STM32MP15xx_DISCO" -I../../Drivers/CMSIS/Device/ST/STM32MP1xx/Include -I../../Drivers/CMSIS/Include -O0 -ffunction-sections -fdata-sections -Wall -fmessage-length=0 -fstack-usage -MMD -MP -MF"Drivers/STM32MP1xx_HAL_Driver/stm32mp1xx_hal_dma_ex.d" -MT"Drivers/STM32MP1xx_HAL_Driver/stm32mp1xx_hal_dma_ex.o"  -mfpu=fpv4-sp-d16 -mfloat-abi=hard -mthumb -o "Drivers/STM32MP1xx_HAL_Driver/stm32mp1xx_hal_dma_ex.o"
arm-none-eabi-gcc "/home/joseph/Documents/SideLine_STM32MP/CortexM4_code/SideLine/Drivers/STM32MP1xx_HAL_Driver/Src/stm32mp1xx_hal_exti.c" -mcpu=cortex-m4 -g3 -DUSE_HAL_DRIVER -DSTM32 -DSTM32MP1 -DSTM32MP15xx -DSTM32MP157CACx -DSTM32MP15xx_DISCO -DSTM32MP157C_DK2 -DDEBUG -DSTM32MP157Cxx -DCORE_CM4 -c -I"/home/joseph/Documents/SideLine_STM32MP/CortexM4_code/SideLine/CM4/OpenSSL/inc" -I"/home/joseph/Documents/SideLine_STM32MP/CortexM4_code/SideLine/CM4/Core/Inc" -I../../Drivers/STM32MP1xx_HAL_Driver/Inc -I"/home/joseph/Documents/SideLine_STM32MP/CortexM4_code/SideLine/Drivers/BSP/STM32MP15xx_DISCO" -I../../Drivers/CMSIS/Device/ST/STM32MP1xx/Include -I../../Drivers/CMSIS/Include -O0 -ffunction-sections -fdata-sections -Wall -fmessage-length=0 -fstack-usage -MMD -MP -MF"Drivers/STM32MP1xx_HAL_Driver/stm32mp1xx_hal_exti.d" -MT"Drivers/STM32MP1xx_HAL_Driver/stm32mp1xx_hal_exti.o"  -mfpu=fpv4-sp-d16 -mfloat-abi=hard -mthumb -o "Drivers/STM32MP1xx_HAL_Driver/stm32mp1xx_hal_exti.o"
arm-none-eabi-gcc "/home/joseph/Documents/SideLine_STM32MP/CortexM4_code/SideLine/Drivers/STM32MP1xx_HAL_Driver/Src/stm32mp1xx_hal_gpio.c" -mcpu=cortex-m4 -g3 -DUSE_HAL_DRIVER -DSTM32 -DSTM32MP1 -DSTM32MP15xx -DSTM32MP157CACx -DSTM32MP15xx_DISCO -DSTM32MP157C_DK2 -DDEBUG -DSTM32MP157Cxx -DCORE_CM4 -c -I"/home/joseph/Documents/SideLine_STM32MP/CortexM4_code/SideLine/CM4/OpenSSL/inc" -I"/home/joseph/Documents/SideLine_STM32MP/CortexM4_code/SideLine/CM4/Core/Inc" -I../../Drivers/STM32MP1xx_HAL_Driver/Inc -I"/home/joseph/Documents/SideLine_STM32MP/CortexM4_code/SideLine/Drivers/BSP/STM32MP15xx_DISCO" -I../../Drivers/CMSIS/Device/ST/STM32MP1xx/Include -I../../Drivers/CMSIS/Include -O0 -ffunction-sections -fdata-sections -Wall -fmessage-length=0 -fstack-usage -MMD -MP -MF"Drivers/STM32MP1xx_HAL_Driver/stm32mp1xx_hal_gpio.d" -MT"Drivers/STM32MP1xx_HAL_Driver/stm32mp1xx_hal_gpio.o"  -mfpu=fpv4-sp-d16 -mfloat-abi=hard -mthumb -o "Drivers/STM32MP1xx_HAL_Driver/stm32mp1xx_hal_gpio.o"
arm-none-eabi-gcc "/home/joseph/Documents/SideLine_STM32MP/CortexM4_code/SideLine/Drivers/STM32MP1xx_HAL_Driver/Src/stm32mp1xx_hal_hsem.c" -mcpu=cortex-m4 -g3 -DUSE_HAL_DRIVER -DSTM32 -DSTM32MP1 -DSTM32MP15xx -DSTM32MP157CACx -DSTM32MP15xx_DISCO -DSTM32MP157C_DK2 -DDEBUG -DSTM32MP157Cxx -DCORE_CM4 -c -I"/home/joseph/Documents/SideLine_STM32MP/CortexM4_code/SideLine/CM4/OpenSSL/inc" -I"/home/joseph/Documents/SideLine_STM32MP/CortexM4_code/SideLine/CM4/Core/Inc" -I../../Drivers/STM32MP1xx_HAL_Driver/Inc -I"/home/joseph/Documents/SideLine_STM32MP/CortexM4_code/SideLine/Drivers/BSP/STM32MP15xx_DISCO" -I../../Drivers/CMSIS/Device/ST/STM32MP1xx/Include -I../../Drivers/CMSIS/Include -O0 -ffunction-sections -fdata-sections -Wall -fmessage-length=0 -fstack-usage -MMD -MP -MF"Drivers/STM32MP1xx_HAL_Driver/stm32mp1xx_hal_hsem.d" -MT"Drivers/STM32MP1xx_HAL_Driver/stm32mp1xx_hal_hsem.o"  -mfpu=fpv4-sp-d16 -mfloat-abi=hard -mthumb -o "Drivers/STM32MP1xx_HAL_Driver/stm32mp1xx_hal_hsem.o"
arm-none-eabi-gcc "/home/joseph/Documents/SideLine_STM32MP/CortexM4_code/SideLine/Drivers/STM32MP1xx_HAL_Driver/Src/stm32mp1xx_hal_mdma.c" -mcpu=cortex-m4 -g3 -DUSE_HAL_DRIVER -DSTM32 -DSTM32MP1 -DSTM32MP15xx -DSTM32MP157CACx -DSTM32MP15xx_DISCO -DSTM32MP157C_DK2 -DDEBUG -DSTM32MP157Cxx -DCORE_CM4 -c -I"/home/joseph/Documents/SideLine_STM32MP/CortexM4_code/SideLine/CM4/OpenSSL/inc" -I"/home/joseph/Documents/SideLine_STM32MP/CortexM4_code/SideLine/CM4/Core/Inc" -I../../Drivers/STM32MP1xx_HAL_Driver/Inc -I"/home/joseph/Documents/SideLine_STM32MP/CortexM4_code/SideLine/Drivers/BSP/STM32MP15xx_DISCO" -I../../Drivers/CMSIS/Device/ST/STM32MP1xx/Include -I../../Drivers/CMSIS/Include -O0 -ffunction-sections -fdata-sections -Wall -fmessage-length=0 -fstack-usage -MMD -MP -MF"Drivers/STM32MP1xx_HAL_Driver/stm32mp1xx_hal_mdma.d" -MT"Drivers/STM32MP1xx_HAL_Driver/stm32mp1xx_hal_mdma.o"  -mfpu=fpv4-sp-d16 -mfloat-abi=hard -mthumb -o "Drivers/STM32MP1xx_HAL_Driver/stm32mp1xx_hal_mdma.o"
arm-none-eabi-gcc "/home/joseph/Documents/SideLine_STM32MP/CortexM4_code/SideLine/Drivers/STM32MP1xx_HAL_Driver/Src/stm32mp1xx_hal_pwr.c" -mcpu=cortex-m4 -g3 -DUSE_HAL_DRIVER -DSTM32 -DSTM32MP1 -DSTM32MP15xx -DSTM32MP157CACx -DSTM32MP15xx_DISCO -DSTM32MP157C_DK2 -DDEBUG -DSTM32MP157Cxx -DCORE_CM4 -c -I"/home/joseph/Documents/SideLine_STM32MP/CortexM4_code/SideLine/CM4/OpenSSL/inc" -I"/home/joseph/Documents/SideLine_STM32MP/CortexM4_code/SideLine/CM4/Core/Inc" -I../../Drivers/STM32MP1xx_HAL_Driver/Inc -I"/home/joseph/Documents/SideLine_STM32MP/CortexM4_code/SideLine/Drivers/BSP/STM32MP15xx_DISCO" -I../../Drivers/CMSIS/Device/ST/STM32MP1xx/Include -I../../Drivers/CMSIS/Include -O0 -ffunction-sections -fdata-sections -Wall -fmessage-length=0 -fstack-usage -MMD -MP -MF"Drivers/STM32MP1xx_HAL_Driver/stm32mp1xx_hal_pwr.d" -MT"Drivers/STM32MP1xx_HAL_Driver/stm32mp1xx_hal_pwr.o"  -mfpu=fpv4-sp-d16 -mfloat-abi=hard -mthumb -o "Drivers/STM32MP1xx_HAL_Driver/stm32mp1xx_hal_pwr.o"
arm-none-eabi-gcc "/home/joseph/Documents/SideLine_STM32MP/CortexM4_code/SideLine/Drivers/STM32MP1xx_HAL_Driver/Src/stm32mp1xx_hal_pwr_ex.c" -mcpu=cortex-m4 -g3 -DUSE_HAL_DRIVER -DSTM32 -DSTM32MP1 -DSTM32MP15xx -DSTM32MP157CACx -DSTM32MP15xx_DISCO -DSTM32MP157C_DK2 -DDEBUG -DSTM32MP157Cxx -DCORE_CM4 -c -I"/home/joseph/Documents/SideLine_STM32MP/CortexM4_code/SideLine/CM4/OpenSSL/inc" -I"/home/joseph/Documents/SideLine_STM32MP/CortexM4_code/SideLine/CM4/Core/Inc" -I../../Drivers/STM32MP1xx_HAL_Driver/Inc -I"/home/joseph/Documents/SideLine_STM32MP/CortexM4_code/SideLine/Drivers/BSP/STM32MP15xx_DISCO" -I../../Drivers/CMSIS/Device/ST/STM32MP1xx/Include -I../../Drivers/CMSIS/Include -O0 -ffunction-sections -fdata-sections -Wall -fmessage-length=0 -fstack-usage -MMD -MP -MF"Drivers/STM32MP1xx_HAL_Driver/stm32mp1xx_hal_pwr_ex.d" -MT"Drivers/STM32MP1xx_HAL_Driver/stm32mp1xx_hal_pwr_ex.o"  -mfpu=fpv4-sp-d16 -mfloat-abi=hard -mthumb -o "Drivers/STM32MP1xx_HAL_Driver/stm32mp1xx_hal_pwr_ex.o"
arm-none-eabi-gcc "/home/joseph/Documents/SideLine_STM32MP/CortexM4_code/SideLine/Drivers/STM32MP1xx_HAL_Driver/Src/stm32mp1xx_hal_rcc.c" -mcpu=cortex-m4 -g3 -DUSE_HAL_DRIVER -DSTM32 -DSTM32MP1 -DSTM32MP15xx -DSTM32MP157CACx -DSTM32MP15xx_DISCO -DSTM32MP157C_DK2 -DDEBUG -DSTM32MP157Cxx -DCORE_CM4 -c -I"/home/joseph/Documents/SideLine_STM32MP/CortexM4_code/SideLine/CM4/OpenSSL/inc" -I"/home/joseph/Documents/SideLine_STM32MP/CortexM4_code/SideLine/CM4/Core/Inc" -I../../Drivers/STM32MP1xx_HAL_Driver/Inc -I"/home/joseph/Documents/SideLine_STM32MP/CortexM4_code/SideLine/Drivers/BSP/STM32MP15xx_DISCO" -I../../Drivers/CMSIS/Device/ST/STM32MP1xx/Include -I../../Drivers/CMSIS/Include -O0 -ffunction-sections -fdata-sections -Wall -fmessage-length=0 -fstack-usage -MMD -MP -MF"Drivers/STM32MP1xx_HAL_Driver/stm32mp1xx_hal_rcc.d" -MT"Drivers/STM32MP1xx_HAL_Driver/stm32mp1xx_hal_rcc.o"  -mfpu=fpv4-sp-d16 -mfloat-abi=hard -mthumb -o "Drivers/STM32MP1xx_HAL_Driver/stm32mp1xx_hal_rcc.o"
arm-none-eabi-gcc "/home/joseph/Documents/SideLine_STM32MP/CortexM4_code/SideLine/Drivers/STM32MP1xx_HAL_Driver/Src/stm32mp1xx_hal_rcc_ex.c" -mcpu=cortex-m4 -g3 -DUSE_HAL_DRIVER -DSTM32 -DSTM32MP1 -DSTM32MP15xx -DSTM32MP157CACx -DSTM32MP15xx_DISCO -DSTM32MP157C_DK2 -DDEBUG -DSTM32MP157Cxx -DCORE_CM4 -c -I"/home/joseph/Documents/SideLine_STM32MP/CortexM4_code/SideLine/CM4/OpenSSL/inc" -I"/home/joseph/Documents/SideLine_STM32MP/CortexM4_code/SideLine/CM4/Core/Inc" -I../../Drivers/STM32MP1xx_HAL_Driver/Inc -I"/home/joseph/Documents/SideLine_STM32MP/CortexM4_code/SideLine/Drivers/BSP/STM32MP15xx_DISCO" -I../../Drivers/CMSIS/Device/ST/STM32MP1xx/Include -I../../Drivers/CMSIS/Include -O0 -ffunction-sections -fdata-sections -Wall -fmessage-length=0 -fstack-usage -MMD -MP -MF"Drivers/STM32MP1xx_HAL_Driver/stm32mp1xx_hal_rcc_ex.d" -MT"Drivers/STM32MP1xx_HAL_Driver/stm32mp1xx_hal_rcc_ex.o"  -mfpu=fpv4-sp-d16 -mfloat-abi=hard -mthumb -o "Drivers/STM32MP1xx_HAL_Driver/stm32mp1xx_hal_rcc_ex.o"
arm-none-eabi-gcc "/home/joseph/Documents/SideLine_STM32MP/CortexM4_code/SideLine/Drivers/STM32MP1xx_HAL_Driver/Src/stm32mp1xx_hal_tim.c" -mcpu=cortex-m4 -g3 -DUSE_HAL_DRIVER -DSTM32 -DSTM32MP1 -DSTM32MP15xx -DSTM32MP157CACx -DSTM32MP15xx_DISCO -DSTM32MP157C_DK2 -DDEBUG -DSTM32MP157Cxx -DCORE_CM4 -c -I"/home/joseph/Documents/SideLine_STM32MP/CortexM4_code/SideLine/CM4/OpenSSL/inc" -I"/home/joseph/Documents/SideLine_STM32MP/CortexM4_code/SideLine/CM4/Core/Inc" -I../../Drivers/STM32MP1xx_HAL_Driver/Inc -I"/home/joseph/Documents/SideLine_STM32MP/CortexM4_code/SideLine/Drivers/BSP/STM32MP15xx_DISCO" -I../../Drivers/CMSIS/Device/ST/STM32MP1xx/Include -I../../Drivers/CMSIS/Include -O0 -ffunction-sections -fdata-sections -Wall -fmessage-length=0 -fstack-usage -MMD -MP -MF"Drivers/STM32MP1xx_HAL_Driver/stm32mp1xx_hal_tim.d" -MT"Drivers/STM32MP1xx_HAL_Driver/stm32mp1xx_hal_tim.o"  -mfpu=fpv4-sp-d16 -mfloat-abi=hard -mthumb -o "Drivers/STM32MP1xx_HAL_Driver/stm32mp1xx_hal_tim.o"
arm-none-eabi-gcc "/home/joseph/Documents/SideLine_STM32MP/CortexM4_code/SideLine/Drivers/STM32MP1xx_HAL_Driver/Src/stm32mp1xx_hal_tim_ex.c" -mcpu=cortex-m4 -g3 -DUSE_HAL_DRIVER -DSTM32 -DSTM32MP1 -DSTM32MP15xx -DSTM32MP157CACx -DSTM32MP15xx_DISCO -DSTM32MP157C_DK2 -DDEBUG -DSTM32MP157Cxx -DCORE_CM4 -c -I"/home/joseph/Documents/SideLine_STM32MP/CortexM4_code/SideLine/CM4/OpenSSL/inc" -I"/home/joseph/Documents/SideLine_STM32MP/CortexM4_code/SideLine/CM4/Core/Inc" -I../../Drivers/STM32MP1xx_HAL_Driver/Inc -I"/home/joseph/Documents/SideLine_STM32MP/CortexM4_code/SideLine/Drivers/BSP/STM32MP15xx_DISCO" -I../../Drivers/CMSIS/Device/ST/STM32MP1xx/Include -I../../Drivers/CMSIS/Include -O0 -ffunction-sections -fdata-sections -Wall -fmessage-length=0 -fstack-usage -MMD -MP -MF"Drivers/STM32MP1xx_HAL_Driver/stm32mp1xx_hal_tim_ex.d" -MT"Drivers/STM32MP1xx_HAL_Driver/stm32mp1xx_hal_tim_ex.o"  -mfpu=fpv4-sp-d16 -mfloat-abi=hard -mthumb -o "Drivers/STM32MP1xx_HAL_Driver/stm32mp1xx_hal_tim_ex.o"
arm-none-eabi-gcc "/home/joseph/Documents/SideLine_STM32MP/CortexM4_code/SideLine/Drivers/STM32MP1xx_HAL_Driver/Src/stm32mp1xx_hal_uart.c" -mcpu=cortex-m4 -g3 -DUSE_HAL_DRIVER -DSTM32 -DSTM32MP1 -DSTM32MP15xx -DSTM32MP157CACx -DSTM32MP15xx_DISCO -DSTM32MP157C_DK2 -DDEBUG -DSTM32MP157Cxx -DCORE_CM4 -c -I"/home/joseph/Documents/SideLine_STM32MP/CortexM4_code/SideLine/CM4/OpenSSL/inc" -I"/home/joseph/Documents/SideLine_STM32MP/CortexM4_code/SideLine/CM4/Core/Inc" -I../../Drivers/STM32MP1xx_HAL_Driver/Inc -I"/home/joseph/Documents/SideLine_STM32MP/CortexM4_code/SideLine/Drivers/BSP/STM32MP15xx_DISCO" -I../../Drivers/CMSIS/Device/ST/STM32MP1xx/Include -I../../Drivers/CMSIS/Include -O0 -ffunction-sections -fdata-sections -Wall -fmessage-length=0 -fstack-usage -MMD -MP -MF"Drivers/STM32MP1xx_HAL_Driver/stm32mp1xx_hal_uart.d" -MT"Drivers/STM32MP1xx_HAL_Driver/stm32mp1xx_hal_uart.o"  -mfpu=fpv4-sp-d16 -mfloat-abi=hard -mthumb -o "Drivers/STM32MP1xx_HAL_Driver/stm32mp1xx_hal_uart.o"
arm-none-eabi-gcc "/home/joseph/Documents/SideLine_STM32MP/CortexM4_code/SideLine/Drivers/STM32MP1xx_HAL_Driver/Src/stm32mp1xx_hal_uart_ex.c" -mcpu=cortex-m4 -g3 -DUSE_HAL_DRIVER -DSTM32 -DSTM32MP1 -DSTM32MP15xx -DSTM32MP157CACx -DSTM32MP15xx_DISCO -DSTM32MP157C_DK2 -DDEBUG -DSTM32MP157Cxx -DCORE_CM4 -c -I"/home/joseph/Documents/SideLine_STM32MP/CortexM4_code/SideLine/CM4/OpenSSL/inc" -I"/home/joseph/Documents/SideLine_STM32MP/CortexM4_code/SideLine/CM4/Core/Inc" -I../../Drivers/STM32MP1xx_HAL_Driver/Inc -I"/home/joseph/Documents/SideLine_STM32MP/CortexM4_code/SideLine/Drivers/BSP/STM32MP15xx_DISCO" -I../../Drivers/CMSIS/Device/ST/STM32MP1xx/Include -I../../Drivers/CMSIS/Include -O0 -ffunction-sections -fdata-sections -Wall -fmessage-length=0 -fstack-usage -MMD -MP -MF"Drivers/STM32MP1xx_HAL_Driver/stm32mp1xx_hal_uart_ex.d" -MT"Drivers/STM32MP1xx_HAL_Driver/stm32mp1xx_hal_uart_ex.o"  -mfpu=fpv4-sp-d16 -mfloat-abi=hard -mthumb -o "Drivers/STM32MP1xx_HAL_Driver/stm32mp1xx_hal_uart_ex.o"
arm-none-eabi-gcc "../Drivers/BSP/stm32mp15xx_disco.c" -mcpu=cortex-m4 -g3 -DUSE_HAL_DRIVER -DSTM32 -DSTM32MP1 -DSTM32MP15xx -DSTM32MP157CACx -DSTM32MP15xx_DISCO -DSTM32MP157C_DK2 -DDEBUG -DSTM32MP157Cxx -DCORE_CM4 -c -I"/home/joseph/Documents/SideLine_STM32MP/CortexM4_code/SideLine/CM4/OpenSSL/inc" -I"/home/joseph/Documents/SideLine_STM32MP/CortexM4_code/SideLine/CM4/Core/Inc" -I../../Drivers/STM32MP1xx_HAL_Driver/Inc -I"/home/joseph/Documents/SideLine_STM32MP/CortexM4_code/SideLine/Drivers/BSP/STM32MP15xx_DISCO" -I../../Drivers/CMSIS/Device/ST/STM32MP1xx/Include -I../../Drivers/CMSIS/Include -O0 -ffunction-sections -fdata-sections -Wall -fmessage-length=0 -fstack-usage -MMD -MP -MF"Drivers/BSP/stm32mp15xx_disco.d" -MT"Drivers/BSP/stm32mp15xx_disco.o"  -mfpu=fpv4-sp-d16 -mfloat-abi=hard -mthumb -o "Drivers/BSP/stm32mp15xx_disco.o"
arm-none-eabi-gcc "../Core/Src/aes_openssl_core.c" -mcpu=cortex-m4 -g3 -DUSE_HAL_DRIVER -DSTM32 -DSTM32MP1 -DSTM32MP15xx -DSTM32MP157CACx -DSTM32MP15xx_DISCO -DSTM32MP157C_DK2 -DDEBUG -DSTM32MP157Cxx -DCORE_CM4 -c -I"/home/joseph/Documents/SideLine_STM32MP/CortexM4_code/SideLine/CM4/OpenSSL/inc" -I"/home/joseph/Documents/SideLine_STM32MP/CortexM4_code/SideLine/CM4/Core/Inc" -I../../Drivers/STM32MP1xx_HAL_Driver/Inc -I"/home/joseph/Documents/SideLine_STM32MP/CortexM4_code/SideLine/Drivers/BSP/STM32MP15xx_DISCO" -I../../Drivers/CMSIS/Device/ST/STM32MP1xx/Include -I../../Drivers/CMSIS/Include -O0 -ffunction-sections -fdata-sections -Wall -fmessage-length=0 -fstack-usage -MMD -MP -MF"Core/Src/aes_openssl_core.d" -MT"Core/Src/aes_openssl_core.o"  -mfpu=fpv4-sp-d16 -mfloat-abi=hard -mthumb -o "Core/Src/aes_openssl_core.o"
arm-none-eabi-gcc "../Core/Src/lock_resource.c" -mcpu=cortex-m4 -g3 -DUSE_HAL_DRIVER -DSTM32 -DSTM32MP1 -DSTM32MP15xx -DSTM32MP157CACx -DSTM32MP15xx_DISCO -DSTM32MP157C_DK2 -DDEBUG -DSTM32MP157Cxx -DCORE_CM4 -c -I"/home/joseph/Documents/SideLine_STM32MP/CortexM4_code/SideLine/CM4/OpenSSL/inc" -I"/home/joseph/Documents/SideLine_STM32MP/CortexM4_code/SideLine/CM4/Core/Inc" -I../../Drivers/STM32MP1xx_HAL_Driver/Inc -I"/home/joseph/Documents/SideLine_STM32MP/CortexM4_code/SideLine/Drivers/BSP/STM32MP15xx_DISCO" -I../../Drivers/CMSIS/Device/ST/STM32MP1xx/Include -I../../Drivers/CMSIS/Include -O0 -ffunction-sections -fdata-sections -Wall -fmessage-length=0 -fstack-usage -MMD -MP -MF"Core/Src/lock_resource.d" -MT"Core/Src/lock_resource.o"  -mfpu=fpv4-sp-d16 -mfloat-abi=hard -mthumb -o "Core/Src/lock_resource.o"
arm-none-eabi-gcc "../Core/Src/main.c" -mcpu=cortex-m4 -g3 -DUSE_HAL_DRIVER -DSTM32 -DSTM32MP1 -DSTM32MP15xx -DSTM32MP157CACx -DSTM32MP15xx_DISCO -DSTM32MP157C_DK2 -DDEBUG -DSTM32MP157Cxx -DCORE_CM4 -c -I"/home/joseph/Documents/SideLine_STM32MP/CortexM4_code/SideLine/CM4/OpenSSL/inc" -I"/home/joseph/Documents/SideLine_STM32MP/CortexM4_code/SideLine/CM4/Core/Inc" -I../../Drivers/STM32MP1xx_HAL_Driver/Inc -I"/home/joseph/Documents/SideLine_STM32MP/CortexM4_code/SideLine/Drivers/BSP/STM32MP15xx_DISCO" -I../../Drivers/CMSIS/Device/ST/STM32MP1xx/Include -I../../Drivers/CMSIS/Include -O0 -ffunction-sections -fdata-sections -Wall -fmessage-length=0 -fstack-usage -MMD -MP -MF"Core/Src/main.d" -MT"Core/Src/main.o"  -mfpu=fpv4-sp-d16 -mfloat-abi=hard -mthumb -o "Core/Src/main.o"
arm-none-eabi-gcc "../Core/Src/stm32mp1xx_hal_msp.c" -mcpu=cortex-m4 -g3 -DUSE_HAL_DRIVER -DSTM32 -DSTM32MP1 -DSTM32MP15xx -DSTM32MP157CACx -DSTM32MP15xx_DISCO -DSTM32MP157C_DK2 -DDEBUG -DSTM32MP157Cxx -DCORE_CM4 -c -I"/home/joseph/Documents/SideLine_STM32MP/CortexM4_code/SideLine/CM4/OpenSSL/inc" -I"/home/joseph/Documents/SideLine_STM32MP/CortexM4_code/SideLine/CM4/Core/Inc" -I../../Drivers/STM32MP1xx_HAL_Driver/Inc -I"/home/joseph/Documents/SideLine_STM32MP/CortexM4_code/SideLine/Drivers/BSP/STM32MP15xx_DISCO" -I../../Drivers/CMSIS/Device/ST/STM32MP1xx/Include -I../../Drivers/CMSIS/Include -O0 -ffunction-sections -fdata-sections -Wall -fmessage-length=0 -fstack-usage -MMD -MP -MF"Core/Src/stm32mp1xx_hal_msp.d" -MT"Core/Src/stm32mp1xx_hal_msp.o"  -mfpu=fpv4-sp-d16 -mfloat-abi=hard -mthumb -o "Core/Src/stm32mp1xx_hal_msp.o"
../Core/Src/main.c: In function 'Force_Variability':
../Core/Src/main.c:549:8: warning: variable 'lastVar' set but not used [-Wunused-but-set-variable]
  float BestVar = 10.0; //minimum best var to beat !
        ^~~~~~~
arm-none-eabi-gcc "../Core/Src/stm32mp1xx_it.c" -mcpu=cortex-m4 -g3 -DUSE_HAL_DRIVER -DSTM32 -DSTM32MP1 -DSTM32MP15xx -DSTM32MP157CACx -DSTM32MP15xx_DISCO -DSTM32MP157C_DK2 -DDEBUG -DSTM32MP157Cxx -DCORE_CM4 -c -I"/home/joseph/Documents/SideLine_STM32MP/CortexM4_code/SideLine/CM4/OpenSSL/inc" -I"/home/joseph/Documents/SideLine_STM32MP/CortexM4_code/SideLine/CM4/Core/Inc" -I../../Drivers/STM32MP1xx_HAL_Driver/Inc -I"/home/joseph/Documents/SideLine_STM32MP/CortexM4_code/SideLine/Drivers/BSP/STM32MP15xx_DISCO" -I../../Drivers/CMSIS/Device/ST/STM32MP1xx/Include -I../../Drivers/CMSIS/Include -O0 -ffunction-sections -fdata-sections -Wall -fmessage-length=0 -fstack-usage -MMD -MP -MF"Core/Src/stm32mp1xx_it.d" -MT"Core/Src/stm32mp1xx_it.o"  -mfpu=fpv4-sp-d16 -mfloat-abi=hard -mthumb -o "Core/Src/stm32mp1xx_it.o"
arm-none-eabi-gcc "../Core/Src/syscalls.c" -mcpu=cortex-m4 -g3 -DUSE_HAL_DRIVER -DSTM32 -DSTM32MP1 -DSTM32MP15xx -DSTM32MP157CACx -DSTM32MP15xx_DISCO -DSTM32MP157C_DK2 -DDEBUG -DSTM32MP157Cxx -DCORE_CM4 -c -I"/home/joseph/Documents/SideLine_STM32MP/CortexM4_code/SideLine/CM4/OpenSSL/inc" -I"/home/joseph/Documents/SideLine_STM32MP/CortexM4_code/SideLine/CM4/Core/Inc" -I../../Drivers/STM32MP1xx_HAL_Driver/Inc -I"/home/joseph/Documents/SideLine_STM32MP/CortexM4_code/SideLine/Drivers/BSP/STM32MP15xx_DISCO" -I../../Drivers/CMSIS/Device/ST/STM32MP1xx/Include -I../../Drivers/CMSIS/Include -O0 -ffunction-sections -fdata-sections -Wall -fmessage-length=0 -fstack-usage -MMD -MP -MF"Core/Src/syscalls.d" -MT"Core/Src/syscalls.o"  -mfpu=fpv4-sp-d16 -mfloat-abi=hard -mthumb -o "Core/Src/syscalls.o"
arm-none-eabi-gcc "../Core/Src/sysmem.c" -mcpu=cortex-m4 -g3 -DUSE_HAL_DRIVER -DSTM32 -DSTM32MP1 -DSTM32MP15xx -DSTM32MP157CACx -DSTM32MP15xx_DISCO -DSTM32MP157C_DK2 -DDEBUG -DSTM32MP157Cxx -DCORE_CM4 -c -I"/home/joseph/Documents/SideLine_STM32MP/CortexM4_code/SideLine/CM4/OpenSSL/inc" -I"/home/joseph/Documents/SideLine_STM32MP/CortexM4_code/SideLine/CM4/Core/Inc" -I../../Drivers/STM32MP1xx_HAL_Driver/Inc -I"/home/joseph/Documents/SideLine_STM32MP/CortexM4_code/SideLine/Drivers/BSP/STM32MP15xx_DISCO" -I../../Drivers/CMSIS/Device/ST/STM32MP1xx/Include -I../../Drivers/CMSIS/Include -O0 -ffunction-sections -fdata-sections -Wall -fmessage-length=0 -fstack-usage -MMD -MP -MF"Core/Src/sysmem.d" -MT"Core/Src/sysmem.o"  -mfpu=fpv4-sp-d16 -mfloat-abi=hard -mthumb -o "Core/Src/sysmem.o"
arm-none-eabi-gcc "/home/joseph/Documents/SideLine_STM32MP/CortexM4_code/SideLine/Common/System/system_stm32mp1xx.c" -mcpu=cortex-m4 -g3 -DUSE_HAL_DRIVER -DSTM32 -DSTM32MP1 -DSTM32MP15xx -DSTM32MP157CACx -DSTM32MP15xx_DISCO -DSTM32MP157C_DK2 -DDEBUG -DSTM32MP157Cxx -DCORE_CM4 -c -I"/home/joseph/Documents/SideLine_STM32MP/CortexM4_code/SideLine/CM4/OpenSSL/inc" -I"/home/joseph/Documents/SideLine_STM32MP/CortexM4_code/SideLine/CM4/Core/Inc" -I../../Drivers/STM32MP1xx_HAL_Driver/Inc -I"/home/joseph/Documents/SideLine_STM32MP/CortexM4_code/SideLine/Drivers/BSP/STM32MP15xx_DISCO" -I../../Drivers/CMSIS/Device/ST/STM32MP1xx/Include -I../../Drivers/CMSIS/Include -O0 -ffunction-sections -fdata-sections -Wall -fmessage-length=0 -fstack-usage -MMD -MP -MF"Common/System/system_stm32mp1xx.d" -MT"Common/System/system_stm32mp1xx.o"  -mfpu=fpv4-sp-d16 -mfloat-abi=hard -mthumb -o "Common/System/system_stm32mp1xx.o"
arm-none-eabi-gcc -o "SideLine_CM4.elf" @"objects.list"   -mcpu=cortex-m4 -T"/home/joseph/Documents/SideLine_STM32MP/CortexM4_code/SideLine/CM4/STM32MP157CACX_RAM.ld" --specs=nosys.specs -Wl,-Map="SideLine_CM4.map" -Wl,--gc-sections -static  -mfpu=fpv4-sp-d16 -mfloat-abi=hard -mthumb -u _printf_float -Wl,--start-group -lc -lm -Wl,--end-group
Finished building target: SideLine_CM4.elf
 
arm-none-eabi-objdump -h -S  SideLine_CM4.elf  > "SideLine_CM4.list"
arm-none-eabi-size   SideLine_CM4.elf 
   text	   data	    bss	    dec	    hex	filename
  61100	   2516	  14272	  77888	  13040	SideLine_CM4.elf
Finished building: default.size.stdout
 
Finished building: SideLine_CM4.list
 
10:31:06 **** Incremental Build of configuration Default for project SideLine_CA7 ****
make all 
Wrapper for /home/joseph/st/stm32cubeide_1.4.0/plugins/com.st.stm32cube.ide.mpu.linux.toolchain_1.4.0.202007081209/tools/bin/make
+ case "$command" in
+ exec make all
make: Nothing to be done for 'all'.
10:31:06 **** Incremental Build of configuration Debug for project SideLine_CM4 ****
make -j8 all 
arm-none-eabi-gcc "../Core/Src/main.c" -mcpu=cortex-m4 -g3 -DUSE_HAL_DRIVER -DSTM32 -DSTM32MP1 -DSTM32MP15xx -DSTM32MP157CACx -DSTM32MP15xx_DISCO -DSTM32MP157C_DK2 -DDEBUG -DSTM32MP157Cxx -DCORE_CM4 -c -I"/home/joseph/Documents/SideLine_STM32MP/CortexM4_code/SideLine/CM4/OpenSSL/inc" -I"/home/joseph/Documents/SideLine_STM32MP/CortexM4_code/SideLine/CM4/Core/Inc" -I../../Drivers/STM32MP1xx_HAL_Driver/Inc -I"/home/joseph/Documents/SideLine_STM32MP/CortexM4_code/SideLine/Drivers/BSP/STM32MP15xx_DISCO" -I../../Drivers/CMSIS/Device/ST/STM32MP1xx/Include -I../../Drivers/CMSIS/Include -O0 -ffunction-sections -fdata-sections -Wall -fmessage-length=0 -fstack-usage -MMD -MP -MF"Core/Src/main.d" -MT"Core/Src/main.o"  -mfpu=fpv4-sp-d16 -mfloat-abi=hard -mthumb -o "Core/Src/main.o"
../Core/Src/main.c: In function 'Force_Variability':
../Core/Src/main.c:549:8: warning: variable 'lastVar' set but not used [-Wunused-but-set-variable]
  float BestVar = 10.0; //minimum best var to beat !
        ^~~~~~~
arm-none-eabi-gcc -o "SideLine_CM4.elf" @"objects.list"   -mcpu=cortex-m4 -T"/home/joseph/Documents/SideLine_STM32MP/CortexM4_code/SideLine/CM4/STM32MP157CACX_RAM.ld" --specs=nosys.specs -Wl,-Map="SideLine_CM4.map" -Wl,--gc-sections -static  -mfpu=fpv4-sp-d16 -mfloat-abi=hard -mthumb -u _printf_float -Wl,--start-group -lc -lm -Wl,--end-group
Finished building target: SideLine_CM4.elf
 
arm-none-eabi-objdump -h -S  SideLine_CM4.elf  > "SideLine_CM4.list"
arm-none-eabi-size   SideLine_CM4.elf 
   text	   data	    bss	    dec	    hex	filename
  61084	   2516	  14272	  77872	  13030	SideLine_CM4.elf
Finished building: default.size.stdout
 
Finished building: SideLine_CM4.list
 
10:31:54 **** Incremental Build of configuration Default for project SideLine_CA7 ****
make all 
Wrapper for /home/joseph/st/stm32cubeide_1.4.0/plugins/com.st.stm32cube.ide.mpu.linux.toolchain_1.4.0.202007081209/tools/bin/make
+ case "$command" in
+ exec make all
make: Nothing to be done for 'all'.
10:31:54 **** Incremental Build of configuration Debug for project SideLine_CM4 ****
make -j8 all 
arm-none-eabi-size   SideLine_CM4.elf 
   text	   data	    bss	    dec	    hex	filename
  61084	   2516	  14272	  77872	  13030	SideLine_CM4.elf
Finished building: default.size.stdout
 
10:34:17 **** Incremental Build of configuration Default for project SideLine_CA7 ****
make all 
Wrapper for /home/joseph/st/stm32cubeide_1.4.0/plugins/com.st.stm32cube.ide.mpu.linux.toolchain_1.4.0.202007081209/tools/bin/make
+ case "$command" in
+ exec make all
make: Nothing to be done for 'all'.
10:34:17 **** Incremental Build of configuration Debug for project SideLine_CM4 ****
make -j8 all 
arm-none-eabi-size   SideLine_CM4.elf 
   text	   data	    bss	    dec	    hex	filename
  61084	   2516	  14272	  77872	  13030	SideLine_CM4.elf
Finished building: default.size.stdout
 
10:34:22 **** Incremental Build of configuration Default for project SideLine_CA7 ****
make all 
Wrapper for /home/joseph/st/stm32cubeide_1.4.0/plugins/com.st.stm32cube.ide.mpu.linux.toolchain_1.4.0.202007081209/tools/bin/make
+ case "$command" in
+ exec make all
make: Nothing to be done for 'all'.
10:34:23 **** Incremental Build of configuration Debug for project SideLine_CM4 ****
make -j8 all 
arm-none-eabi-gcc "../Core/Src/main.c" -mcpu=cortex-m4 -g3 -DUSE_HAL_DRIVER -DSTM32 -DSTM32MP1 -DSTM32MP15xx -DSTM32MP157CACx -DSTM32MP15xx_DISCO -DSTM32MP157C_DK2 -DDEBUG -DSTM32MP157Cxx -DCORE_CM4 -c -I"/home/joseph/Documents/SideLine_STM32MP/CortexM4_code/SideLine/CM4/OpenSSL/inc" -I"/home/joseph/Documents/SideLine_STM32MP/CortexM4_code/SideLine/CM4/Core/Inc" -I../../Drivers/STM32MP1xx_HAL_Driver/Inc -I"/home/joseph/Documents/SideLine_STM32MP/CortexM4_code/SideLine/Drivers/BSP/STM32MP15xx_DISCO" -I../../Drivers/CMSIS/Device/ST/STM32MP1xx/Include -I../../Drivers/CMSIS/Include -O0 -ffunction-sections -fdata-sections -Wall -fmessage-length=0 -fstack-usage -MMD -MP -MF"Core/Src/main.d" -MT"Core/Src/main.o"  -mfpu=fpv4-sp-d16 -mfloat-abi=hard -mthumb -o "Core/Src/main.o"
../Core/Src/main.c: In function 'Force_Variability':
../Core/Src/main.c:549:8: warning: variable 'lastVar' set but not used [-Wunused-but-set-variable]
  float BestVar = 10.0; //minimum best var to beat !
        ^~~~~~~
arm-none-eabi-gcc -o "SideLine_CM4.elf" @"objects.list"   -mcpu=cortex-m4 -T"/home/joseph/Documents/SideLine_STM32MP/CortexM4_code/SideLine/CM4/STM32MP157CACX_RAM.ld" --specs=nosys.specs -Wl,-Map="SideLine_CM4.map" -Wl,--gc-sections -static  -mfpu=fpv4-sp-d16 -mfloat-abi=hard -mthumb -u _printf_float -Wl,--start-group -lc -lm -Wl,--end-group
Finished building target: SideLine_CM4.elf
 
arm-none-eabi-objdump -h -S  SideLine_CM4.elf  > "SideLine_CM4.list"
arm-none-eabi-size   SideLine_CM4.elf 
   text	   data	    bss	    dec	    hex	filename
  61084	   2516	  14272	  77872	  13030	SideLine_CM4.elf
Finished building: default.size.stdout
 
Finished building: SideLine_CM4.list
 
10:34:50 **** Incremental Build of configuration Default for project SideLine_CA7 ****
make all 
Wrapper for /home/joseph/st/stm32cubeide_1.4.0/plugins/com.st.stm32cube.ide.mpu.linux.toolchain_1.4.0.202007081209/tools/bin/make
+ case "$command" in
+ exec make all
make: Nothing to be done for 'all'.
[...]
make -j8 all 
arm-none-eabi-size   SideLine_CM4.elf 
   text	   data	    bss	    dec	    hex	filename
  61444	   2516	  13872	  77832	  13008	SideLine_CM4.elf
Finished building: default.size.stdout
 
18:22:43 **** Incremental Build of configuration Default for project SideLine_CA7 ****
make all 
Wrapper for /home/joseph/st/stm32cubeide_1.4.0/plugins/com.st.stm32cube.ide.mpu.linux.toolchain_1.4.0.202007081209/tools/bin/make
+ case "$command" in
+ exec make all
arm-openstlinux_weston-linux-gnueabi-gcc  -march=armv7ve -mthumb -mfpu=neon-vfpv4 -mfloat-abi=hard -mcpu=cortex-a7 --sysroot=/home/joseph/STM32_workspace/STM32MP15-Ecosystem-v1.1.0/Developer-Package/SDK/sysroots/cortexa7t2hf-neon-vfpv4-openstlinux_weston-linux-gnueabi  -O2 -pipe -g -feliminate-unused-debug-types  -Iinc  -I/home/joseph/Documents/SideLine_STM32MP/CortexA7_code -lm   -c -o main_cortex-A7.o main_cortex-A7.c
main_cortex-A7.c: In function ‘main’:
main_cortex-A7.c:228:17: warning: assignment to ‘uint32_t’ {aka ‘unsigned int’} from ‘volatile uint32_t *’ {aka ‘volatile unsigned int *’} makes integer from pointer without a cast [-Wint-conversion]
     v_base_addr = &core->control;
                 ^
main_cortex-A7.c:232:21: warning: assignment to ‘uint32_t’ {aka ‘unsigned int’} from ‘volatile uint32_t *’ {aka ‘volatile unsigned int *’} makes integer from pointer without a cast [-Wint-conversion]
     v_ddr_base_addr = &core->control;
                     ^
arm-openstlinux_weston-linux-gnueabi-gcc  -march=armv7ve -mthumb -mfpu=neon-vfpv4 -mfloat-abi=hard -mcpu=cortex-a7 --sysroot=/home/joseph/STM32_workspace/STM32MP15-Ecosystem-v1.1.0/Developer-Package/SDK/sysroots/cortexa7t2hf-neon-vfpv4-openstlinux_weston-linux-gnueabi -o cortex-A7.elf main_cortex-A7.o src/aes_tiny.o src/aes_openssl.o wolfcrypt/src/integer.o wolfcrypt/src/sp_arm32.o wolfcrypt/src/aes.o wolfcrypt/src/rsa.o wolfcrypt/src/misc.o wolfcrypt/src/hmac.o wolfcrypt/src/sha.o wolfcrypt/src/sp_int.o wolfcrypt/src/sp_cortexm.o wolfcrypt/src/sha256.o wolfcrypt/src/md5.o wolfcrypt/src/hash.o wolfcrypt/src/sp_dsp32.o wolfcrypt/src/sp_c64.o wolfcrypt/src/tfm.o wolfcrypt/src/memory.o wolfcrypt/src/random.o  -O2 -pipe -g -feliminate-unused-debug-types  -Iinc  -I/home/joseph/Documents/SideLine_STM32MP/CortexA7_code -lm -Wl,-O1 -Wl,--hash-style=gnu -Wl,--as-needed 
18:22:44 **** Incremental Build of configuration Debug for project SideLine_CM4 ****
make -j8 all 
arm-none-eabi-size   SideLine_CM4.elf 
   text	   data	    bss	    dec	    hex	filename
  61444	   2516	  13872	  77832	  13008	SideLine_CM4.elf
Finished building: default.size.stdout
 
18:23:41 **** Incremental Build of configuration Default for project SideLine_CA7 ****
make all 
Wrapper for /home/joseph/st/stm32cubeide_1.4.0/plugins/com.st.stm32cube.ide.mpu.linux.toolchain_1.4.0.202007081209/tools/bin/make
+ case "$command" in
+ exec make all
arm-openstlinux_weston-linux-gnueabi-gcc  -march=armv7ve -mthumb -mfpu=neon-vfpv4 -mfloat-abi=hard -mcpu=cortex-a7 --sysroot=/home/joseph/STM32_workspace/STM32MP15-Ecosystem-v1.1.0/Developer-Package/SDK/sysroots/cortexa7t2hf-neon-vfpv4-openstlinux_weston-linux-gnueabi  -O2 -pipe -g -feliminate-unused-debug-types  -Iinc  -I/home/joseph/Documents/SideLine_STM32MP/CortexA7_code -lm   -c -o main_cortex-A7.o main_cortex-A7.c
main_cortex-A7.c: In function ‘main’:
main_cortex-A7.c:228:17: warning: assignment to ‘uint32_t’ {aka ‘unsigned int’} from ‘volatile uint32_t *’ {aka ‘volatile unsigned int *’} makes integer from pointer without a cast [-Wint-conversion]
     v_base_addr = &core->control;
                 ^
main_cortex-A7.c:232:21: warning: assignment to ‘uint32_t’ {aka ‘unsigned int’} from ‘volatile uint32_t *’ {aka ‘volatile unsigned int *’} makes integer from pointer without a cast [-Wint-conversion]
     v_ddr_base_addr = &core->control;
                     ^
main_cortex-A7.c:902:21: error: expected ‘;’ before ‘}’ token
     printf("ok\n\r")
                     ^
                     ;
    }
    ~                 
make: *** [<builtin>: main_cortex-A7.o] Error 1
"make all" terminated with exit code 2. Build might be incomplete.
18:23:42 **** Incremental Build of configuration Debug for project SideLine_CM4 ****
make -j8 all 
arm-none-eabi-size   SideLine_CM4.elf 
   text	   data	    bss	    dec	    hex	filename
  61444	   2516	  13872	  77832	  13008	SideLine_CM4.elf
Finished building: default.size.stdout
 
18:23:44 **** Incremental Build of configuration Default for project SideLine_CA7 ****
make all 
Wrapper for /home/joseph/st/stm32cubeide_1.4.0/plugins/com.st.stm32cube.ide.mpu.linux.toolchain_1.4.0.202007081209/tools/bin/make
+ case "$command" in
+ exec make all
arm-openstlinux_weston-linux-gnueabi-gcc  -march=armv7ve -mthumb -mfpu=neon-vfpv4 -mfloat-abi=hard -mcpu=cortex-a7 --sysroot=/home/joseph/STM32_workspace/STM32MP15-Ecosystem-v1.1.0/Developer-Package/SDK/sysroots/cortexa7t2hf-neon-vfpv4-openstlinux_weston-linux-gnueabi  -O2 -pipe -g -feliminate-unused-debug-types  -Iinc  -I/home/joseph/Documents/SideLine_STM32MP/CortexA7_code -lm   -c -o main_cortex-A7.o main_cortex-A7.c
main_cortex-A7.c: In function ‘main’:
main_cortex-A7.c:228:17: warning: assignment to ‘uint32_t’ {aka ‘unsigned int’} from ‘volatile uint32_t *’ {aka ‘volatile unsigned int *’} makes integer from pointer without a cast [-Wint-conversion]
     v_base_addr = &core->control;
                 ^
main_cortex-A7.c:232:21: warning: assignment to ‘uint32_t’ {aka ‘unsigned int’} from ‘volatile uint32_t *’ {aka ‘volatile unsigned int *’} makes integer from pointer without a cast [-Wint-conversion]
     v_ddr_base_addr = &core->control;
                     ^
arm-openstlinux_weston-linux-gnueabi-gcc  -march=armv7ve -mthumb -mfpu=neon-vfpv4 -mfloat-abi=hard -mcpu=cortex-a7 --sysroot=/home/joseph/STM32_workspace/STM32MP15-Ecosystem-v1.1.0/Developer-Package/SDK/sysroots/cortexa7t2hf-neon-vfpv4-openstlinux_weston-linux-gnueabi -o cortex-A7.elf main_cortex-A7.o src/aes_tiny.o src/aes_openssl.o wolfcrypt/src/integer.o wolfcrypt/src/sp_arm32.o wolfcrypt/src/aes.o wolfcrypt/src/rsa.o wolfcrypt/src/misc.o wolfcrypt/src/hmac.o wolfcrypt/src/sha.o wolfcrypt/src/sp_int.o wolfcrypt/src/sp_cortexm.o wolfcrypt/src/sha256.o wolfcrypt/src/md5.o wolfcrypt/src/hash.o wolfcrypt/src/sp_dsp32.o wolfcrypt/src/sp_c64.o wolfcrypt/src/tfm.o wolfcrypt/src/memory.o wolfcrypt/src/random.o  -O2 -pipe -g -feliminate-unused-debug-types  -Iinc  -I/home/joseph/Documents/SideLine_STM32MP/CortexA7_code -lm -Wl,-O1 -Wl,--hash-style=gnu -Wl,--as-needed 
18:23:45 **** Incremental Build of configuration Debug for project SideLine_CM4 ****
make -j8 all 
arm-none-eabi-size   SideLine_CM4.elf 
   text	   data	    bss	    dec	    hex	filename
  61444	   2516	  13872	  77832	  13008	SideLine_CM4.elf
Finished building: default.size.stdout
 
18:23:54 **** Incremental Build of configuration Default for project SideLine_CA7 ****
make all 
Wrapper for /home/joseph/st/stm32cubeide_1.4.0/plugins/com.st.stm32cube.ide.mpu.linux.toolchain_1.4.0.202007081209/tools/bin/make
+ case "$command" in
+ exec make all
make: Nothing to be done for 'all'.
18:23:54 **** Incremental Build of configuration Debug for project SideLine_CM4 ****
make -j8 all 
arm-none-eabi-size   SideLine_CM4.elf 
   text	   data	    bss	    dec	    hex	filename
  61444	   2516	  13872	  77832	  13008	SideLine_CM4.elf
Finished building: default.size.stdout
 
18:24:37 **** Incremental Build of configuration Default for project SideLine_CA7 ****
make all 
Wrapper for /home/joseph/st/stm32cubeide_1.4.0/plugins/com.st.stm32cube.ide.mpu.linux.toolchain_1.4.0.202007081209/tools/bin/make
+ case "$command" in
+ exec make all
arm-openstlinux_weston-linux-gnueabi-gcc  -march=armv7ve -mthumb -mfpu=neon-vfpv4 -mfloat-abi=hard -mcpu=cortex-a7 --sysroot=/home/joseph/STM32_workspace/STM32MP15-Ecosystem-v1.1.0/Developer-Package/SDK/sysroots/cortexa7t2hf-neon-vfpv4-openstlinux_weston-linux-gnueabi  -O2 -pipe -g -feliminate-unused-debug-types  -Iinc  -I/home/joseph/Documents/SideLine_STM32MP/CortexA7_code -lm   -c -o main_cortex-A7.o main_cortex-A7.c
main_cortex-A7.c: In function ‘main’:
main_cortex-A7.c:228:17: warning: assignment to ‘uint32_t’ {aka ‘unsigned int’} from ‘volatile uint32_t *’ {aka ‘volatile unsigned int *’} makes integer from pointer without a cast [-Wint-conversion]
     v_base_addr = &core->control;
                 ^
main_cortex-A7.c:232:21: warning: assignment to ‘uint32_t’ {aka ‘unsigned int’} from ‘volatile uint32_t *’ {aka ‘volatile unsigned int *’} makes integer from pointer without a cast [-Wint-conversion]
     v_ddr_base_addr = &core->control;
                     ^
arm-openstlinux_weston-linux-gnueabi-gcc  -march=armv7ve -mthumb -mfpu=neon-vfpv4 -mfloat-abi=hard -mcpu=cortex-a7 --sysroot=/home/joseph/STM32_workspace/STM32MP15-Ecosystem-v1.1.0/Developer-Package/SDK/sysroots/cortexa7t2hf-neon-vfpv4-openstlinux_weston-linux-gnueabi -o cortex-A7.elf main_cortex-A7.o src/aes_tiny.o src/aes_openssl.o wolfcrypt/src/integer.o wolfcrypt/src/sp_arm32.o wolfcrypt/src/aes.o wolfcrypt/src/rsa.o wolfcrypt/src/misc.o wolfcrypt/src/hmac.o wolfcrypt/src/sha.o wolfcrypt/src/sp_int.o wolfcrypt/src/sp_cortexm.o wolfcrypt/src/sha256.o wolfcrypt/src/md5.o wolfcrypt/src/hash.o wolfcrypt/src/sp_dsp32.o wolfcrypt/src/sp_c64.o wolfcrypt/src/tfm.o wolfcrypt/src/memory.o wolfcrypt/src/random.o  -O2 -pipe -g -feliminate-unused-debug-types  -Iinc  -I/home/joseph/Documents/SideLine_STM32MP/CortexA7_code -lm -Wl,-O1 -Wl,--hash-style=gnu -Wl,--as-needed 
18:24:37 **** Incremental Build of configuration Debug for project SideLine_CM4 ****
make -j8 all 
arm-none-eabi-size   SideLine_CM4.elf 
   text	   data	    bss	    dec	    hex	filename
  61444	   2516	  13872	  77832	  13008	SideLine_CM4.elf
Finished building: default.size.stdout
 
18:25:27 **** Incremental Build of configuration Default for project SideLine_CA7 ****
make all 
Wrapper for /home/joseph/st/stm32cubeide_1.4.0/plugins/com.st.stm32cube.ide.mpu.linux.toolchain_1.4.0.202007081209/tools/bin/make
+ case "$command" in
+ exec make all
arm-openstlinux_weston-linux-gnueabi-gcc  -march=armv7ve -mthumb -mfpu=neon-vfpv4 -mfloat-abi=hard -mcpu=cortex-a7 --sysroot=/home/joseph/STM32_workspace/STM32MP15-Ecosystem-v1.1.0/Developer-Package/SDK/sysroots/cortexa7t2hf-neon-vfpv4-openstlinux_weston-linux-gnueabi  -O2 -pipe -g -feliminate-unused-debug-types  -Iinc  -I/home/joseph/Documents/SideLine_STM32MP/CortexA7_code -lm   -c -o main_cortex-A7.o main_cortex-A7.c
main_cortex-A7.c: In function ‘main’:
main_cortex-A7.c:228:17: warning: assignment to ‘uint32_t’ {aka ‘unsigned int’} from ‘volatile uint32_t *’ {aka ‘volatile unsigned int *’} makes integer from pointer without a cast [-Wint-conversion]
     v_base_addr = &core->control;
                 ^
main_cortex-A7.c:232:21: warning: assignment to ‘uint32_t’ {aka ‘unsigned int’} from ‘volatile uint32_t *’ {aka ‘volatile unsigned int *’} makes integer from pointer without a cast [-Wint-conversion]
     v_ddr_base_addr = &core->control;
                     ^
arm-openstlinux_weston-linux-gnueabi-gcc  -march=armv7ve -mthumb -mfpu=neon-vfpv4 -mfloat-abi=hard -mcpu=cortex-a7 --sysroot=/home/joseph/STM32_workspace/STM32MP15-Ecosystem-v1.1.0/Developer-Package/SDK/sysroots/cortexa7t2hf-neon-vfpv4-openstlinux_weston-linux-gnueabi -o cortex-A7.elf main_cortex-A7.o src/aes_tiny.o src/aes_openssl.o wolfcrypt/src/integer.o wolfcrypt/src/sp_arm32.o wolfcrypt/src/aes.o wolfcrypt/src/rsa.o wolfcrypt/src/misc.o wolfcrypt/src/hmac.o wolfcrypt/src/sha.o wolfcrypt/src/sp_int.o wolfcrypt/src/sp_cortexm.o wolfcrypt/src/sha256.o wolfcrypt/src/md5.o wolfcrypt/src/hash.o wolfcrypt/src/sp_dsp32.o wolfcrypt/src/sp_c64.o wolfcrypt/src/tfm.o wolfcrypt/src/memory.o wolfcrypt/src/random.o  -O2 -pipe -g -feliminate-unused-debug-types  -Iinc  -I/home/joseph/Documents/SideLine_STM32MP/CortexA7_code -lm -Wl,-O1 -Wl,--hash-style=gnu -Wl,--as-needed 
18:25:27 **** Incremental Build of configuration Debug for project SideLine_CM4 ****
make -j8 all 
arm-none-eabi-gcc "../Core/Src/main.c" -mcpu=cortex-m4 -g3 -DUSE_HAL_DRIVER -DSTM32 -DSTM32MP1 -DSTM32MP15xx -DSTM32MP157CACx -DSTM32MP15xx_DISCO -DSTM32MP157C_DK2 -DDEBUG -DSTM32MP157Cxx -DCORE_CM4 -c -I"/home/joseph/Documents/SideLine_STM32MP/CortexM4_code/SideLine/CM4/OpenSSL/inc" -I"/home/joseph/Documents/SideLine_STM32MP/CortexM4_code/SideLine/CM4/Core/Inc" -I../../Drivers/STM32MP1xx_HAL_Driver/Inc -I"/home/joseph/Documents/SideLine_STM32MP/CortexM4_code/SideLine/Drivers/BSP/STM32MP15xx_DISCO" -I../../Drivers/CMSIS/Device/ST/STM32MP1xx/Include -I../../Drivers/CMSIS/Include -O0 -ffunction-sections -fdata-sections -Wall -fmessage-length=0 -fstack-usage -MMD -MP -MF"Core/Src/main.d" -MT"Core/Src/main.o"  -mfpu=fpv4-sp-d16 -mfloat-abi=hard -mthumb -o "Core/Src/main.o"
../Core/Src/main.c: In function 'Force_Variability':
../Core/Src/main.c:592:8: warning: variable 'lastVar' set but not used [-Wunused-but-set-variable]
  float BestVar = 10.0; //minimum best var to beat !
        ^~~~~~~
arm-none-eabi-gcc -o "SideLine_CM4.elf" @"objects.list"   -mcpu=cortex-m4 -T"/home/joseph/Documents/SideLine_STM32MP/CortexM4_code/SideLine/CM4/STM32MP157CACX_RAM.ld" --specs=nosys.specs -Wl,-Map="SideLine_CM4.map" -Wl,--gc-sections -static  -mfpu=fpv4-sp-d16 -mfloat-abi=hard -mthumb -u _printf_float -Wl,--start-group -lc -lm -Wl,--end-group
Finished building target: SideLine_CM4.elf
 
arm-none-eabi-objdump -h -S  SideLine_CM4.elf  > "SideLine_CM4.list"
arm-none-eabi-size   SideLine_CM4.elf 
   text	   data	    bss	    dec	    hex	filename
  61444	   2516	  13872	  77832	  13008	SideLine_CM4.elf
Finished building: default.size.stdout
 
Finished building: SideLine_CM4.list
 
18:26:05 **** Incremental Build of configuration Default for project SideLine_CA7 ****
make all 
Wrapper for /home/joseph/st/stm32cubeide_1.4.0/plugins/com.st.stm32cube.ide.mpu.linux.toolchain_1.4.0.202007081209/tools/bin/make
+ case "$command" in
+ exec make all
arm-openstlinux_weston-linux-gnueabi-gcc  -march=armv7ve -mthumb -mfpu=neon-vfpv4 -mfloat-abi=hard -mcpu=cortex-a7 --sysroot=/home/joseph/STM32_workspace/STM32MP15-Ecosystem-v1.1.0/Developer-Package/SDK/sysroots/cortexa7t2hf-neon-vfpv4-openstlinux_weston-linux-gnueabi  -O2 -pipe -g -feliminate-unused-debug-types  -Iinc  -I/home/joseph/Documents/SideLine_STM32MP/CortexA7_code -lm   -c -o main_cortex-A7.o main_cortex-A7.c
main_cortex-A7.c: In function ‘main’:
main_cortex-A7.c:228:17: warning: assignment to ‘uint32_t’ {aka ‘unsigned int’} from ‘volatile uint32_t *’ {aka ‘volatile unsigned int *’} makes integer from pointer without a cast [-Wint-conversion]
     v_base_addr = &core->control;
                 ^
main_cortex-A7.c:232:21: warning: assignment to ‘uint32_t’ {aka ‘unsigned int’} from ‘volatile uint32_t *’ {aka ‘volatile unsigned int *’} makes integer from pointer without a cast [-Wint-conversion]
     v_ddr_base_addr = &core->control;
                     ^
arm-openstlinux_weston-linux-gnueabi-gcc  -march=armv7ve -mthumb -mfpu=neon-vfpv4 -mfloat-abi=hard -mcpu=cortex-a7 --sysroot=/home/joseph/STM32_workspace/STM32MP15-Ecosystem-v1.1.0/Developer-Package/SDK/sysroots/cortexa7t2hf-neon-vfpv4-openstlinux_weston-linux-gnueabi -o cortex-A7.elf main_cortex-A7.o src/aes_tiny.o src/aes_openssl.o wolfcrypt/src/integer.o wolfcrypt/src/sp_arm32.o wolfcrypt/src/aes.o wolfcrypt/src/rsa.o wolfcrypt/src/misc.o wolfcrypt/src/hmac.o wolfcrypt/src/sha.o wolfcrypt/src/sp_int.o wolfcrypt/src/sp_cortexm.o wolfcrypt/src/sha256.o wolfcrypt/src/md5.o wolfcrypt/src/hash.o wolfcrypt/src/sp_dsp32.o wolfcrypt/src/sp_c64.o wolfcrypt/src/tfm.o wolfcrypt/src/memory.o wolfcrypt/src/random.o  -O2 -pipe -g -feliminate-unused-debug-types  -Iinc  -I/home/joseph/Documents/SideLine_STM32MP/CortexA7_code -lm -Wl,-O1 -Wl,--hash-style=gnu -Wl,--as-needed 
18:26:06 **** Incremental Build of configuration Debug for project SideLine_CM4 ****
make -j8 all 
arm-none-eabi-size   SideLine_CM4.elf 
   text	   data	    bss	    dec	    hex	filename
  61444	   2516	  13872	  77832	  13008	SideLine_CM4.elf
Finished building: default.size.stdout
 
18:27:14 **** Incremental Build of configuration Default for project SideLine_CA7 ****
make all 
Wrapper for /home/joseph/st/stm32cubeide_1.4.0/plugins/com.st.stm32cube.ide.mpu.linux.toolchain_1.4.0.202007081209/tools/bin/make
+ case "$command" in
+ exec make all
arm-openstlinux_weston-linux-gnueabi-gcc  -march=armv7ve -mthumb -mfpu=neon-vfpv4 -mfloat-abi=hard -mcpu=cortex-a7 --sysroot=/home/joseph/STM32_workspace/STM32MP15-Ecosystem-v1.1.0/Developer-Package/SDK/sysroots/cortexa7t2hf-neon-vfpv4-openstlinux_weston-linux-gnueabi  -O2 -pipe -g -feliminate-unused-debug-types  -Iinc  -I/home/joseph/Documents/SideLine_STM32MP/CortexA7_code -lm   -c -o main_cortex-A7.o main_cortex-A7.c
main_cortex-A7.c: In function ‘main’:
main_cortex-A7.c:228:17: warning: assignment to ‘uint32_t’ {aka ‘unsigned int’} from ‘volatile uint32_t *’ {aka ‘volatile unsigned int *’} makes integer from pointer without a cast [-Wint-conversion]
     v_base_addr = &core->control;
                 ^
main_cortex-A7.c:232:21: warning: assignment to ‘uint32_t’ {aka ‘unsigned int’} from ‘volatile uint32_t *’ {aka ‘volatile unsigned int *’} makes integer from pointer without a cast [-Wint-conversion]
     v_ddr_base_addr = &core->control;
                     ^
arm-openstlinux_weston-linux-gnueabi-gcc  -march=armv7ve -mthumb -mfpu=neon-vfpv4 -mfloat-abi=hard -mcpu=cortex-a7 --sysroot=/home/joseph/STM32_workspace/STM32MP15-Ecosystem-v1.1.0/Developer-Package/SDK/sysroots/cortexa7t2hf-neon-vfpv4-openstlinux_weston-linux-gnueabi -o cortex-A7.elf main_cortex-A7.o src/aes_tiny.o src/aes_openssl.o wolfcrypt/src/integer.o wolfcrypt/src/sp_arm32.o wolfcrypt/src/aes.o wolfcrypt/src/rsa.o wolfcrypt/src/misc.o wolfcrypt/src/hmac.o wolfcrypt/src/sha.o wolfcrypt/src/sp_int.o wolfcrypt/src/sp_cortexm.o wolfcrypt/src/sha256.o wolfcrypt/src/md5.o wolfcrypt/src/hash.o wolfcrypt/src/sp_dsp32.o wolfcrypt/src/sp_c64.o wolfcrypt/src/tfm.o wolfcrypt/src/memory.o wolfcrypt/src/random.o  -O2 -pipe -g -feliminate-unused-debug-types  -Iinc  -I/home/joseph/Documents/SideLine_STM32MP/CortexA7_code -lm -Wl,-O1 -Wl,--hash-style=gnu -Wl,--as-needed 
18:27:15 **** Incremental Build of configuration Debug for project SideLine_CM4 ****
make -j8 all 
arm-none-eabi-gcc "../Core/Src/main.c" -mcpu=cortex-m4 -g3 -DUSE_HAL_DRIVER -DSTM32 -DSTM32MP1 -DSTM32MP15xx -DSTM32MP157CACx -DSTM32MP15xx_DISCO -DSTM32MP157C_DK2 -DDEBUG -DSTM32MP157Cxx -DCORE_CM4 -c -I"/home/joseph/Documents/SideLine_STM32MP/CortexM4_code/SideLine/CM4/OpenSSL/inc" -I"/home/joseph/Documents/SideLine_STM32MP/CortexM4_code/SideLine/CM4/Core/Inc" -I../../Drivers/STM32MP1xx_HAL_Driver/Inc -I"/home/joseph/Documents/SideLine_STM32MP/CortexM4_code/SideLine/Drivers/BSP/STM32MP15xx_DISCO" -I../../Drivers/CMSIS/Device/ST/STM32MP1xx/Include -I../../Drivers/CMSIS/Include -O0 -ffunction-sections -fdata-sections -Wall -fmessage-length=0 -fstack-usage -MMD -MP -MF"Core/Src/main.d" -MT"Core/Src/main.o"  -mfpu=fpv4-sp-d16 -mfloat-abi=hard -mthumb -o "Core/Src/main.o"
../Core/Src/main.c: In function 'Force_Variability':
../Core/Src/main.c:592:8: warning: variable 'lastVar' set but not used [-Wunused-but-set-variable]
  float BestVar = 10.0; //minimum best var to beat !
        ^~~~~~~
arm-none-eabi-gcc -o "SideLine_CM4.elf" @"objects.list"   -mcpu=cortex-m4 -T"/home/joseph/Documents/SideLine_STM32MP/CortexM4_code/SideLine/CM4/STM32MP157CACX_RAM.ld" --specs=nosys.specs -Wl,-Map="SideLine_CM4.map" -Wl,--gc-sections -static  -mfpu=fpv4-sp-d16 -mfloat-abi=hard -mthumb -u _printf_float -Wl,--start-group -lc -lm -Wl,--end-group
Finished building target: SideLine_CM4.elf
 
arm-none-eabi-objdump -h -S  SideLine_CM4.elf  > "SideLine_CM4.list"
arm-none-eabi-size   SideLine_CM4.elf 
   text	   data	    bss	    dec	    hex	filename
  61444	   2516	  13872	  77832	  13008	SideLine_CM4.elf
Finished building: default.size.stdout
 
Finished building: SideLine_CM4.list
 
