18:13:36 **** Clean-only build of configuration Default for project SideLine_CA7 ****
make clean 
Wrapper for /home/joseph/st/stm32cubeide_1.4.0/plugins/com.st.stm32cube.ide.mpu.linux.toolchain_1.4.0.202007081209/tools/bin/make
+ case "$command" in
+ exec make clean
rm -f cortex-A7.elf main_cortex-A7.o src/aes_tiny.o src/aes_openssl.o wolfcrypt/src/integer.o wolfcrypt/src/sp_arm32.o wolfcrypt/src/aes.o wolfcrypt/src/rsa.o wolfcrypt/src/misc.o wolfcrypt/src/hmac.o wolfcrypt/src/sha.o wolfcrypt/src/sp_int.o wolfcrypt/src/sp_cortexm.o wolfcrypt/src/sha256.o wolfcrypt/src/md5.o wolfcrypt/src/hash.o wolfcrypt/src/sp_dsp32.o wolfcrypt/src/sp_c64.o wolfcrypt/src/tfm.o wolfcrypt/src/memory.o wolfcrypt/src/random.o
18:13:40 **** Build of configuration Default for project SideLine_CA7 ****
make all 
Wrapper for /home/joseph/st/stm32cubeide_1.4.0/plugins/com.st.stm32cube.ide.mpu.linux.toolchain_1.4.0.202007081209/tools/bin/make
+ case "$command" in
+ exec make all
arm-openstlinux_weston-linux-gnueabi-gcc  -march=armv7ve -mthumb -mfpu=neon-vfpv4 -mfloat-abi=hard -mcpu=cortex-a7 --sysroot=/home/joseph/STM32_workspace/STM32MP15-Ecosystem-v1.1.0/Developer-Package/SDK/sysroots/cortexa7t2hf-neon-vfpv4-openstlinux_weston-linux-gnueabi  -O2 -pipe -g -feliminate-unused-debug-types  -Iinc  -I/home/joseph/Documents/SideLine_STM32MP/CortexA7_code -lm   -c -o main_cortex-A7.o main_cortex-A7.c
main_cortex-A7.c: In function ‘main’:
main_cortex-A7.c:226:17: warning: assignment to ‘uint32_t’ {aka ‘unsigned int’} from ‘volatile uint32_t *’ {aka ‘volatile unsigned int *’} makes integer from pointer without a cast [-Wint-conversion]
     v_base_addr = &core->control;
                 ^
main_cortex-A7.c:230:21: warning: assignment to ‘uint32_t’ {aka ‘unsigned int’} from ‘volatile uint32_t *’ {aka ‘volatile unsigned int *’} makes integer from pointer without a cast [-Wint-conversion]
     v_ddr_base_addr = &core->control;
                     ^
arm-openstlinux_weston-linux-gnueabi-gcc  -march=armv7ve -mthumb -mfpu=neon-vfpv4 -mfloat-abi=hard -mcpu=cortex-a7 --sysroot=/home/joseph/STM32_workspace/STM32MP15-Ecosystem-v1.1.0/Developer-Package/SDK/sysroots/cortexa7t2hf-neon-vfpv4-openstlinux_weston-linux-gnueabi  -O2 -pipe -g -feliminate-unused-debug-types  -Iinc  -I/home/joseph/Documents/SideLine_STM32MP/CortexA7_code -lm   -c -o src/aes_tiny.o src/aes_tiny.c
arm-openstlinux_weston-linux-gnueabi-gcc  -march=armv7ve -mthumb -mfpu=neon-vfpv4 -mfloat-abi=hard -mcpu=cortex-a7 --sysroot=/home/joseph/STM32_workspace/STM32MP15-Ecosystem-v1.1.0/Developer-Package/SDK/sysroots/cortexa7t2hf-neon-vfpv4-openstlinux_weston-linux-gnueabi  -O2 -pipe -g -feliminate-unused-debug-types  -Iinc  -I/home/joseph/Documents/SideLine_STM32MP/CortexA7_code -lm   -c -o src/aes_openssl.o src/aes_openssl.c
arm-openstlinux_weston-linux-gnueabi-gcc  -march=armv7ve -mthumb -mfpu=neon-vfpv4 -mfloat-abi=hard -mcpu=cortex-a7 --sysroot=/home/joseph/STM32_workspace/STM32MP15-Ecosystem-v1.1.0/Developer-Package/SDK/sysroots/cortexa7t2hf-neon-vfpv4-openstlinux_weston-linux-gnueabi  -O2 -pipe -g -feliminate-unused-debug-types  -Iinc  -I/home/joseph/Documents/SideLine_STM32MP/CortexA7_code -lm   -c -o wolfcrypt/src/integer.o wolfcrypt/src/integer.c
arm-openstlinux_weston-linux-gnueabi-gcc  -march=armv7ve -mthumb -mfpu=neon-vfpv4 -mfloat-abi=hard -mcpu=cortex-a7 --sysroot=/home/joseph/STM32_workspace/STM32MP15-Ecosystem-v1.1.0/Developer-Package/SDK/sysroots/cortexa7t2hf-neon-vfpv4-openstlinux_weston-linux-gnueabi  -O2 -pipe -g -feliminate-unused-debug-types  -Iinc  -I/home/joseph/Documents/SideLine_STM32MP/CortexA7_code -lm   -c -o wolfcrypt/src/sp_arm32.o wolfcrypt/src/sp_arm32.c
arm-openstlinux_weston-linux-gnueabi-gcc  -march=armv7ve -mthumb -mfpu=neon-vfpv4 -mfloat-abi=hard -mcpu=cortex-a7 --sysroot=/home/joseph/STM32_workspace/STM32MP15-Ecosystem-v1.1.0/Developer-Package/SDK/sysroots/cortexa7t2hf-neon-vfpv4-openstlinux_weston-linux-gnueabi  -O2 -pipe -g -feliminate-unused-debug-types  -Iinc  -I/home/joseph/Documents/SideLine_STM32MP/CortexA7_code -lm   -c -o wolfcrypt/src/aes.o wolfcrypt/src/aes.c
arm-openstlinux_weston-linux-gnueabi-gcc  -march=armv7ve -mthumb -mfpu=neon-vfpv4 -mfloat-abi=hard -mcpu=cortex-a7 --sysroot=/home/joseph/STM32_workspace/STM32MP15-Ecosystem-v1.1.0/Developer-Package/SDK/sysroots/cortexa7t2hf-neon-vfpv4-openstlinux_weston-linux-gnueabi  -O2 -pipe -g -feliminate-unused-debug-types  -Iinc  -I/home/joseph/Documents/SideLine_STM32MP/CortexA7_code -lm   -c -o wolfcrypt/src/rsa.o wolfcrypt/src/rsa.c
In file included from /home/joseph/Documents/SideLine_STM32MP/CortexA7_code/wolfssl/wolfcrypt/error-crypt.h:29,
                 from wolfcrypt/src/rsa.c:28:
wolfcrypt/src/rsa.c: In function ‘RsaPrivateDecryptEx’:
/home/joseph/Documents/SideLine_STM32MP/CortexA7_code/wolfssl/wolfcrypt/types.h:219:34: warning: attribute ‘fallthrough’ not preceding a case label or default label
             #define FALL_THROUGH __attribute__ ((fallthrough));
                                  ^~~~~~~~~~~~~
wolfcrypt/src/rsa.c:2798:9: note: in expansion of macro ‘FALL_THROUGH’
         FALL_THROUGH;
         ^~~~~~~~~~~~
arm-openstlinux_weston-linux-gnueabi-gcc  -march=armv7ve -mthumb -mfpu=neon-vfpv4 -mfloat-abi=hard -mcpu=cortex-a7 --sysroot=/home/joseph/STM32_workspace/STM32MP15-Ecosystem-v1.1.0/Developer-Package/SDK/sysroots/cortexa7t2hf-neon-vfpv4-openstlinux_weston-linux-gnueabi  -O2 -pipe -g -feliminate-unused-debug-types  -Iinc  -I/home/joseph/Documents/SideLine_STM32MP/CortexA7_code -lm   -c -o wolfcrypt/src/misc.o wolfcrypt/src/misc.c
wolfcrypt/src/misc.c:50:10: warning: #warning misc.c does not need to be compiled when using inline (NO_INLINE not defined) [-Wcpp]
         #warning misc.c does not need to be compiled when using inline (NO_INLINE not defined)
          ^~~~~~~
arm-openstlinux_weston-linux-gnueabi-gcc  -march=armv7ve -mthumb -mfpu=neon-vfpv4 -mfloat-abi=hard -mcpu=cortex-a7 --sysroot=/home/joseph/STM32_workspace/STM32MP15-Ecosystem-v1.1.0/Developer-Package/SDK/sysroots/cortexa7t2hf-neon-vfpv4-openstlinux_weston-linux-gnueabi  -O2 -pipe -g -feliminate-unused-debug-types  -Iinc  -I/home/joseph/Documents/SideLine_STM32MP/CortexA7_code -lm   -c -o wolfcrypt/src/hmac.o wolfcrypt/src/hmac.c
arm-openstlinux_weston-linux-gnueabi-gcc  -march=armv7ve -mthumb -mfpu=neon-vfpv4 -mfloat-abi=hard -mcpu=cortex-a7 --sysroot=/home/joseph/STM32_workspace/STM32MP15-Ecosystem-v1.1.0/Developer-Package/SDK/sysroots/cortexa7t2hf-neon-vfpv4-openstlinux_weston-linux-gnueabi  -O2 -pipe -g -feliminate-unused-debug-types  -Iinc  -I/home/joseph/Documents/SideLine_STM32MP/CortexA7_code -lm   -c -o wolfcrypt/src/sha.o wolfcrypt/src/sha.c
arm-openstlinux_weston-linux-gnueabi-gcc  -march=armv7ve -mthumb -mfpu=neon-vfpv4 -mfloat-abi=hard -mcpu=cortex-a7 --sysroot=/home/joseph/STM32_workspace/STM32MP15-Ecosystem-v1.1.0/Developer-Package/SDK/sysroots/cortexa7t2hf-neon-vfpv4-openstlinux_weston-linux-gnueabi  -O2 -pipe -g -feliminate-unused-debug-types  -Iinc  -I/home/joseph/Documents/SideLine_STM32MP/CortexA7_code -lm   -c -o wolfcrypt/src/sp_int.o wolfcrypt/src/sp_int.c
arm-openstlinux_weston-linux-gnueabi-gcc  -march=armv7ve -mthumb -mfpu=neon-vfpv4 -mfloat-abi=hard -mcpu=cortex-a7 --sysroot=/home/joseph/STM32_workspace/STM32MP15-Ecosystem-v1.1.0/Developer-Package/SDK/sysroots/cortexa7t2hf-neon-vfpv4-openstlinux_weston-linux-gnueabi  -O2 -pipe -g -feliminate-unused-debug-types  -Iinc  -I/home/joseph/Documents/SideLine_STM32MP/CortexA7_code -lm   -c -o wolfcrypt/src/sp_cortexm.o wolfcrypt/src/sp_cortexm.c
arm-openstlinux_weston-linux-gnueabi-gcc  -march=armv7ve -mthumb -mfpu=neon-vfpv4 -mfloat-abi=hard -mcpu=cortex-a7 --sysroot=/home/joseph/STM32_workspace/STM32MP15-Ecosystem-v1.1.0/Developer-Package/SDK/sysroots/cortexa7t2hf-neon-vfpv4-openstlinux_weston-linux-gnueabi  -O2 -pipe -g -feliminate-unused-debug-types  -Iinc  -I/home/joseph/Documents/SideLine_STM32MP/CortexA7_code -lm   -c -o wolfcrypt/src/sha256.o wolfcrypt/src/sha256.c
arm-openstlinux_weston-linux-gnueabi-gcc  -march=armv7ve -mthumb -mfpu=neon-vfpv4 -mfloat-abi=hard -mcpu=cortex-a7 --sysroot=/home/joseph/STM32_workspace/STM32MP15-Ecosystem-v1.1.0/Developer-Package/SDK/sysroots/cortexa7t2hf-neon-vfpv4-openstlinux_weston-linux-gnueabi  -O2 -pipe -g -feliminate-unused-debug-types  -Iinc  -I/home/joseph/Documents/SideLine_STM32MP/CortexA7_code -lm   -c -o wolfcrypt/src/md5.o wolfcrypt/src/md5.c
arm-openstlinux_weston-linux-gnueabi-gcc  -march=armv7ve -mthumb -mfpu=neon-vfpv4 -mfloat-abi=hard -mcpu=cortex-a7 --sysroot=/home/joseph/STM32_workspace/STM32MP15-Ecosystem-v1.1.0/Developer-Package/SDK/sysroots/cortexa7t2hf-neon-vfpv4-openstlinux_weston-linux-gnueabi  -O2 -pipe -g -feliminate-unused-debug-types  -Iinc  -I/home/joseph/Documents/SideLine_STM32MP/CortexA7_code -lm   -c -o wolfcrypt/src/hash.o wolfcrypt/src/hash.c
arm-openstlinux_weston-linux-gnueabi-gcc  -march=armv7ve -mthumb -mfpu=neon-vfpv4 -mfloat-abi=hard -mcpu=cortex-a7 --sysroot=/home/joseph/STM32_workspace/STM32MP15-Ecosystem-v1.1.0/Developer-Package/SDK/sysroots/cortexa7t2hf-neon-vfpv4-openstlinux_weston-linux-gnueabi  -O2 -pipe -g -feliminate-unused-debug-types  -Iinc  -I/home/joseph/Documents/SideLine_STM32MP/CortexA7_code -lm   -c -o wolfcrypt/src/sp_dsp32.o wolfcrypt/src/sp_dsp32.c
arm-openstlinux_weston-linux-gnueabi-gcc  -march=armv7ve -mthumb -mfpu=neon-vfpv4 -mfloat-abi=hard -mcpu=cortex-a7 --sysroot=/home/joseph/STM32_workspace/STM32MP15-Ecosystem-v1.1.0/Developer-Package/SDK/sysroots/cortexa7t2hf-neon-vfpv4-openstlinux_weston-linux-gnueabi  -O2 -pipe -g -feliminate-unused-debug-types  -Iinc  -I/home/joseph/Documents/SideLine_STM32MP/CortexA7_code -lm   -c -o wolfcrypt/src/sp_c64.o wolfcrypt/src/sp_c64.c
arm-openstlinux_weston-linux-gnueabi-gcc  -march=armv7ve -mthumb -mfpu=neon-vfpv4 -mfloat-abi=hard -mcpu=cortex-a7 --sysroot=/home/joseph/STM32_workspace/STM32MP15-Ecosystem-v1.1.0/Developer-Package/SDK/sysroots/cortexa7t2hf-neon-vfpv4-openstlinux_weston-linux-gnueabi  -O2 -pipe -g -feliminate-unused-debug-types  -Iinc  -I/home/joseph/Documents/SideLine_STM32MP/CortexA7_code -lm   -c -o wolfcrypt/src/tfm.o wolfcrypt/src/tfm.c
arm-openstlinux_weston-linux-gnueabi-gcc  -march=armv7ve -mthumb -mfpu=neon-vfpv4 -mfloat-abi=hard -mcpu=cortex-a7 --sysroot=/home/joseph/STM32_workspace/STM32MP15-Ecosystem-v1.1.0/Developer-Package/SDK/sysroots/cortexa7t2hf-neon-vfpv4-openstlinux_weston-linux-gnueabi  -O2 -pipe -g -feliminate-unused-debug-types  -Iinc  -I/home/joseph/Documents/SideLine_STM32MP/CortexA7_code -lm   -c -o wolfcrypt/src/memory.o wolfcrypt/src/memory.c
arm-openstlinux_weston-linux-gnueabi-gcc  -march=armv7ve -mthumb -mfpu=neon-vfpv4 -mfloat-abi=hard -mcpu=cortex-a7 --sysroot=/home/joseph/STM32_workspace/STM32MP15-Ecosystem-v1.1.0/Developer-Package/SDK/sysroots/cortexa7t2hf-neon-vfpv4-openstlinux_weston-linux-gnueabi  -O2 -pipe -g -feliminate-unused-debug-types  -Iinc  -I/home/joseph/Documents/SideLine_STM32MP/CortexA7_code -lm   -c -o wolfcrypt/src/random.o wolfcrypt/src/random.c
arm-openstlinux_weston-linux-gnueabi-gcc  -march=armv7ve -mthumb -mfpu=neon-vfpv4 -mfloat-abi=hard -mcpu=cortex-a7 --sysroot=/home/joseph/STM32_workspace/STM32MP15-Ecosystem-v1.1.0/Developer-Package/SDK/sysroots/cortexa7t2hf-neon-vfpv4-openstlinux_weston-linux-gnueabi -o cortex-A7.elf main_cortex-A7.o src/aes_tiny.o src/aes_openssl.o wolfcrypt/src/integer.o wolfcrypt/src/sp_arm32.o wolfcrypt/src/aes.o wolfcrypt/src/rsa.o wolfcrypt/src/misc.o wolfcrypt/src/hmac.o wolfcrypt/src/sha.o wolfcrypt/src/sp_int.o wolfcrypt/src/sp_cortexm.o wolfcrypt/src/sha256.o wolfcrypt/src/md5.o wolfcrypt/src/hash.o wolfcrypt/src/sp_dsp32.o wolfcrypt/src/sp_c64.o wolfcrypt/src/tfm.o wolfcrypt/src/memory.o wolfcrypt/src/random.o  -O2 -pipe -g -feliminate-unused-debug-types  -Iinc  -I/home/joseph/Documents/SideLine_STM32MP/CortexA7_code -lm -Wl,-O1 -Wl,--hash-style=gnu -Wl,--as-needed 
18:13:44 **** Incremental Build of configuration Debug for project SideLine_CM4 ****
make -j8 all 
arm-none-eabi-size   SideLine_CM4.elf 
   text	   data	    bss	    dec	    hex	filename
  65596	   2564	  14272	  82432	  14200	SideLine_CM4.elf
Finished building: default.size.stdout
 
