18:27:15 **** Incremental Build of configuration Debug for project SideLine_CM4 ****
make -j8 all 
arm-none-eabi-gcc "../Core/Src/main.c" -mcpu=cortex-m4 -g3 -DUSE_HAL_DRIVER -DSTM32 -DSTM32MP1 -DSTM32MP15xx -DSTM32MP157CACx -DSTM32MP15xx_DISCO -DSTM32MP157C_DK2 -DDEBUG -DSTM32MP157Cxx -DCORE_CM4 -c -I"/home/joseph/Documents/SideLine_STM32MP/CortexM4_code/SideLine/CM4/OpenSSL/inc" -I"/home/joseph/Documents/SideLine_STM32MP/CortexM4_code/SideLine/CM4/Core/Inc" -I../../Drivers/STM32MP1xx_HAL_Driver/Inc -I"/home/joseph/Documents/SideLine_STM32MP/CortexM4_code/SideLine/Drivers/BSP/STM32MP15xx_DISCO" -I../../Drivers/CMSIS/Device/ST/STM32MP1xx/Include -I../../Drivers/CMSIS/Include -O0 -ffunction-sections -fdata-sections -Wall -fmessage-length=0 -fstack-usage -MMD -MP -MF"Core/Src/main.d" -MT"Core/Src/main.o"  -mfpu=fpv4-sp-d16 -mfloat-abi=hard -mthumb -o "Core/Src/main.o"
../Core/Src/main.c: In function 'Force_Variability':
../Core/Src/main.c:592:8: warning: variable 'lastVar' set but not used [-Wunused-but-set-variable]
  float BestVar = 10.0; //minimum best var to beat !
        ^~~~~~~
arm-none-eabi-gcc -o "SideLine_CM4.elf" @"objects.list"   -mcpu=cortex-m4 -T"/home/joseph/Documents/SideLine_STM32MP/CortexM4_code/SideLine/CM4/STM32MP157CACX_RAM.ld" --specs=nosys.specs -Wl,-Map="SideLine_CM4.map" -Wl,--gc-sections -static  -mfpu=fpv4-sp-d16 -mfloat-abi=hard -mthumb -u _printf_float -Wl,--start-group -lc -lm -Wl,--end-group
Finished building target: SideLine_CM4.elf
 
arm-none-eabi-objdump -h -S  SideLine_CM4.elf  > "SideLine_CM4.list"
arm-none-eabi-size   SideLine_CM4.elf 
   text	   data	    bss	    dec	    hex	filename
  61444	   2516	  13872	  77832	  13008	SideLine_CM4.elf
Finished building: default.size.stdout
 
Finished building: SideLine_CM4.list
 

18:27:15 Build Finished. 0 errors, 1 warnings. (took 623ms)

