stm32mp1xx_hal_rcc.c:180:19:HAL_RCC_DeInit	16	static
stm32mp1xx_hal_rcc.c:477:26:HAL_RCC_OscConfig	24	static
stm32mp1xx_hal_rcc.c:819:19:HAL_RCC_HSEConfig	24	static
stm32mp1xx_hal_rcc.c:897:19:HAL_RCC_LSEConfig	24	static
stm32mp1xx_hal_rcc.c:954:19:RCC_PLL1_Config	24	static
stm32mp1xx_hal_rcc.c:1152:19:HAL_RCC_ClockConfig	24	static
stm32mp1xx_hal_rcc.c:1299:19:RCC_MPUConfig	24	static
stm32mp1xx_hal_rcc.c:1386:19:RCC_AXISSConfig	24	static
stm32mp1xx_hal_rcc.c:1483:19:RCC_MCUConfig	24	static
stm32mp1xx_hal_rcc.c:1631:6:HAL_RCC_MCOConfig	24	static
stm32mp1xx_hal_rcc.c:1680:6:HAL_RCC_EnableHSECSS	4	static
stm32mp1xx_hal_rcc.c:1692:6:HAL_RCC_GetOscConfig	16	static
stm32mp1xx_hal_rcc.c:1945:6:HAL_RCC_GetClockConfig	16	static
stm32mp1xx_hal_rcc.c:1985:13:HAL_RCC_GetPLL1ClockFreq	40	static
stm32mp1xx_hal_rcc.c:2043:13:HAL_RCC_GetPLL2ClockFreq	40	static
stm32mp1xx_hal_rcc.c:2100:13:HAL_RCC_GetPLL3ClockFreq	40	static
stm32mp1xx_hal_rcc.c:2159:13:HAL_RCC_GetPLL4ClockFreq	40	static
stm32mp1xx_hal_rcc.c:2207:10:HAL_RCC_GetPCLK1Freq	16	static
stm32mp1xx_hal_rcc.c:2228:10:HAL_RCC_GetPCLK2Freq	16	static
stm32mp1xx_hal_rcc.c:2248:10:HAL_RCC_GetPCLK3Freq	16	static
stm32mp1xx_hal_rcc.c:2268:10:HAL_RCC_GetPCLK4Freq	16	static
stm32mp1xx_hal_rcc.c:2288:10:HAL_RCC_GetPCLK5Freq	16	static
stm32mp1xx_hal_rcc.c:2308:10:HAL_RCC_GetACLKFreq	16	static
stm32mp1xx_hal_rcc.c:2329:10:HAL_RCC_GetHCLK5Freq	8	static
stm32mp1xx_hal_rcc.c:2340:10:HAL_RCC_GetHCLK6Freq	8	static
stm32mp1xx_hal_rcc.c:2351:10:HAL_RCC_GetHCLK1Freq	8	static
stm32mp1xx_hal_rcc.c:2362:10:HAL_RCC_GetHCLK2Freq	8	static
stm32mp1xx_hal_rcc.c:2373:10:HAL_RCC_GetHCLK3Freq	8	static
stm32mp1xx_hal_rcc.c:2384:10:HAL_RCC_GetHCLK4Freq	8	static
stm32mp1xx_hal_rcc.c:2395:10:HAL_RCC_GetMLHCLKFreq	8	static
stm32mp1xx_hal_rcc.c:2407:10:HAL_RCC_GetMCUFreq	16	static
stm32mp1xx_hal_rcc.c:2428:10:HAL_RCC_GetFCLKFreq	8	static
stm32mp1xx_hal_rcc.c:2439:10:RCC_GetCKPERFreq	16	static
stm32mp1xx_hal_rcc.c:2478:10:HAL_RCC_GetSystemCoreClockFreq	8	static
stm32mp1xx_hal_rcc.c:2487:10:HAL_RCC_GetMPUSSFreq	32	static
stm32mp1xx_hal_rcc.c:2537:10:HAL_RCC_GetAXISSFreq	24	static
stm32mp1xx_hal_rcc.c:2573:10:HAL_RCC_GetMCUSSFreq	24	static
stm32mp1xx_hal_rcc.c:2609:6:HAL_RCC_IRQHandler	16	static
stm32mp1xx_hal_rcc.c:2642:13:HAL_RCC_Callback	16	static
stm32mp1xx_hal_rcc.c:2658:6:HAL_RCC_WAKEUP_IRQHandler	8	static
stm32mp1xx_hal_rcc.c:2676:13:HAL_RCC_WAKEUP_Callback	4	static
