stm32mp1xx_hal_uart.c:303:19:HAL_UART_Init	16	static
stm32mp1xx_hal_uart.c:376:19:HAL_HalfDuplex_Init	16	static
stm32mp1xx_hal_uart.c:449:19:HAL_LIN_Init	16	static
stm32mp1xx_hal_uart.c:546:19:HAL_MultiProcessor_Init	24	static
stm32mp1xx_hal_uart.c:620:19:HAL_UART_DeInit	16	static
stm32mp1xx_hal_uart.c:665:13:HAL_UART_MspInit	16	static
stm32mp1xx_hal_uart.c:680:13:HAL_UART_MspDeInit	16	static
stm32mp1xx_hal_uart.c:1039:19:HAL_UART_Transmit	48	static
stm32mp1xx_hal_uart.c:1128:19:HAL_UART_Receive	48	static
stm32mp1xx_hal_uart.c:1213:19:HAL_UART_Transmit_IT	24	static
stm32mp1xx_hal_uart.c:1287:19:HAL_UART_Receive_IT	24	static
stm32mp1xx_hal_uart.c:1368:19:HAL_UART_Transmit_DMA	40	static
stm32mp1xx_hal_uart.c:1471:19:HAL_UART_Receive_DMA	40	static
stm32mp1xx_hal_uart.c:1569:19:HAL_UART_DMAPause	24	static
stm32mp1xx_hal_uart.c:1603:19:HAL_UART_DMAResume	16	static
stm32mp1xx_hal_uart.c:1635:19:HAL_UART_DMAStop	24	static
stm32mp1xx_hal_uart.c:1742:19:HAL_UART_Abort	16	static
stm32mp1xx_hal_uart.c:1875:19:HAL_UART_AbortTransmit	16	static
stm32mp1xx_hal_uart.c:1953:19:HAL_UART_AbortReceive	16	static
stm32mp1xx_hal_uart.c:2033:19:HAL_UART_Abort_IT	24	static
stm32mp1xx_hal_uart.c:2244:19:HAL_UART_AbortTransmit_IT	16	static
stm32mp1xx_hal_uart.c:2350:19:HAL_UART_AbortReceive_IT	16	static
stm32mp1xx_hal_uart.c:2450:6:HAL_UART_IRQHandler	40	static
stm32mp1xx_hal_uart.c:2698:13:HAL_UART_TxCpltCallback	16	static
stm32mp1xx_hal_uart.c:2713:13:HAL_UART_TxHalfCpltCallback	16	static
stm32mp1xx_hal_uart.c:2728:13:HAL_UART_RxCpltCallback	16	static
stm32mp1xx_hal_uart.c:2743:13:HAL_UART_RxHalfCpltCallback	16	static
stm32mp1xx_hal_uart.c:2758:13:HAL_UART_ErrorCallback	16	static
stm32mp1xx_hal_uart.c:2773:13:HAL_UART_AbortCpltCallback	16	static
stm32mp1xx_hal_uart.c:2788:13:HAL_UART_AbortTransmitCpltCallback	16	static
stm32mp1xx_hal_uart.c:2803:13:HAL_UART_AbortReceiveCpltCallback	16	static
stm32mp1xx_hal_uart.c:2850:6:HAL_UART_ReceiverTimeout_Config	16	static
stm32mp1xx_hal_uart.c:2862:19:HAL_UART_EnableReceiverTimeout	16	static
stm32mp1xx_hal_uart.c:2893:19:HAL_UART_DisableReceiverTimeout	16	static
stm32mp1xx_hal_uart.c:2924:19:HAL_MultiProcessor_EnableMuteMode	16	static
stm32mp1xx_hal_uart.c:2944:19:HAL_MultiProcessor_DisableMuteMode	16	static
stm32mp1xx_hal_uart.c:2964:6:HAL_MultiProcessor_EnterMuteMode	16	static
stm32mp1xx_hal_uart.c:2974:19:HAL_HalfDuplex_EnableTransmitter	16	static
stm32mp1xx_hal_uart.c:2997:19:HAL_HalfDuplex_EnableReceiver	16	static
stm32mp1xx_hal_uart.c:3021:19:HAL_LIN_SendBreak	16	static
stm32mp1xx_hal_uart.c:3066:23:HAL_UART_GetState	24	static
stm32mp1xx_hal_uart.c:3082:10:HAL_UART_GetError	16	static
stm32mp1xx_hal_uart.c:3127:19:UART_SetConfig	64	static
stm32mp1xx_hal_uart.c:3300:6:UART_AdvFeatureConfig	16	static
stm32mp1xx_hal_uart.c:3374:19:UART_CheckIdleState	32	static
stm32mp1xx_hal_uart.c:3424:19:UART_WaitOnFlagUntilTimeout	24	static
stm32mp1xx_hal_uart.c:3479:13:UART_EndTxTransfer	16	static
stm32mp1xx_hal_uart.c:3495:13:UART_EndRxTransfer	16	static
stm32mp1xx_hal_uart.c:3514:13:UART_DMATransmitCplt	24	static
stm32mp1xx_hal_uart.c:3548:13:UART_DMATxHalfCplt	24	static
stm32mp1xx_hal_uart.c:3566:13:UART_DMAReceiveCplt	24	static
stm32mp1xx_hal_uart.c:3601:13:UART_DMARxHalfCplt	24	static
stm32mp1xx_hal_uart.c:3619:13:UART_DMAError	32	static
stm32mp1xx_hal_uart.c:3659:13:UART_DMAAbortOnError	24	static
stm32mp1xx_hal_uart.c:3682:13:UART_DMATxAbortCallback	24	static
stm32mp1xx_hal_uart.c:3736:13:UART_DMARxAbortCallback	24	static
stm32mp1xx_hal_uart.c:3787:13:UART_DMATxOnlyAbortCallback	24	static
stm32mp1xx_hal_uart.c:3820:13:UART_DMARxOnlyAbortCallback	24	static
stm32mp1xx_hal_uart.c:3851:13:UART_MDMATransmitCplt	24	static
stm32mp1xx_hal_uart.c:3878:13:UART_MDMAReceiveCplt	24	static
stm32mp1xx_hal_uart.c:3910:13:UART_MDMAError	24	static
stm32mp1xx_hal_uart.c:3946:13:UART_MDMAAbortOnError	24	static
stm32mp1xx_hal_uart.c:3969:13:UART_MDMATxAbortCallback	24	static
stm32mp1xx_hal_uart.c:4016:13:UART_MDMARxAbortCallback	24	static
stm32mp1xx_hal_uart.c:4064:13:UART_MDMATxOnlyAbortCallback	24	static
stm32mp1xx_hal_uart.c:4091:13:UART_MDMARxOnlyAbortCallback	24	static
stm32mp1xx_hal_uart.c:4121:13:UART_TxISR_8BIT	16	static
stm32mp1xx_hal_uart.c:4150:13:UART_TxISR_16BIT	24	static
stm32mp1xx_hal_uart.c:4182:13:UART_TxISR_8BIT_FIFOEN	24	static
stm32mp1xx_hal_uart.c:4222:13:UART_TxISR_16BIT_FIFOEN	24	static
stm32mp1xx_hal_uart.c:4263:13:UART_EndTransmit_IT	16	static
stm32mp1xx_hal_uart.c:4288:13:UART_RxISR_8BIT	24	static
stm32mp1xx_hal_uart.c:4338:13:UART_RxISR_16BIT	24	static
stm32mp1xx_hal_uart.c:4390:13:UART_RxISR_8BIT_FIFOEN	24	static
stm32mp1xx_hal_uart.c:4462:13:UART_RxISR_16BIT_FIFOEN	32	static
