stm32mp1xx_hal_mdma.c:219:19:HAL_MDMA_Init	24	static
stm32mp1xx_hal_mdma.c:302:19:HAL_MDMA_DeInit	16	static
stm32mp1xx_hal_mdma.c:365:19:HAL_MDMA_ConfigPostRequestMask	32	static
stm32mp1xx_hal_mdma.c:423:19:HAL_MDMA_RegisterCallback	32	static
stm32mp1xx_hal_mdma.c:488:19:HAL_MDMA_UnRegisterCallback	24	static
stm32mp1xx_hal_mdma.c:581:19:HAL_MDMA_LinkedList_CreateNode	56	static,ignoring_inline_asm
stm32mp1xx_hal_mdma.c:721:19:HAL_MDMA_LinkedList_AddNode	48	static
stm32mp1xx_hal_mdma.c:888:19:HAL_MDMA_LinkedList_RemoveNode	32	static
stm32mp1xx_hal_mdma.c:1027:19:HAL_MDMA_Start	32	static
stm32mp1xx_hal_mdma.c:1089:19:HAL_MDMA_Start_IT	32	static
stm32mp1xx_hal_mdma.c:1172:19:HAL_MDMA_Abort	24	static
stm32mp1xx_hal_mdma.c:1237:19:HAL_MDMA_Abort_IT	16	static
stm32mp1xx_hal_mdma.c:1270:19:HAL_MDMA_PollForTransfer	40	static
stm32mp1xx_hal_mdma.c:1412:19:HAL_MDMA_GenerateSWRequest	16	static
stm32mp1xx_hal_mdma.c:1447:6:HAL_MDMA_IRQHandler	32	static
stm32mp1xx_hal_mdma.c:1669:23:HAL_MDMA_GetState	16	static
stm32mp1xx_hal_mdma.c:1680:10:HAL_MDMA_GetError	16	static
stm32mp1xx_hal_mdma.c:1707:13:MDMA_SetConfig	40	static,ignoring_inline_asm
stm32mp1xx_hal_mdma.c:1753:13:MDMA_Init	40	static,ignoring_inline_asm
stm32mp1xx_hal_mdma.c:1822:14:HAL_MDMA_MspInit	16	static
stm32mp1xx_hal_mdma.c:1834:14:HAL_MDMA_MspDeInit	16	static
