stm32mp1xx_hal.c:153:19:HAL_Init	8	static
stm32mp1xx_hal.c:181:19:HAL_DeInit	8	static
stm32mp1xx_hal.c:197:13:HAL_MspInit	4	static
stm32mp1xx_hal.c:208:13:HAL_MspDeInit	4	static
stm32mp1xx_hal.c:231:26:HAL_InitTick	16	static
stm32mp1xx_hal.c:348:13:HAL_IncTick	4	static
stm32mp1xx_hal.c:359:17:HAL_GetTick	4	static
stm32mp1xx_hal.c:388:10:HAL_GetTickPrio	4	static
stm32mp1xx_hal.c:397:19:HAL_SetTickFreq	24	static
stm32mp1xx_hal.c:428:21:HAL_GetTickFreq	4	static
stm32mp1xx_hal.c:445:13:HAL_Delay	24	static
stm32mp1xx_hal.c:471:13:HAL_SuspendTick	4	static
stm32mp1xx_hal.c:490:13:HAL_ResumeTick	4	static
stm32mp1xx_hal.c:503:10:HAL_GetHalVersion	4	static
stm32mp1xx_hal.c:512:10:HAL_GetREVID	4	static
stm32mp1xx_hal.c:521:10:HAL_GetDEVID	4	static
stm32mp1xx_hal.c:530:6:HAL_EnableDBGWakeUp	4	static
stm32mp1xx_hal.c:543:6:HAL_DisableDBGWakeUp	4	static
stm32mp1xx_hal.c:556:6:HAL_EnableDBGSleepMode	4	static
stm32mp1xx_hal.c:565:6:HAL_DisableDBGSleepMode	4	static
stm32mp1xx_hal.c:574:6:HAL_EnableDBGStopMode	4	static
stm32mp1xx_hal.c:583:6:HAL_DisableDBGStopMode	4	static
stm32mp1xx_hal.c:592:6:HAL_EnableDBGStandbyMode	4	static
stm32mp1xx_hal.c:601:6:HAL_DisableDBGStandbyMode	4	static
stm32mp1xx_hal.c:621:6:HAL_SYSCFG_VREFBUF_VoltageScalingConfig	16	static
stm32mp1xx_hal.c:637:6:HAL_SYSCFG_VREFBUF_HighImpedanceConfig	16	static
stm32mp1xx_hal.c:649:6:HAL_SYSCFG_VREFBUF_TrimmingConfig	16	static
stm32mp1xx_hal.c:661:19:HAL_SYSCFG_EnableVREFBUF	16	static
stm32mp1xx_hal.c:687:6:HAL_SYSCFG_DisableVREFBUF	4	static
stm32mp1xx_hal.c:702:6:HAL_SYSCFG_ETHInterfaceSelect	16	static
stm32mp1xx_hal.c:725:6:HAL_SYSCFG_AnalogSwitchConfig	16	static
stm32mp1xx_hal.c:744:6:HAL_SYSCFG_EnableBOOST	4	static
stm32mp1xx_hal.c:756:6:HAL_SYSCFG_DisableBOOST	4	static
stm32mp1xx_hal.c:768:6:HAL_EnableCompensationCell	4	static
stm32mp1xx_hal.c:783:6:HAL_DisableCompensationCell	4	static
stm32mp1xx_hal.c:807:6:HAL_SYSCFG_EnableIOSpeedOptimize	16	static
stm32mp1xx_hal.c:826:6:HAL_SYSCFG_DisableIOSpeedOptimize	16	static
stm32mp1xx_hal.c:839:6:HAL_SYSCFG_CompensationCodeSelect	16	static
stm32mp1xx_hal.c:856:6:HAL_SYSCFG_CompensationCodeConfig	16	static
stm32mp1xx_hal.c:869:6:HAL_SYSCFG_DisableIOCompensation	16	static
stm32mp1xx_hal.c:901:19:HAL_SYSCFG_EnableIOCompensation	16	static
