stm32mp1xx_hal_pwr_ex.c:171:19:HAL_PWREx_EnableBkUpReg	16	static
stm32mp1xx_hal_pwr_ex.c:200:19:HAL_PWREx_DisableBkUpReg	16	static
stm32mp1xx_hal_pwr_ex.c:228:19:HAL_PWREx_EnableRetReg	16	static
stm32mp1xx_hal_pwr_ex.c:257:19:HAL_PWREx_DisableRetReg	16	static
stm32mp1xx_hal_pwr_ex.c:283:19:HAL_PWREx_Enable1V1Reg	16	static
stm32mp1xx_hal_pwr_ex.c:310:19:HAL_PWREx_Disable1V1Reg	16	static
stm32mp1xx_hal_pwr_ex.c:336:19:HAL_PWREx_Enable1V8Reg	16	static
stm32mp1xx_hal_pwr_ex.c:362:19:HAL_PWREx_Disable1V8Reg	16	static
stm32mp1xx_hal_pwr_ex.c:388:19:HAL_PWREx_EnableUSBVoltageDetector	16	static
stm32mp1xx_hal_pwr_ex.c:413:19:HAL_PWREx_DisableUSBVoltageDetector	16	static
stm32mp1xx_hal_pwr_ex.c:444:6:HAL_PWREx_EnableBatteryCharging	16	static
stm32mp1xx_hal_pwr_ex.c:460:6:HAL_PWREx_DisableBatteryCharging	4	static
stm32mp1xx_hal_pwr_ex.c:474:6:HAL_PWREx_EnableMonitoring	4	static
stm32mp1xx_hal_pwr_ex.c:487:6:HAL_PWREx_DisableMonitoring	4	static
stm32mp1xx_hal_pwr_ex.c:497:10:HAL_PWREx_GetTemperatureLevel	16	static
stm32mp1xx_hal_pwr_ex.c:527:10:HAL_PWREx_GetVBATLevel	16	static
stm32mp1xx_hal_pwr_ex.c:561:6:HAL_PWREx_ConfigAVD	16	static
stm32mp1xx_hal_pwr_ex.c:598:6:HAL_PWREx_EnableAVD	4	static
stm32mp1xx_hal_pwr_ex.c:608:6:HAL_PWREx_DisableAVD	4	static
stm32mp1xx_hal_pwr_ex.c:620:6:HAL_PWREx_PVD_AVD_IRQHandler	8	static
stm32mp1xx_hal_pwr_ex.c:644:13:HAL_PWREx_AVDCallback	4	static
stm32mp1xx_hal_pwr_ex.c:652:6:HAL_PWREx_WAKEUP_PIN_IRQHandler	8	static
stm32mp1xx_hal_pwr_ex.c:716:13:HAL_PWREx_WKUP1_Callback	4	static
stm32mp1xx_hal_pwr_ex.c:727:13:HAL_PWREx_WKUP2_Callback	4	static
stm32mp1xx_hal_pwr_ex.c:738:13:HAL_PWREx_WKUP3_Callback	4	static
stm32mp1xx_hal_pwr_ex.c:749:13:HAL_PWREx_WKUP4_Callback	4	static
stm32mp1xx_hal_pwr_ex.c:760:13:HAL_PWREx_WKUP5_Callback	4	static
stm32mp1xx_hal_pwr_ex.c:771:13:HAL_PWREx_WKUP6_Callback	4	static
