stm32mp15xx_disco.c:146:10:BSP_GetVersion	4	static
stm32mp15xx_disco.c:163:9:BSP_LED_Init	40	static
stm32mp15xx_disco.c:212:9:BSP_LED_DeInit	40	static
stm32mp15xx_disco.c:236:9:BSP_LED_On	24	static
stm32mp15xx_disco.c:259:9:BSP_LED_Off	24	static
stm32mp15xx_disco.c:283:9:BSP_LED_Toggle	24	static
stm32mp15xx_disco.c:301:9:BSP_LED_GetState	24	static
stm32mp15xx_disco.c:330:9:BSP_PB_Init	40	static
stm32mp15xx_disco.c:414:9:BSP_PB_DeInit	40	static
stm32mp15xx_disco.c:461:10:BSP_PB_GetState	16	static
stm32mp15xx_disco.c:471:6:BSP_PB_WAKEUP_EXTI_LINE_0_IRQHandler	8	static
stm32mp15xx_disco.c:480:6:BSP_PB_USER_EXTI_LINE_14_IRQHandler	8	static
stm32mp15xx_disco.c:489:6:BSP_PB_USER2_EXTI_LINE_13_IRQHandler	8	static
stm32mp15xx_disco.c:749:13:BUTTON_WAKEUP_EXTI_Callback	8	static
stm32mp15xx_disco.c:758:13:BUTTON_USER_EXTI_Callback	8	static
stm32mp15xx_disco.c:767:13:BUTTON_USER2_EXTI_Callback	8	static
stm32mp15xx_disco.c:777:13:BSP_PB_Callback	16	static
